Archive member included to satisfy reference by file (symbol)

c:/progra~1/raspbe~1/picosd~1.1/gcc-ar~1/bin/../lib/gcc/arm-none-eabi/10.3.1/thumb/v6-m/nofp\libgcc.a(_dvmd_tls.o)
                              HW13IMU/CMakeFiles/HW13IMU.dir/C_/Program_Files/Raspberry_Pi/Pico_SDK_v1.5.1/pico-sdk/src/rp2_common/pico_divider/divider.S.obj (__aeabi_idiv0)
c:/progra~1/raspbe~1/picosd~1.1/gcc-ar~1/bin/../lib/gcc/arm-none-eabi/10.3.1/../../../../arm-none-eabi/lib/thumb/v6-m/nofp\libg.a(lib_a-calloc.o)
                              HW13IMU/CMakeFiles/HW13IMU.dir/C_/Program_Files/Raspberry_Pi/Pico_SDK_v1.5.1/pico-sdk/src/rp2_common/pico_malloc/pico_malloc.c.obj (calloc)
c:/progra~1/raspbe~1/picosd~1.1/gcc-ar~1/bin/../lib/gcc/arm-none-eabi/10.3.1/../../../../arm-none-eabi/lib/thumb/v6-m/nofp\libg.a(lib_a-callocr.o)
                              c:/progra~1/raspbe~1/picosd~1.1/gcc-ar~1/bin/../lib/gcc/arm-none-eabi/10.3.1/../../../../arm-none-eabi/lib/thumb/v6-m/nofp\libg.a(lib_a-calloc.o) (_calloc_r)
c:/progra~1/raspbe~1/picosd~1.1/gcc-ar~1/bin/../lib/gcc/arm-none-eabi/10.3.1/../../../../arm-none-eabi/lib/thumb/v6-m/nofp\libg.a(lib_a-errno.o)
                              c:/progra~1/raspbe~1/picosd~1.1/gcc-ar~1/bin/../lib/gcc/arm-none-eabi/10.3.1/../../../../arm-none-eabi/lib/thumb/v6-m/nofp\libg.a(lib_a-callocr.o) (__errno)
c:/progra~1/raspbe~1/picosd~1.1/gcc-ar~1/bin/../lib/gcc/arm-none-eabi/10.3.1/../../../../arm-none-eabi/lib/thumb/v6-m/nofp\libg.a(lib_a-impure.o)
                              c:/progra~1/raspbe~1/picosd~1.1/gcc-ar~1/bin/../lib/gcc/arm-none-eabi/10.3.1/../../../../arm-none-eabi/lib/thumb/v6-m/nofp\libg.a(lib_a-calloc.o) (_impure_ptr)
c:/progra~1/raspbe~1/picosd~1.1/gcc-ar~1/bin/../lib/gcc/arm-none-eabi/10.3.1/../../../../arm-none-eabi/lib/thumb/v6-m/nofp\libg.a(lib_a-init.o)
                              c:/progra~1/raspbe~1/picosd~1.1/gcc-ar~1/bin/../lib/gcc/arm-none-eabi/10.3.1/../../../../arm-none-eabi/lib/thumb/v6-m/nofp/crt0.o (__libc_init_array)
c:/progra~1/raspbe~1/picosd~1.1/gcc-ar~1/bin/../lib/gcc/arm-none-eabi/10.3.1/../../../../arm-none-eabi/lib/thumb/v6-m/nofp\libg.a(lib_a-malloc.o)
                              HW13IMU/CMakeFiles/HW13IMU.dir/C_/Program_Files/Raspberry_Pi/Pico_SDK_v1.5.1/pico-sdk/src/rp2_common/pico_malloc/pico_malloc.c.obj (malloc)
c:/progra~1/raspbe~1/picosd~1.1/gcc-ar~1/bin/../lib/gcc/arm-none-eabi/10.3.1/../../../../arm-none-eabi/lib/thumb/v6-m/nofp\libg.a(lib_a-mallocr.o)
                              c:/progra~1/raspbe~1/picosd~1.1/gcc-ar~1/bin/../lib/gcc/arm-none-eabi/10.3.1/../../../../arm-none-eabi/lib/thumb/v6-m/nofp\libg.a(lib_a-callocr.o) (_malloc_r)
c:/progra~1/raspbe~1/picosd~1.1/gcc-ar~1/bin/../lib/gcc/arm-none-eabi/10.3.1/../../../../arm-none-eabi/lib/thumb/v6-m/nofp\libg.a(lib_a-mlock.o)
                              c:/progra~1/raspbe~1/picosd~1.1/gcc-ar~1/bin/../lib/gcc/arm-none-eabi/10.3.1/../../../../arm-none-eabi/lib/thumb/v6-m/nofp\libg.a(lib_a-mallocr.o) (__malloc_lock)
c:/progra~1/raspbe~1/picosd~1.1/gcc-ar~1/bin/../lib/gcc/arm-none-eabi/10.3.1/../../../../arm-none-eabi/lib/thumb/v6-m/nofp\libg.a(lib_a-realloc.o)
                              HW13IMU/CMakeFiles/HW13IMU.dir/C_/Program_Files/Raspberry_Pi/Pico_SDK_v1.5.1/pico-sdk/src/rp2_common/pico_malloc/pico_malloc.c.obj (realloc)
c:/progra~1/raspbe~1/picosd~1.1/gcc-ar~1/bin/../lib/gcc/arm-none-eabi/10.3.1/../../../../arm-none-eabi/lib/thumb/v6-m/nofp\libg.a(lib_a-reallocr.o)
                              c:/progra~1/raspbe~1/picosd~1.1/gcc-ar~1/bin/../lib/gcc/arm-none-eabi/10.3.1/../../../../arm-none-eabi/lib/thumb/v6-m/nofp\libg.a(lib_a-realloc.o) (_realloc_r)
c:/progra~1/raspbe~1/picosd~1.1/gcc-ar~1/bin/../lib/gcc/arm-none-eabi/10.3.1/../../../../arm-none-eabi/lib/thumb/v6-m/nofp\libg.a(lib_a-sbrkr.o)
                              c:/progra~1/raspbe~1/picosd~1.1/gcc-ar~1/bin/../lib/gcc/arm-none-eabi/10.3.1/../../../../arm-none-eabi/lib/thumb/v6-m/nofp\libg.a(lib_a-mallocr.o) (_sbrk_r)
c:/progra~1/raspbe~1/picosd~1.1/gcc-ar~1/bin/../lib/gcc/arm-none-eabi/10.3.1/../../../../arm-none-eabi/lib/thumb/v6-m/nofp\libg.a(lib_a-strlen-stub.o)
                              HW13IMU/CMakeFiles/HW13IMU.dir/C_/Program_Files/Raspberry_Pi/Pico_SDK_v1.5.1/pico-sdk/src/rp2_common/pico_stdio/stdio.c.obj (strlen)
c:/progra~1/raspbe~1/picosd~1.1/gcc-ar~1/bin/../lib/gcc/arm-none-eabi/10.3.1/../../../../arm-none-eabi/lib/thumb/v6-m/nofp\libg.a(lib_a-freer.o)
                              c:/progra~1/raspbe~1/picosd~1.1/gcc-ar~1/bin/../lib/gcc/arm-none-eabi/10.3.1/../../../../arm-none-eabi/lib/thumb/v6-m/nofp\libg.a(lib_a-malloc.o) (_free_r)
c:/progra~1/raspbe~1/picosd~1.1/gcc-ar~1/bin/../lib/gcc/arm-none-eabi/10.3.1/../../../../arm-none-eabi/lib/thumb/v6-m/nofp\libg.a(lib_a-lock.o)
                              c:/progra~1/raspbe~1/picosd~1.1/gcc-ar~1/bin/../lib/gcc/arm-none-eabi/10.3.1/../../../../arm-none-eabi/lib/thumb/v6-m/nofp\libg.a(lib_a-mlock.o) (__retarget_lock_acquire_recursive)
[...]
Memory Configuration

Name             Origin             Length             Attributes
FLASH            0x10000000         0x00200000         xr
RAM              0x20000000         0x00040000         xrw
SCRATCH_X        0x20040000         0x00001000         xrw
SCRATCH_Y        0x20041000         0x00001000         xrw
*default*        0x00000000         0xffffffff

Linker script and memory map

LOAD c:/progra~1/raspbe~1/picosd~1.1/gcc-ar~1/bin/../lib/gcc/arm-none-eabi/10.3.1/thumb/v6-m/nofp/crti.o
LOAD c:/progra~1/raspbe~1/picosd~1.1/gcc-ar~1/bin/../lib/gcc/arm-none-eabi/10.3.1/thumb/v6-m/nofp/crtbegin.o
LOAD c:/progra~1/raspbe~1/picosd~1.1/gcc-ar~1/bin/../lib/gcc/arm-none-eabi/10.3.1/../../../../arm-none-eabi/lib/thumb/v6-m/nofp/crt0.o

.flash_begin    0x10000000        0x0
                0x10000000                __flash_binary_start = .

.boot2          0x10000000      0x100
                0x10000000                __boot2_start__ = .
 *(.boot2)
 .boot2         0x10000000      0x100 C:\Users\alext\AppData\Local\Temp\ccA5dqRb.o
                0x10000100                __boot2_end__ = .
                0x00000001                ASSERT (((__boot2_end__ - __boot2_start__) == 0x100), ERROR: Pico second stage bootloader must be 256 bytes in size)

.text           0x10000100     0x7418
                0x10000100                __logical_binary_start = .
 *(.vectors)
 .vectors       0x10000100       0xd4 HW13IMU/CMakeFiles/HW13IMU.dir/C_/Program_Files/Raspberry_Pi/Pico_SDK_v1.5.1/pico-sdk/src/rp2_common/pico_standard_link/crt0.S.obj
                0x10000100                __VECTOR_TABLE
                0x10000100                __vectors
                0x100001c0                isr_invalid
                0x100001c0                __default_isrs_start
                0x100001c2                isr_nmi
                0x100001c4                isr_hardfault
                0x100001c6                isr_svcall
                0x100001c8                isr_pendsv
                0x100001ca                isr_systick
                0x100001cc                isr_irq23
                0x100001cc                isr_irq18
                0x100001cc                isr_irq11
                0x100001cc                isr_irq28
                0x100001cc                isr_irq19
                0x100001cc                isr_irq0
                0x100001cc                isr_irq6
                0x100001cc                isr_irq5
                0x100001cc                isr_irq12
                0x100001cc                isr_irq22
                0x100001cc                isr_irq31
                0x100001cc                isr_irq17
                0x100001cc                isr_irq27
                0x100001cc                isr_irq30
                0x100001cc                isr_irq2
                0x100001cc                isr_irq10
                0x100001cc                isr_irq8
                0x100001cc                isr_irq24
                0x100001cc                isr_irq1
                0x100001cc                isr_irq7
                0x100001cc                isr_irq21
                0x100001cc                isr_irq20
                0x100001cc                isr_irq15
                0x100001cc                isr_irq25
                0x100001cc                isr_irq13
                0x100001cc                __unhandled_user_irq
                0x100001cc                isr_irq4
                0x100001cc                isr_irq16
                0x100001cc                isr_irq29
                0x100001cc                isr_irq26
                0x100001cc                __default_isrs_end
                0x100001cc                isr_irq3
                0x100001cc                isr_irq14
                0x100001cc                isr_irq9
                0x100001d2                unhandled_user_irq_num_in_r0
 *(.binary_info_header)
 .binary_info_header
                0x100001d4       0x14 HW13IMU/CMakeFiles/HW13IMU.dir/C_/Program_Files/Raspberry_Pi/Pico_SDK_v1.5.1/pico-sdk/src/rp2_common/pico_standard_link/crt0.S.obj
                0x100001e8                __binary_info_header_end = .
 *(.reset)
 .reset         0x100001e8       0xa0 HW13IMU/CMakeFiles/HW13IMU.dir/C_/Program_Files/Raspberry_Pi/Pico_SDK_v1.5.1/pico-sdk/src/rp2_common/pico_standard_link/crt0.S.obj
                0x100001e8                _entry_point
 .reset         0x10000288       0x30 HW13IMU/CMakeFiles/HW13IMU.dir/C_/Program_Files/Raspberry_Pi/Pico_SDK_v1.5.1/pico-sdk/src/rp2_common/pico_standard_link/binary_info.c.obj
 *(.init)
 .init          0x100002b8        0x4 c:/progra~1/raspbe~1/picosd~1.1/gcc-ar~1/bin/../lib/gcc/arm-none-eabi/10.3.1/thumb/v6-m/nofp/crti.o
                0x100002b8                _init
 *(EXCLUDE_FILE(*libm.a: *libc.a:*lib_a-mem*.o *libgcc.a:) .text*)
 .text          0x100002bc       0x48 c:/progra~1/raspbe~1/picosd~1.1/gcc-ar~1/bin/../lib/gcc/arm-none-eabi/10.3.1/thumb/v6-m/nofp/crtbegin.o
 .text.read_byte
                0x10000304       0x38 HW13IMU/CMakeFiles/HW13IMU.dir/I2C_MPU60502.c.obj
                0x10000304                read_byte
 .text.write_byte
                0x1000033c       0x34 HW13IMU/CMakeFiles/HW13IMU.dir/I2C_MPU60502.c.obj
                0x1000033c                write_byte
 .text.mpu6050_init
                0x10000370       0x98 HW13IMU/CMakeFiles/HW13IMU.dir/I2C_MPU60502.c.obj
                0x10000370                mpu6050_init
 .text.read_burst_data
                0x10000408       0x54 HW13IMU/CMakeFiles/HW13IMU.dir/I2C_MPU60502.c.obj
                0x10000408                read_burst_data
 .text.combine_bytes
                0x1000045c        0x8 HW13IMU/CMakeFiles/HW13IMU.dir/I2C_MPU60502.c.obj
                0x1000045c                combine_bytes
 .text.read_and_print_sensor_data
                0x10000464      0x18c HW13IMU/CMakeFiles/HW13IMU.dir/I2C_MPU60502.c.obj
                0x10000464                read_and_print_sensor_data
 .text.main     0x100005f0       0x64 HW13IMU/CMakeFiles/HW13IMU.dir/I2C_MPU60502.c.obj
                0x100005f0                main
 .text.gpio_set_function
                0x10000654       0x30 HW13IMU/CMakeFiles/HW13IMU.dir/C_/Program_Files/Raspberry_Pi/Pico_SDK_v1.5.1/pico-sdk/src/rp2_common/hardware_gpio/gpio.c.obj
                0x10000654                gpio_set_function
 .text.gpio_init
                0x10000684       0x16 HW13IMU/CMakeFiles/HW13IMU.dir/C_/Program_Files/Raspberry_Pi/Pico_SDK_v1.5.1/pico-sdk/src/rp2_common/hardware_gpio/gpio.c.obj
                0x10000684                gpio_init
 *fill*         0x1000069a        0x2 
 .text.running_on_fpga
                0x1000069c       0x14 HW13IMU/CMakeFiles/HW13IMU.dir/C_/Program_Files/Raspberry_Pi/Pico_SDK_v1.5.1/pico-sdk/src/rp2_common/pico_platform/platform.c.obj
                0x1000069c                running_on_fpga
 .text.hw_claim_lock
                0x100006b0       0x18 HW13IMU/CMakeFiles/HW13IMU.dir/C_/Program_Files/Raspberry_Pi/Pico_SDK_v1.5.1/pico-sdk/src/rp2_common/hardware_claim/claim.c.obj
                0x100006b0                hw_claim_lock
 .text.hw_claim_unlock
                0x100006c8       0x14 HW13IMU/CMakeFiles/HW13IMU.dir/C_/Program_Files/Raspberry_Pi/Pico_SDK_v1.5.1/pico-sdk/src/rp2_common/hardware_claim/claim.c.obj
                0x100006c8                hw_claim_unlock
 .text.hw_claim_or_assert
                0x100006dc       0x32 HW13IMU/CMakeFiles/HW13IMU.dir/C_/Program_Files/Raspberry_Pi/Pico_SDK_v1.5.1/pico-sdk/src/rp2_common/hardware_claim/claim.c.obj
                0x100006dc                hw_claim_or_assert
 .text.hw_claim_unused_from_range
                0x1000070e       0x50 HW13IMU/CMakeFiles/HW13IMU.dir/C_/Program_Files/Raspberry_Pi/Pico_SDK_v1.5.1/pico-sdk/src/rp2_common/hardware_claim/claim.c.obj
                0x1000070e                hw_claim_unused_from_range
 *fill*         0x1000075e        0x2 
 .text.spin_locks_reset
                0x10000760       0x20 HW13IMU/CMakeFiles/HW13IMU.dir/C_/Program_Files/Raspberry_Pi/Pico_SDK_v1.5.1/pico-sdk/src/rp2_common/hardware_sync/sync.c.obj
                0x10000760                spin_locks_reset
 .text.next_striped_spin_lock_num
                0x10000780       0x1c HW13IMU/CMakeFiles/HW13IMU.dir/C_/Program_Files/Raspberry_Pi/Pico_SDK_v1.5.1/pico-sdk/src/rp2_common/hardware_sync/sync.c.obj
                0x10000780                next_striped_spin_lock_num
 .text.spin_lock_claim_unused
                0x1000079c       0x20 HW13IMU/CMakeFiles/HW13IMU.dir/C_/Program_Files/Raspberry_Pi/Pico_SDK_v1.5.1/pico-sdk/src/rp2_common/hardware_sync/sync.c.obj
                0x1000079c                spin_lock_claim_unused
 .text.set_raw_irq_handler_and_unlock
                0x100007bc       0x28 HW13IMU/CMakeFiles/HW13IMU.dir/C_/Program_Files/Raspberry_Pi/Pico_SDK_v1.5.1/pico-sdk/src/rp2_common/hardware_irq/irq.c.obj
 .text.make_branch
                0x100007e4       0x48 HW13IMU/CMakeFiles/HW13IMU.dir/C_/Program_Files/Raspberry_Pi/Pico_SDK_v1.5.1/pico-sdk/src/rp2_common/hardware_irq/irq.c.obj
 .text.insert_branch_and_link
                0x1000082c       0x40 HW13IMU/CMakeFiles/HW13IMU.dir/C_/Program_Files/Raspberry_Pi/Pico_SDK_v1.5.1/pico-sdk/src/rp2_common/hardware_irq/irq.c.obj
 .text.irq_is_enabled
                0x1000086c       0x18 HW13IMU/CMakeFiles/HW13IMU.dir/C_/Program_Files/Raspberry_Pi/Pico_SDK_v1.5.1/pico-sdk/src/rp2_common/hardware_irq/irq.c.obj
                0x1000086c                irq_is_enabled
 .text.irq_set_mask_enabled
                0x10000884       0x20 HW13IMU/CMakeFiles/HW13IMU.dir/C_/Program_Files/Raspberry_Pi/Pico_SDK_v1.5.1/pico-sdk/src/rp2_common/hardware_irq/irq.c.obj
                0x10000884                irq_set_mask_enabled
 .text.irq_set_enabled
                0x100008a4        0xe HW13IMU/CMakeFiles/HW13IMU.dir/C_/Program_Files/Raspberry_Pi/Pico_SDK_v1.5.1/pico-sdk/src/rp2_common/hardware_irq/irq.c.obj
                0x100008a4                irq_set_enabled
 *fill*         0x100008b2        0x2 
 .text.irq_set_pending
                0x100008b4       0x10 HW13IMU/CMakeFiles/HW13IMU.dir/C_/Program_Files/Raspberry_Pi/Pico_SDK_v1.5.1/pico-sdk/src/rp2_common/hardware_irq/irq.c.obj
                0x100008b4                irq_set_pending
 .text.irq_get_vtable_handler
                0x100008c4       0x10 HW13IMU/CMakeFiles/HW13IMU.dir/C_/Program_Files/Raspberry_Pi/Pico_SDK_v1.5.1/pico-sdk/src/rp2_common/hardware_irq/irq.c.obj
                0x100008c4                irq_get_vtable_handler
 .text.irq_has_shared_handler
                0x100008d4       0x24 HW13IMU/CMakeFiles/HW13IMU.dir/C_/Program_Files/Raspberry_Pi/Pico_SDK_v1.5.1/pico-sdk/src/rp2_common/hardware_irq/irq.c.obj
                0x100008d4                irq_has_shared_handler
 .text.irq_set_exclusive_handler
                0x100008f8       0x54 HW13IMU/CMakeFiles/HW13IMU.dir/C_/Program_Files/Raspberry_Pi/Pico_SDK_v1.5.1/pico-sdk/src/rp2_common/hardware_irq/irq.c.obj
                0x100008f8                irq_set_exclusive_handler
 .text.irq_add_shared_handler
                0x1000094c      0x234 HW13IMU/CMakeFiles/HW13IMU.dir/C_/Program_Files/Raspberry_Pi/Pico_SDK_v1.5.1/pico-sdk/src/rp2_common/hardware_irq/irq.c.obj
                0x1000094c                irq_add_shared_handler
 .text.irq_remove_handler
                0x10000b80      0x1ac HW13IMU/CMakeFiles/HW13IMU.dir/C_/Program_Files/Raspberry_Pi/Pico_SDK_v1.5.1/pico-sdk/src/rp2_common/hardware_irq/irq.c.obj
                0x10000b80                irq_remove_handler
 .text.irq_add_tail_to_free_list
                0x10000d2c       0xf0 HW13IMU/CMakeFiles/HW13IMU.dir/C_/Program_Files/Raspberry_Pi/Pico_SDK_v1.5.1/pico-sdk/src/rp2_common/hardware_irq/irq.c.obj
                0x10000d2c                irq_add_tail_to_free_list
 .text.irq_init_priorities
                0x10000e1c       0x1c HW13IMU/CMakeFiles/HW13IMU.dir/C_/Program_Files/Raspberry_Pi/Pico_SDK_v1.5.1/pico-sdk/src/rp2_common/hardware_irq/irq.c.obj
                0x10000e1c                irq_init_priorities
 .text.user_irq_claim_unused
                0x10000e38       0x28 HW13IMU/CMakeFiles/HW13IMU.dir/C_/Program_Files/Raspberry_Pi/Pico_SDK_v1.5.1/pico-sdk/src/rp2_common/hardware_irq/irq.c.obj
                0x10000e38                user_irq_claim_unused
 .text.lock_init
                0x10000e60       0x10 HW13IMU/CMakeFiles/HW13IMU.dir/C_/Program_Files/Raspberry_Pi/Pico_SDK_v1.5.1/pico-sdk/src/common/pico_sync/lock_core.c.obj
                0x10000e60                lock_init
 .text.mutex_init
                0x10000e70       0x1a HW13IMU/CMakeFiles/HW13IMU.dir/C_/Program_Files/Raspberry_Pi/Pico_SDK_v1.5.1/pico-sdk/src/common/pico_sync/mutex.c.obj
                0x10000e70                mutex_init
 .text.recursive_mutex_init
                0x10000e8a       0x1e HW13IMU/CMakeFiles/HW13IMU.dir/C_/Program_Files/Raspberry_Pi/Pico_SDK_v1.5.1/pico-sdk/src/common/pico_sync/mutex.c.obj
                0x10000e8a                recursive_mutex_init
 .text.critical_section_init_with_lock_num
                0x10000ea8       0x14 HW13IMU/CMakeFiles/HW13IMU.dir/C_/Program_Files/Raspberry_Pi/Pico_SDK_v1.5.1/pico-sdk/src/common/pico_sync/critical_section.c.obj
                0x10000ea8                critical_section_init_with_lock_num
 .text.critical_section_init
                0x10000ebc       0x14 HW13IMU/CMakeFiles/HW13IMU.dir/C_/Program_Files/Raspberry_Pi/Pico_SDK_v1.5.1/pico-sdk/src/common/pico_sync/critical_section.c.obj
                0x10000ebc                critical_section_init
 .text.alarm_pool_post_alloc_init
                0x10000ed0       0x40 HW13IMU/CMakeFiles/HW13IMU.dir/C_/Program_Files/Raspberry_Pi/Pico_SDK_v1.5.1/pico-sdk/src/common/pico_time/time.c.obj
 .text.sleep_until_callback
                0x10000f10       0x30 HW13IMU/CMakeFiles/HW13IMU.dir/C_/Program_Files/Raspberry_Pi/Pico_SDK_v1.5.1/pico-sdk/src/common/pico_time/time.c.obj
 .text.timer_pool_entry_comparator
                0x10000f40       0x7c HW13IMU/CMakeFiles/HW13IMU.dir/C_/Program_Files/Raspberry_Pi/Pico_SDK_v1.5.1/pico-sdk/src/common/pico_time/time.c.obj
                0x10000f40                timer_pool_entry_comparator
 .text.ph_add_child_node
                0x10000fbc       0xa4 HW13IMU/CMakeFiles/HW13IMU.dir/C_/Program_Files/Raspberry_Pi/Pico_SDK_v1.5.1/pico-sdk/src/common/pico_time/time.c.obj
 .text.ph_merge_nodes
                0x10001060       0x3e HW13IMU/CMakeFiles/HW13IMU.dir/C_/Program_Files/Raspberry_Pi/Pico_SDK_v1.5.1/pico-sdk/src/common/pico_time/time.c.obj
 *fill*         0x1000109e        0x2 
 .text.add_alarm_under_lock
                0x100010a0      0x174 HW13IMU/CMakeFiles/HW13IMU.dir/C_/Program_Files/Raspberry_Pi/Pico_SDK_v1.5.1/pico-sdk/src/common/pico_time/time.c.obj
 .text.alarm_pool_alarm_callback
                0x10001214      0x33c HW13IMU/CMakeFiles/HW13IMU.dir/C_/Program_Files/Raspberry_Pi/Pico_SDK_v1.5.1/pico-sdk/src/common/pico_time/time.c.obj
 .text.alarm_pool_init_default
                0x10001550       0x40 HW13IMU/CMakeFiles/HW13IMU.dir/C_/Program_Files/Raspberry_Pi/Pico_SDK_v1.5.1/pico-sdk/src/common/pico_time/time.c.obj
                0x10001550                alarm_pool_init_default
 .text.alarm_pool_get_default
                0x10001590       0x2c HW13IMU/CMakeFiles/HW13IMU.dir/C_/Program_Files/Raspberry_Pi/Pico_SDK_v1.5.1/pico-sdk/src/common/pico_time/time.c.obj
                0x10001590                alarm_pool_get_default
 .text.alarm_pool_add_alarm_at
                0x100015bc      0x168 HW13IMU/CMakeFiles/HW13IMU.dir/C_/Program_Files/Raspberry_Pi/Pico_SDK_v1.5.1/pico-sdk/src/common/pico_time/time.c.obj
                0x100015bc                alarm_pool_add_alarm_at
 .text.alarm_pool_cancel_alarm
                0x10001724       0xf8 HW13IMU/CMakeFiles/HW13IMU.dir/C_/Program_Files/Raspberry_Pi/Pico_SDK_v1.5.1/pico-sdk/src/common/pico_time/time.c.obj
                0x10001724                alarm_pool_cancel_alarm
 .text.alarm_pool_core_num
                0x1000181c        0x4 HW13IMU/CMakeFiles/HW13IMU.dir/C_/Program_Files/Raspberry_Pi/Pico_SDK_v1.5.1/pico-sdk/src/common/pico_time/time.c.obj
                0x1000181c                alarm_pool_core_num
 .text.sleep_until
                0x10001820       0xfc HW13IMU/CMakeFiles/HW13IMU.dir/C_/Program_Files/Raspberry_Pi/Pico_SDK_v1.5.1/pico-sdk/src/common/pico_time/time.c.obj
                0x10001820                sleep_until
 .text.sleep_us
                0x1000191c       0x58 HW13IMU/CMakeFiles/HW13IMU.dir/C_/Program_Files/Raspberry_Pi/Pico_SDK_v1.5.1/pico-sdk/src/common/pico_time/time.c.obj
                0x1000191c                sleep_us
 .text.sleep_ms
                0x10001974       0x14 HW13IMU/CMakeFiles/HW13IMU.dir/C_/Program_Files/Raspberry_Pi/Pico_SDK_v1.5.1/pico-sdk/src/common/pico_time/time.c.obj
                0x10001974                sleep_ms
 .text.best_effort_wfe_or_timeout
                0x10001988       0xac HW13IMU/CMakeFiles/HW13IMU.dir/C_/Program_Files/Raspberry_Pi/Pico_SDK_v1.5.1/pico-sdk/src/common/pico_time/time.c.obj
                0x10001988                best_effort_wfe_or_timeout
 .text.hardware_alarm_irq_handler
                0x10001a34       0x90 HW13IMU/CMakeFiles/HW13IMU.dir/C_/Program_Files/Raspberry_Pi/Pico_SDK_v1.5.1/pico-sdk/src/rp2_common/hardware_timer/timer.c.obj
 .text.hardware_alarm_claim
                0x10001ac4       0x18 HW13IMU/CMakeFiles/HW13IMU.dir/C_/Program_Files/Raspberry_Pi/Pico_SDK_v1.5.1/pico-sdk/src/rp2_common/hardware_timer/timer.c.obj
                0x10001ac4                hardware_alarm_claim
 .text.time_us_64
                0x10001adc       0x18 HW13IMU/CMakeFiles/HW13IMU.dir/C_/Program_Files/Raspberry_Pi/Pico_SDK_v1.5.1/pico-sdk/src/rp2_common/hardware_timer/timer.c.obj
                0x10001adc                time_us_64
 .text.busy_wait_until
                0x10001af4       0x28 HW13IMU/CMakeFiles/HW13IMU.dir/C_/Program_Files/Raspberry_Pi/Pico_SDK_v1.5.1/pico-sdk/src/rp2_common/hardware_timer/timer.c.obj
                0x10001af4                busy_wait_until
 .text.hardware_alarm_set_callback
                0x10001b1c       0x90 HW13IMU/CMakeFiles/HW13IMU.dir/C_/Program_Files/Raspberry_Pi/Pico_SDK_v1.5.1/pico-sdk/src/rp2_common/hardware_timer/timer.c.obj
                0x10001b1c                hardware_alarm_set_callback
 .text.hardware_alarm_set_target
                0x10001bac       0xe8 HW13IMU/CMakeFiles/HW13IMU.dir/C_/Program_Files/Raspberry_Pi/Pico_SDK_v1.5.1/pico-sdk/src/rp2_common/hardware_timer/timer.c.obj
                0x10001bac                hardware_alarm_set_target
 .text.hardware_alarm_cancel
                0x10001c94       0x40 HW13IMU/CMakeFiles/HW13IMU.dir/C_/Program_Files/Raspberry_Pi/Pico_SDK_v1.5.1/pico-sdk/src/rp2_common/hardware_timer/timer.c.obj
                0x10001c94                hardware_alarm_cancel
 .text.ph_add_child_node
                0x10001cd4       0xa4 HW13IMU/CMakeFiles/HW13IMU.dir/C_/Program_Files/Raspberry_Pi/Pico_SDK_v1.5.1/pico-sdk/src/common/pico_util/pheap.c.obj
 .text.ph_merge_nodes
                0x10001d78       0x3e HW13IMU/CMakeFiles/HW13IMU.dir/C_/Program_Files/Raspberry_Pi/Pico_SDK_v1.5.1/pico-sdk/src/common/pico_util/pheap.c.obj
 *fill*         0x10001db6        0x2 
 .text.ph_clear
                0x10001db8       0x70 HW13IMU/CMakeFiles/HW13IMU.dir/C_/Program_Files/Raspberry_Pi/Pico_SDK_v1.5.1/pico-sdk/src/common/pico_util/pheap.c.obj
                0x10001db8                ph_clear
 .text.ph_post_alloc_init
                0x10001e28        0xe HW13IMU/CMakeFiles/HW13IMU.dir/C_/Program_Files/Raspberry_Pi/Pico_SDK_v1.5.1/pico-sdk/src/common/pico_util/pheap.c.obj
                0x10001e28                ph_post_alloc_init
 *fill*         0x10001e36        0x2 
 .text.ph_merge_two_pass
                0x10001e38       0xa8 HW13IMU/CMakeFiles/HW13IMU.dir/C_/Program_Files/Raspberry_Pi/Pico_SDK_v1.5.1/pico-sdk/src/common/pico_util/pheap.c.obj
                0x10001e38                ph_merge_two_pass
 .text.ph_remove_any_head
                0x10001ee0      0x128 HW13IMU/CMakeFiles/HW13IMU.dir/C_/Program_Files/Raspberry_Pi/Pico_SDK_v1.5.1/pico-sdk/src/common/pico_util/pheap.c.obj
 .text.ph_remove_head
                0x10002008       0x14 HW13IMU/CMakeFiles/HW13IMU.dir/C_/Program_Files/Raspberry_Pi/Pico_SDK_v1.5.1/pico-sdk/src/common/pico_util/pheap.c.obj
                0x10002008                ph_remove_head
 .text.ph_remove_and_free_node
                0x1000201c       0xf8 HW13IMU/CMakeFiles/HW13IMU.dir/C_/Program_Files/Raspberry_Pi/Pico_SDK_v1.5.1/pico-sdk/src/common/pico_util/pheap.c.obj
                0x1000201c                ph_remove_and_free_node
 .text.clock_configure
                0x10002114      0x108 HW13IMU/CMakeFiles/HW13IMU.dir/C_/Program_Files/Raspberry_Pi/Pico_SDK_v1.5.1/pico-sdk/src/rp2_common/hardware_clocks/clocks.c.obj
                0x10002114                clock_configure
 .text.clocks_init
                0x1000221c      0x100 HW13IMU/CMakeFiles/HW13IMU.dir/C_/Program_Files/Raspberry_Pi/Pico_SDK_v1.5.1/pico-sdk/src/rp2_common/hardware_clocks/clocks.c.obj
                0x1000221c                clocks_init
 .text.clock_get_hz
                0x1000231c        0xc HW13IMU/CMakeFiles/HW13IMU.dir/C_/Program_Files/Raspberry_Pi/Pico_SDK_v1.5.1/pico-sdk/src/rp2_common/hardware_clocks/clocks.c.obj
                0x1000231c                clock_get_hz
 .text.pll_init
                0x10002328      0x120 HW13IMU/CMakeFiles/HW13IMU.dir/C_/Program_Files/Raspberry_Pi/Pico_SDK_v1.5.1/pico-sdk/src/rp2_common/hardware_pll/pll.c.obj
                0x10002328                pll_init
 .text.watchdog_start_tick
                0x10002448       0x10 HW13IMU/CMakeFiles/HW13IMU.dir/C_/Program_Files/Raspberry_Pi/Pico_SDK_v1.5.1/pico-sdk/src/rp2_common/hardware_watchdog/watchdog.c.obj
                0x10002448                watchdog_start_tick
 .text.watchdog_update
                0x10002458       0x14 HW13IMU/CMakeFiles/HW13IMU.dir/C_/Program_Files/Raspberry_Pi/Pico_SDK_v1.5.1/pico-sdk/src/rp2_common/hardware_watchdog/watchdog.c.obj
                0x10002458                watchdog_update
 .text._watchdog_enable
                0x1000246c       0x78 HW13IMU/CMakeFiles/HW13IMU.dir/C_/Program_Files/Raspberry_Pi/Pico_SDK_v1.5.1/pico-sdk/src/rp2_common/hardware_watchdog/watchdog.c.obj
                0x1000246c                _watchdog_enable
 .text.watchdog_reboot
                0x100024e4       0x48 HW13IMU/CMakeFiles/HW13IMU.dir/C_/Program_Files/Raspberry_Pi/Pico_SDK_v1.5.1/pico-sdk/src/rp2_common/hardware_watchdog/watchdog.c.obj
                0x100024e4                watchdog_reboot
 .text.xosc_init
                0x1000252c       0x28 HW13IMU/CMakeFiles/HW13IMU.dir/C_/Program_Files/Raspberry_Pi/Pico_SDK_v1.5.1/pico-sdk/src/rp2_common/hardware_xosc/xosc.c.obj
                0x1000252c                xosc_init
 .text._exit    0x10002554        0x4 HW13IMU/CMakeFiles/HW13IMU.dir/C_/Program_Files/Raspberry_Pi/Pico_SDK_v1.5.1/pico-sdk/src/rp2_common/pico_runtime/runtime.c.obj
                0x10002554                _exit
 .text.exit     0x10002558        0x6 HW13IMU/CMakeFiles/HW13IMU.dir/C_/Program_Files/Raspberry_Pi/Pico_SDK_v1.5.1/pico-sdk/src/rp2_common/pico_runtime/runtime.c.obj
                0x10002558                exit
 *fill*         0x1000255e        0x2 
 .text.__assert_func
                0x10002560       0x3c HW13IMU/CMakeFiles/HW13IMU.dir/C_/Program_Files/Raspberry_Pi/Pico_SDK_v1.5.1/pico-sdk/src/rp2_common/pico_runtime/runtime.c.obj
                0x10002560                __assert_func
 .text.runtime_init
                0x1000259c       0xf8 HW13IMU/CMakeFiles/HW13IMU.dir/C_/Program_Files/Raspberry_Pi/Pico_SDK_v1.5.1/pico-sdk/src/rp2_common/pico_runtime/runtime.c.obj
                0x1000259c                runtime_init
 .text.panic    0x10002694       0x30 HW13IMU/CMakeFiles/HW13IMU.dir/C_/Program_Files/Raspberry_Pi/Pico_SDK_v1.5.1/pico-sdk/src/rp2_common/pico_runtime/runtime.c.obj
                0x10002694                panic
 .text._out_null
                0x100026c4        0x2 HW13IMU/CMakeFiles/HW13IMU.dir/C_/Program_Files/Raspberry_Pi/Pico_SDK_v1.5.1/pico-sdk/src/rp2_common/pico_printf/printf.c.obj
 .text._out_fct
                0x100026c6        0xe HW13IMU/CMakeFiles/HW13IMU.dir/C_/Program_Files/Raspberry_Pi/Pico_SDK_v1.5.1/pico-sdk/src/rp2_common/pico_printf/printf.c.obj
 .text._atoi    0x100026d4       0x24 HW13IMU/CMakeFiles/HW13IMU.dir/C_/Program_Files/Raspberry_Pi/Pico_SDK_v1.5.1/pico-sdk/src/rp2_common/pico_printf/printf.c.obj
 .text._out_rev
                0x100026f8       0xae HW13IMU/CMakeFiles/HW13IMU.dir/C_/Program_Files/Raspberry_Pi/Pico_SDK_v1.5.1/pico-sdk/src/rp2_common/pico_printf/printf.c.obj
 .text._ntoa_format
                0x100027a6      0x112 HW13IMU/CMakeFiles/HW13IMU.dir/C_/Program_Files/Raspberry_Pi/Pico_SDK_v1.5.1/pico-sdk/src/rp2_common/pico_printf/printf.c.obj
 .text._ntoa_long
                0x100028b8       0xbc HW13IMU/CMakeFiles/HW13IMU.dir/C_/Program_Files/Raspberry_Pi/Pico_SDK_v1.5.1/pico-sdk/src/rp2_common/pico_printf/printf.c.obj
 .text._ntoa_long_long
                0x10002974       0xe2 HW13IMU/CMakeFiles/HW13IMU.dir/C_/Program_Files/Raspberry_Pi/Pico_SDK_v1.5.1/pico-sdk/src/rp2_common/pico_printf/printf.c.obj
 *fill*         0x10002a56        0x2 
 .text._etoa    0x10002a58      0x414 HW13IMU/CMakeFiles/HW13IMU.dir/C_/Program_Files/Raspberry_Pi/Pico_SDK_v1.5.1/pico-sdk/src/rp2_common/pico_printf/printf.c.obj
 .text._ftoa    0x10002e6c      0x354 HW13IMU/CMakeFiles/HW13IMU.dir/C_/Program_Files/Raspberry_Pi/Pico_SDK_v1.5.1/pico-sdk/src/rp2_common/pico_printf/printf.c.obj
 .text._vsnprintf
                0x100031c0      0x624 HW13IMU/CMakeFiles/HW13IMU.dir/C_/Program_Files/Raspberry_Pi/Pico_SDK_v1.5.1/pico-sdk/src/rp2_common/pico_printf/printf.c.obj
 .text.vfctprintf
                0x100037e4       0x20 HW13IMU/CMakeFiles/HW13IMU.dir/C_/Program_Files/Raspberry_Pi/Pico_SDK_v1.5.1/pico-sdk/src/rp2_common/pico_printf/printf.c.obj
                0x100037e4                vfctprintf
 .text          0x10003804       0x10 HW13IMU/CMakeFiles/HW13IMU.dir/C_/Program_Files/Raspberry_Pi/Pico_SDK_v1.5.1/pico-sdk/src/rp2_common/pico_bit_ops/bit_ops_aeabi.S.obj
 .text.rom_func_lookup
                0x10003814       0x10 HW13IMU/CMakeFiles/HW13IMU.dir/C_/Program_Files/Raspberry_Pi/Pico_SDK_v1.5.1/pico-sdk/src/rp2_common/pico_bootrom/bootrom.c.obj
                0x10003814                rom_func_lookup
 .text.rom_data_lookup
                0x10003824       0x10 HW13IMU/CMakeFiles/HW13IMU.dir/C_/Program_Files/Raspberry_Pi/Pico_SDK_v1.5.1/pico-sdk/src/rp2_common/pico_bootrom/bootrom.c.obj
                0x10003824                rom_data_lookup
 .text.rom_funcs_lookup
                0x10003834       0x36 HW13IMU/CMakeFiles/HW13IMU.dir/C_/Program_Files/Raspberry_Pi/Pico_SDK_v1.5.1/pico-sdk/src/rp2_common/pico_bootrom/bootrom.c.obj
                0x10003834                rom_funcs_lookup
 *fill*         0x1000386a        0x2 
 .text.__wrap___aeabi_idiv
                0x1000386c       0x50 HW13IMU/CMakeFiles/HW13IMU.dir/C_/Program_Files/Raspberry_Pi/Pico_SDK_v1.5.1/pico-sdk/src/rp2_common/pico_divider/divider.S.obj
                0x1000386c                __wrap___aeabi_idivmod
                0x1000386c                divmod_s32s32
                0x1000386c                div_s32s32
                0x1000386c                __wrap___aeabi_idiv
                0x10003874                divmod_s32s32_unsafe
                0x100038a0                divmod_s32s32_savestate
 .text.__wrap___aeabi_uidiv
                0x100038bc       0x4c HW13IMU/CMakeFiles/HW13IMU.dir/C_/Program_Files/Raspberry_Pi/Pico_SDK_v1.5.1/pico-sdk/src/rp2_common/pico_divider/divider.S.obj
                0x100038bc                __wrap___aeabi_uidiv
                0x100038bc                __wrap___aeabi_uidivmod
                0x100038bc                div_u32u32
                0x100038bc                divmod_u32u32
                0x100038c4                divmod_u32u32_unsafe
                0x100038ec                divmod_u32u32_savestate
 .text.__wrap___aeabi_ldiv
                0x10003908      0x424 HW13IMU/CMakeFiles/HW13IMU.dir/C_/Program_Files/Raspberry_Pi/Pico_SDK_v1.5.1/pico-sdk/src/rp2_common/pico_divider/divider.S.obj
                0x10003908                div_s64s64
                0x10003908                divmod_s64s64
                0x10003908                __wrap___aeabi_ldivmod
                0x10003938                divmod_u64u64
                0x10003938                div_u64u64
                0x10003938                __wrap___aeabi_uldivmod
                0x10003948                divmod_u64u64_savestate
                0x10003968                divmod_s64s64_unsafe
                0x100039f0                divmod_u64u64_unsafe
 .text.__wrap___aeabi_darithmetic
                0x10003d2c       0x80 HW13IMU/CMakeFiles/HW13IMU.dir/C_/Program_Files/Raspberry_Pi/Pico_SDK_v1.5.1/pico-sdk/src/rp2_common/pico_double/double_aeabi.S.obj
                0x10003d2c                __wrap___aeabi_drsub
                0x10003d32                __wrap___aeabi_dsub
                0x10003d44                __wrap___aeabi_dadd
                0x10003d56                __wrap___aeabi_ddiv
                0x10003d92                __wrap___aeabi_dmul
 .text.__wrap___aeabi_cdcmple
                0x10003dac       0x6c HW13IMU/CMakeFiles/HW13IMU.dir/C_/Program_Files/Raspberry_Pi/Pico_SDK_v1.5.1/pico-sdk/src/rp2_common/pico_double/double_aeabi.S.obj
                0x10003dac                __wrap___aeabi_cdrcmple
                0x10003dbc                __wrap___aeabi_cdcmpeq
                0x10003dbc                __wrap___aeabi_cdcmple
 .text.__wrap___aeabi_dcmplt
                0x10003e18        0xc HW13IMU/CMakeFiles/HW13IMU.dir/C_/Program_Files/Raspberry_Pi/Pico_SDK_v1.5.1/pico-sdk/src/rp2_common/pico_double/double_aeabi.S.obj
                0x10003e18                __wrap___aeabi_dcmplt
 .text.__wrap___aeabi_dcmple
                0x10003e24       0x10 HW13IMU/CMakeFiles/HW13IMU.dir/C_/Program_Files/Raspberry_Pi/Pico_SDK_v1.5.1/pico-sdk/src/rp2_common/pico_double/double_aeabi.S.obj
                0x10003e24                __wrap___aeabi_dcmple
 .text.__wrap___aeabi_dcmpge
                0x10003e34       0x10 HW13IMU/CMakeFiles/HW13IMU.dir/C_/Program_Files/Raspberry_Pi/Pico_SDK_v1.5.1/pico-sdk/src/rp2_common/pico_double/double_aeabi.S.obj
                0x10003e34                __wrap___aeabi_dcmpge
 .text.__wrap___aeabi_dcmpgt
                0x10003e44        0xa HW13IMU/CMakeFiles/HW13IMU.dir/C_/Program_Files/Raspberry_Pi/Pico_SDK_v1.5.1/pico-sdk/src/rp2_common/pico_double/double_aeabi.S.obj
                0x10003e44                __wrap___aeabi_dcmpgt
 .text.__wrap___aeabi_dcmpun
                0x10003e4e       0x1c HW13IMU/CMakeFiles/HW13IMU.dir/C_/Program_Files/Raspberry_Pi/Pico_SDK_v1.5.1/pico-sdk/src/rp2_common/pico_double/double_aeabi.S.obj
                0x10003e4e                __wrap___aeabi_dcmpun
 *fill*         0x10003e6a        0x2 
 .text.__wrap___aeabi_i2d
                0x10003e6c       0x38 HW13IMU/CMakeFiles/HW13IMU.dir/C_/Program_Files/Raspberry_Pi/Pico_SDK_v1.5.1/pico-sdk/src/rp2_common/pico_double/double_aeabi.S.obj
                0x10003e6c                __wrap___aeabi_ui2d
                0x10003e74                __wrap___aeabi_i2d
 .text.__wrap___aeabi_d2iz
                0x10003ea4       0x48 HW13IMU/CMakeFiles/HW13IMU.dir/C_/Program_Files/Raspberry_Pi/Pico_SDK_v1.5.1/pico-sdk/src/rp2_common/pico_double/double_aeabi.S.obj
                0x10003ea4                double2int_z
                0x10003ea4                __wrap___aeabi_d2iz
 .text.__wrap___aeabi_d2uiz
                0x10003eec       0x18 HW13IMU/CMakeFiles/HW13IMU.dir/C_/Program_Files/Raspberry_Pi/Pico_SDK_v1.5.1/pico-sdk/src/rp2_common/pico_double/double_aeabi.S.obj
                0x10003eec                __wrap___aeabi_d2uiz
                0x10003eec                double2uint
 .text.__wrap___aeabi_d2f
                0x10003f04       0x18 HW13IMU/CMakeFiles/HW13IMU.dir/C_/Program_Files/Raspberry_Pi/Pico_SDK_v1.5.1/pico-sdk/src/rp2_common/pico_double/double_aeabi.S.obj
                0x10003f04                __wrap___aeabi_d2f
 .text.__aeabi_double_init
                0x10003f1c       0xc8 HW13IMU/CMakeFiles/HW13IMU.dir/C_/Program_Files/Raspberry_Pi/Pico_SDK_v1.5.1/pico-sdk/src/rp2_common/pico_double/double_init_rom.c.obj
                0x10003f1c                __aeabi_double_init
 .text.double_table_shim_on_use_helper
                0x10003fe4       0x34 HW13IMU/CMakeFiles/HW13IMU.dir/C_/Program_Files/Raspberry_Pi/Pico_SDK_v1.5.1/pico-sdk/src/rp2_common/pico_double/double_v1_rom_shim.S.obj
                0x10003fe4                double_table_shim_on_use_helper
 .text.__wrap___aeabi_dsub
                0x10004018       0x10 HW13IMU/CMakeFiles/HW13IMU.dir/C_/Program_Files/Raspberry_Pi/Pico_SDK_v1.5.1/pico-sdk/src/rp2_common/pico_double/double_v1_rom_shim.S.obj
                0x10004018                drsub_shim
                0x1000401e                dsub_shim
 .text.dadd_shim
                0x10004028      0x15c HW13IMU/CMakeFiles/HW13IMU.dir/C_/Program_Files/Raspberry_Pi/Pico_SDK_v1.5.1/pico-sdk/src/rp2_common/pico_double/double_v1_rom_shim.S.obj
                0x10004028                dadd_shim
 .text.dmul_shim
                0x10004184      0x15c HW13IMU/CMakeFiles/HW13IMU.dir/C_/Program_Files/Raspberry_Pi/Pico_SDK_v1.5.1/pico-sdk/src/rp2_common/pico_double/double_v1_rom_shim.S.obj
                0x10004184                dmul_shim
 .text.ddiv_shim
                0x100042e0      0x1b0 HW13IMU/CMakeFiles/HW13IMU.dir/C_/Program_Files/Raspberry_Pi/Pico_SDK_v1.5.1/pico-sdk/src/rp2_common/pico_double/double_v1_rom_shim.S.obj
                0x100042e0                ddiv_shim
 .text.double2uint_shim
                0x10004490        0xe HW13IMU/CMakeFiles/HW13IMU.dir/C_/Program_Files/Raspberry_Pi/Pico_SDK_v1.5.1/pico-sdk/src/rp2_common/pico_double/double_v1_rom_shim.S.obj
                0x10004490                double2uint_shim
                0x10004492                double2ufix_shim
 *fill*         0x1000449e        0x2 
 .text.double2uint64_shim
                0x100044a0       0x70 HW13IMU/CMakeFiles/HW13IMU.dir/C_/Program_Files/Raspberry_Pi/Pico_SDK_v1.5.1/pico-sdk/src/rp2_common/pico_double/double_v1_rom_shim.S.obj
                0x100044a0                double2uint64_shim
                0x100044a2                double2ufix64_shim
                0x100044c2                d2fix_a
 .text.double2float_shim
                0x10004510       0x5c HW13IMU/CMakeFiles/HW13IMU.dir/C_/Program_Files/Raspberry_Pi/Pico_SDK_v1.5.1/pico-sdk/src/rp2_common/pico_double/double_v1_rom_shim.S.obj
                0x10004510                double2float_shim
 .text.dunpacks
                0x1000456c       0x3c HW13IMU/CMakeFiles/HW13IMU.dir/C_/Program_Files/Raspberry_Pi/Pico_SDK_v1.5.1/pico-sdk/src/rp2_common/pico_double/double_v1_rom_shim.S.obj
                0x1000456c                dunpacks
 .text.__aeabi_lmul
                0x100045a8       0x32 HW13IMU/CMakeFiles/HW13IMU.dir/C_/Program_Files/Raspberry_Pi/Pico_SDK_v1.5.1/pico-sdk/src/rp2_common/pico_int64_ops/pico_int64_ops_aeabi.S.obj
                0x100045a8                __wrap___aeabi_lmul
 *fill*         0x100045da        0x2 
 .text.__wrap___aeabi_f2d
                0x100045dc       0x14 HW13IMU/CMakeFiles/HW13IMU.dir/C_/Program_Files/Raspberry_Pi/Pico_SDK_v1.5.1/pico-sdk/src/rp2_common/pico_float/float_aeabi.S.obj
                0x100045dc                __wrap___aeabi_f2d
 .text.__aeabi_float_init
                0x100045f0       0xfc HW13IMU/CMakeFiles/HW13IMU.dir/C_/Program_Files/Raspberry_Pi/Pico_SDK_v1.5.1/pico-sdk/src/rp2_common/pico_float/float_init_rom.c.obj
                0x100045f0                __aeabi_float_init
 .text.float_table_shim_on_use_helper
                0x100046ec       0x34 HW13IMU/CMakeFiles/HW13IMU.dir/C_/Program_Files/Raspberry_Pi/Pico_SDK_v1.5.1/pico-sdk/src/rp2_common/pico_float/float_v1_rom_shim.S.obj
                0x100046ec                float_table_shim_on_use_helper
 .text.float2double_shim
                0x10004720       0x30 HW13IMU/CMakeFiles/HW13IMU.dir/C_/Program_Files/Raspberry_Pi/Pico_SDK_v1.5.1/pico-sdk/src/rp2_common/pico_float/float_v1_rom_shim.S.obj
                0x10004720                float2double_shim
 .text          0x10004750       0x10 HW13IMU/CMakeFiles/HW13IMU.dir/C_/Program_Files/Raspberry_Pi/Pico_SDK_v1.5.1/pico-sdk/src/rp2_common/pico_mem_ops/mem_ops_aeabi.S.obj
                0x10004750                __aeabi_mem_init
 .text.memset   0x10004760        0xc HW13IMU/CMakeFiles/HW13IMU.dir/C_/Program_Files/Raspberry_Pi/Pico_SDK_v1.5.1/pico-sdk/src/rp2_common/pico_mem_ops/mem_ops_aeabi.S.obj
                0x10004760                __wrap_memset
 .text.memcpy   0x1000476c        0xc HW13IMU/CMakeFiles/HW13IMU.dir/C_/Program_Files/Raspberry_Pi/Pico_SDK_v1.5.1/pico-sdk/src/rp2_common/pico_mem_ops/mem_ops_aeabi.S.obj
                0x1000476c                __wrap_memcpy
                0x1000476c                __wrap___aeabi_memcpy
 .text.stdio_out_chars_no_crlf
                0x10004778        0xe HW13IMU/CMakeFiles/HW13IMU.dir/C_/Program_Files/Raspberry_Pi/Pico_SDK_v1.5.1/pico-sdk/src/rp2_common/pico_stdio/stdio.c.obj
 *fill*         0x10004786        0x2 
 .text.stdio_out_chars_crlf
                0x10004788       0x80 HW13IMU/CMakeFiles/HW13IMU.dir/C_/Program_Files/Raspberry_Pi/Pico_SDK_v1.5.1/pico-sdk/src/rp2_common/pico_stdio/stdio.c.obj
 .text.stdio_stack_buffer_flush
                0x10004808       0x44 HW13IMU/CMakeFiles/HW13IMU.dir/C_/Program_Files/Raspberry_Pi/Pico_SDK_v1.5.1/pico-sdk/src/rp2_common/pico_stdio/stdio.c.obj
 .text.stdio_buffered_printer
                0x1000484c       0x20 HW13IMU/CMakeFiles/HW13IMU.dir/C_/Program_Files/Raspberry_Pi/Pico_SDK_v1.5.1/pico-sdk/src/rp2_common/pico_stdio/stdio.c.obj
 .text.stdout_serialize_begin
                0x1000486c       0x5c HW13IMU/CMakeFiles/HW13IMU.dir/C_/Program_Files/Raspberry_Pi/Pico_SDK_v1.5.1/pico-sdk/src/rp2_common/pico_stdio/stdio.c.obj
                0x1000486c                stdout_serialize_begin
 .text.stdout_serialize_end
                0x100048c8       0x10 HW13IMU/CMakeFiles/HW13IMU.dir/C_/Program_Files/Raspberry_Pi/Pico_SDK_v1.5.1/pico-sdk/src/rp2_common/pico_stdio/stdio.c.obj
                0x100048c8                stdout_serialize_end
 .text.stdio_put_string
                0x100048d8       0x98 HW13IMU/CMakeFiles/HW13IMU.dir/C_/Program_Files/Raspberry_Pi/Pico_SDK_v1.5.1/pico-sdk/src/rp2_common/pico_stdio/stdio.c.obj
 .text.stdio_set_driver_enabled
                0x10004970       0x2c HW13IMU/CMakeFiles/HW13IMU.dir/C_/Program_Files/Raspberry_Pi/Pico_SDK_v1.5.1/pico-sdk/src/rp2_common/pico_stdio/stdio.c.obj
                0x10004970                stdio_set_driver_enabled
 .text.stdio_flush
                0x1000499c       0x20 HW13IMU/CMakeFiles/HW13IMU.dir/C_/Program_Files/Raspberry_Pi/Pico_SDK_v1.5.1/pico-sdk/src/rp2_common/pico_stdio/stdio.c.obj
                0x1000499c                stdio_flush
 .text.__wrap_puts
                0x100049bc       0x1e HW13IMU/CMakeFiles/HW13IMU.dir/C_/Program_Files/Raspberry_Pi/Pico_SDK_v1.5.1/pico-sdk/src/rp2_common/pico_stdio/stdio.c.obj
                0x100049bc                __wrap_puts
 *fill*         0x100049da        0x2 
 .text.__wrap_vprintf
                0x100049dc       0x40 HW13IMU/CMakeFiles/HW13IMU.dir/C_/Program_Files/Raspberry_Pi/Pico_SDK_v1.5.1/pico-sdk/src/rp2_common/pico_stdio/stdio.c.obj
                0x100049dc                __wrap_vprintf
 .text.__wrap_printf
                0x10004a1c       0x18 HW13IMU/CMakeFiles/HW13IMU.dir/C_/Program_Files/Raspberry_Pi/Pico_SDK_v1.5.1/pico-sdk/src/rp2_common/pico_stdio/stdio.c.obj
                0x10004a1c                __wrap_printf
 .text.stdio_init_all
                0x10004a34        0x8 HW13IMU/CMakeFiles/HW13IMU.dir/C_/Program_Files/Raspberry_Pi/Pico_SDK_v1.5.1/pico-sdk/src/rp2_common/pico_stdio/stdio.c.obj
                0x10004a34                stdio_init_all
 .text.resetd_init
                0x10004a3c        0x2 HW13IMU/CMakeFiles/HW13IMU.dir/C_/Program_Files/Raspberry_Pi/Pico_SDK_v1.5.1/pico-sdk/src/rp2_common/pico_stdio_usb/reset_interface.c.obj
 *fill*         0x10004a3e        0x2 
 .text.resetd_reset
                0x10004a40        0xc HW13IMU/CMakeFiles/HW13IMU.dir/C_/Program_Files/Raspberry_Pi/Pico_SDK_v1.5.1/pico-sdk/src/rp2_common/pico_stdio_usb/reset_interface.c.obj
 .text.resetd_open
                0x10004a4c       0x34 HW13IMU/CMakeFiles/HW13IMU.dir/C_/Program_Files/Raspberry_Pi/Pico_SDK_v1.5.1/pico-sdk/src/rp2_common/pico_stdio_usb/reset_interface.c.obj
 .text.resetd_xfer_cb
                0x10004a80        0x4 HW13IMU/CMakeFiles/HW13IMU.dir/C_/Program_Files/Raspberry_Pi/Pico_SDK_v1.5.1/pico-sdk/src/rp2_common/pico_stdio_usb/reset_interface.c.obj
 .text.reset_usb_boot
                0x10004a84       0x18 HW13IMU/CMakeFiles/HW13IMU.dir/C_/Program_Files/Raspberry_Pi/Pico_SDK_v1.5.1/pico-sdk/src/rp2_common/pico_stdio_usb/reset_interface.c.obj
 .text.resetd_control_xfer_cb
                0x10004a9c       0x5c HW13IMU/CMakeFiles/HW13IMU.dir/C_/Program_Files/Raspberry_Pi/Pico_SDK_v1.5.1/pico-sdk/src/rp2_common/pico_stdio_usb/reset_interface.c.obj
 .text.usbd_app_driver_get_cb
                0x10004af8        0xc HW13IMU/CMakeFiles/HW13IMU.dir/C_/Program_Files/Raspberry_Pi/Pico_SDK_v1.5.1/pico-sdk/src/rp2_common/pico_stdio_usb/reset_interface.c.obj
                0x10004af8                usbd_app_driver_get_cb
 .text.tud_cdc_line_coding_cb
                0x10004b04       0x28 HW13IMU/CMakeFiles/HW13IMU.dir/C_/Program_Files/Raspberry_Pi/Pico_SDK_v1.5.1/pico-sdk/src/rp2_common/pico_stdio_usb/reset_interface.c.obj
                0x10004b04                tud_cdc_line_coding_cb
 .text.stdio_usb_set_chars_available_callback
                0x10004b2c       0x14 HW13IMU/CMakeFiles/HW13IMU.dir/C_/Program_Files/Raspberry_Pi/Pico_SDK_v1.5.1/pico-sdk/src/rp2_common/pico_stdio_usb/stdio_usb.c.obj
                0x10004b2c                stdio_usb_set_chars_available_callback
 .text.usb_irq  0x10004b40       0x10 HW13IMU/CMakeFiles/HW13IMU.dir/C_/Program_Files/Raspberry_Pi/Pico_SDK_v1.5.1/pico-sdk/src/rp2_common/pico_stdio_usb/stdio_usb.c.obj
 .text.timer_task
                0x10004b50       0x5c HW13IMU/CMakeFiles/HW13IMU.dir/C_/Program_Files/Raspberry_Pi/Pico_SDK_v1.5.1/pico-sdk/src/rp2_common/pico_stdio_usb/stdio_usb.c.obj
 .text.low_priority_worker_irq
                0x10004bac       0xdc HW13IMU/CMakeFiles/HW13IMU.dir/C_/Program_Files/Raspberry_Pi/Pico_SDK_v1.5.1/pico-sdk/src/rp2_common/pico_stdio_usb/stdio_usb.c.obj
 .text.tud_cdc_rx_cb
                0x10004c88       0x20 HW13IMU/CMakeFiles/HW13IMU.dir/C_/Program_Files/Raspberry_Pi/Pico_SDK_v1.5.1/pico-sdk/src/rp2_common/pico_stdio_usb/stdio_usb.c.obj
                0x10004c88                tud_cdc_rx_cb
 .text.stdio_usb_init
                0x10004ca8      0x11c HW13IMU/CMakeFiles/HW13IMU.dir/C_/Program_Files/Raspberry_Pi/Pico_SDK_v1.5.1/pico-sdk/src/rp2_common/pico_stdio_usb/stdio_usb.c.obj
                0x10004ca8                stdio_usb_init
 .text.stdio_usb_connected
                0x10004dc4        0xa HW13IMU/CMakeFiles/HW13IMU.dir/C_/Program_Files/Raspberry_Pi/Pico_SDK_v1.5.1/pico-sdk/src/rp2_common/pico_stdio_usb/stdio_usb.c.obj
                0x10004dc4                stdio_usb_connected
 *fill*         0x10004dce        0x2 
 .text.stdio_usb_in_chars
                0x10004dd0       0xc4 HW13IMU/CMakeFiles/HW13IMU.dir/C_/Program_Files/Raspberry_Pi/Pico_SDK_v1.5.1/pico-sdk/src/rp2_common/pico_stdio_usb/stdio_usb.c.obj
                0x10004dd0                stdio_usb_in_chars
 .text.stdio_usb_out_chars
                0x10004e94      0x114 HW13IMU/CMakeFiles/HW13IMU.dir/C_/Program_Files/Raspberry_Pi/Pico_SDK_v1.5.1/pico-sdk/src/rp2_common/pico_stdio_usb/stdio_usb.c.obj
 .text.tud_descriptor_device_cb
                0x10004fa8        0x8 HW13IMU/CMakeFiles/HW13IMU.dir/C_/Program_Files/Raspberry_Pi/Pico_SDK_v1.5.1/pico-sdk/src/rp2_common/pico_stdio_usb/stdio_usb_descriptors.c.obj
                0x10004fa8                tud_descriptor_device_cb
 .text.tud_descriptor_configuration_cb
                0x10004fb0        0x8 HW13IMU/CMakeFiles/HW13IMU.dir/C_/Program_Files/Raspberry_Pi/Pico_SDK_v1.5.1/pico-sdk/src/rp2_common/pico_stdio_usb/stdio_usb_descriptors.c.obj
                0x10004fb0                tud_descriptor_configuration_cb
 .text.tud_descriptor_string_cb
                0x10004fb8       0x6c HW13IMU/CMakeFiles/HW13IMU.dir/C_/Program_Files/Raspberry_Pi/Pico_SDK_v1.5.1/pico-sdk/src/rp2_common/pico_stdio_usb/stdio_usb_descriptors.c.obj
                0x10004fb8                tud_descriptor_string_cb
 .text._retrieve_unique_id_on_boot
                0x10005024       0x10 HW13IMU/CMakeFiles/HW13IMU.dir/C_/Program_Files/Raspberry_Pi/Pico_SDK_v1.5.1/pico-sdk/src/rp2_common/pico_unique_id/unique_id.c.obj
 .text.pico_get_unique_board_id_string
                0x10005034       0x60 HW13IMU/CMakeFiles/HW13IMU.dir/C_/Program_Files/Raspberry_Pi/Pico_SDK_v1.5.1/pico-sdk/src/rp2_common/pico_unique_id/unique_id.c.obj
                0x10005034                pico_get_unique_board_id_string
 .text.flash_get_unique_id
                0x10005094       0x46 HW13IMU/CMakeFiles/HW13IMU.dir/C_/Program_Files/Raspberry_Pi/Pico_SDK_v1.5.1/pico-sdk/src/rp2_common/hardware_flash/flash.c.obj
                0x10005094                flash_get_unique_id
 *fill*         0x100050da        0x2 
 .text.hw_endpoint_get_by_addr
                0x100050dc       0x18 HW13IMU/CMakeFiles/HW13IMU.dir/C_/Program_Files/Raspberry_Pi/Pico_SDK_v1.5.1/pico-sdk/lib/tinyusb/src/portable/raspberrypi/rp2040/dcd_rp2040.c.obj
 .text._hw_endpoint_alloc
                0x100050f4       0x70 HW13IMU/CMakeFiles/HW13IMU.dir/C_/Program_Files/Raspberry_Pi/Pico_SDK_v1.5.1/pico-sdk/lib/tinyusb/src/portable/raspberrypi/rp2040/dcd_rp2040.c.obj
 .text.hw_endpoint_init
                0x10005164       0x88 HW13IMU/CMakeFiles/HW13IMU.dir/C_/Program_Files/Raspberry_Pi/Pico_SDK_v1.5.1/pico-sdk/lib/tinyusb/src/portable/raspberrypi/rp2040/dcd_rp2040.c.obj
 .text.hw_endpoint_xfer
                0x100051ec       0x14 HW13IMU/CMakeFiles/HW13IMU.dir/C_/Program_Files/Raspberry_Pi/Pico_SDK_v1.5.1/pico-sdk/lib/tinyusb/src/portable/raspberrypi/rp2040/dcd_rp2040.c.obj
 .text.dcd_int_enable
                0x10005200       0x2c HW13IMU/CMakeFiles/HW13IMU.dir/C_/Program_Files/Raspberry_Pi/Pico_SDK_v1.5.1/pico-sdk/lib/tinyusb/src/portable/raspberrypi/rp2040/dcd_rp2040.c.obj
                0x10005200                dcd_int_enable
 .text.dcd_set_address
                0x1000522c       0x2c HW13IMU/CMakeFiles/HW13IMU.dir/C_/Program_Files/Raspberry_Pi/Pico_SDK_v1.5.1/pico-sdk/lib/tinyusb/src/portable/raspberrypi/rp2040/dcd_rp2040.c.obj
                0x1000522c                dcd_set_address
 .text.dcd_connect
                0x10005258       0x10 HW13IMU/CMakeFiles/HW13IMU.dir/C_/Program_Files/Raspberry_Pi/Pico_SDK_v1.5.1/pico-sdk/lib/tinyusb/src/portable/raspberrypi/rp2040/dcd_rp2040.c.obj
                0x10005258                dcd_connect
 .text.dcd_init
                0x10005268       0x80 HW13IMU/CMakeFiles/HW13IMU.dir/C_/Program_Files/Raspberry_Pi/Pico_SDK_v1.5.1/pico-sdk/lib/tinyusb/src/portable/raspberrypi/rp2040/dcd_rp2040.c.obj
                0x10005268                dcd_init
 .text.dcd_edpt0_status_complete
                0x100052e8       0x1c HW13IMU/CMakeFiles/HW13IMU.dir/C_/Program_Files/Raspberry_Pi/Pico_SDK_v1.5.1/pico-sdk/lib/tinyusb/src/portable/raspberrypi/rp2040/dcd_rp2040.c.obj
                0x100052e8                dcd_edpt0_status_complete
 .text.dcd_edpt_open
                0x10005304       0x40 HW13IMU/CMakeFiles/HW13IMU.dir/C_/Program_Files/Raspberry_Pi/Pico_SDK_v1.5.1/pico-sdk/lib/tinyusb/src/portable/raspberrypi/rp2040/dcd_rp2040.c.obj
                0x10005304                dcd_edpt_open
 .text.dcd_edpt_close_all
                0x10005344        0x8 HW13IMU/CMakeFiles/HW13IMU.dir/C_/Program_Files/Raspberry_Pi/Pico_SDK_v1.5.1/pico-sdk/lib/tinyusb/src/portable/raspberrypi/rp2040/dcd_rp2040.c.obj
                0x10005344                dcd_edpt_close_all
 .text.dcd_edpt_xfer
                0x1000534c       0x34 HW13IMU/CMakeFiles/HW13IMU.dir/C_/Program_Files/Raspberry_Pi/Pico_SDK_v1.5.1/pico-sdk/lib/tinyusb/src/portable/raspberrypi/rp2040/dcd_rp2040.c.obj
                0x1000534c                dcd_edpt_xfer
 .text.dcd_edpt_stall
                0x10005380       0x2c HW13IMU/CMakeFiles/HW13IMU.dir/C_/Program_Files/Raspberry_Pi/Pico_SDK_v1.5.1/pico-sdk/lib/tinyusb/src/portable/raspberrypi/rp2040/dcd_rp2040.c.obj
                0x10005380                dcd_edpt_stall
 .text.dcd_edpt_clear_stall
                0x100053ac       0x20 HW13IMU/CMakeFiles/HW13IMU.dir/C_/Program_Files/Raspberry_Pi/Pico_SDK_v1.5.1/pico-sdk/lib/tinyusb/src/portable/raspberrypi/rp2040/dcd_rp2040.c.obj
                0x100053ac                dcd_edpt_clear_stall
 .text.rp2040_usb_init
                0x100053cc       0x4c HW13IMU/CMakeFiles/HW13IMU.dir/C_/Program_Files/Raspberry_Pi/Pico_SDK_v1.5.1/pico-sdk/lib/tinyusb/src/portable/raspberrypi/rp2040/rp2040_usb.c.obj
                0x100053cc                rp2040_usb_init
 .text.hw_endpoint_xfer_start
                0x10005418       0x50 HW13IMU/CMakeFiles/HW13IMU.dir/C_/Program_Files/Raspberry_Pi/Pico_SDK_v1.5.1/pico-sdk/lib/tinyusb/src/portable/raspberrypi/rp2040/rp2040_usb.c.obj
                0x10005418                hw_endpoint_xfer_start
 .text.configuration_reset
                0x10005468       0x84 HW13IMU/CMakeFiles/HW13IMU.dir/C_/Program_Files/Raspberry_Pi/Pico_SDK_v1.5.1/pico-sdk/lib/tinyusb/src/device/usbd.c.obj
 .text.usbd_reset
                0x100054ec        0xc HW13IMU/CMakeFiles/HW13IMU.dir/C_/Program_Files/Raspberry_Pi/Pico_SDK_v1.5.1/pico-sdk/lib/tinyusb/src/device/usbd.c.obj
 .text.invoke_class_control
                0x100054f8       0x1a HW13IMU/CMakeFiles/HW13IMU.dir/C_/Program_Files/Raspberry_Pi/Pico_SDK_v1.5.1/pico-sdk/lib/tinyusb/src/device/usbd.c.obj
 *fill*         0x10005512        0x2 
 .text.process_set_config
                0x10005514      0x178 HW13IMU/CMakeFiles/HW13IMU.dir/C_/Program_Files/Raspberry_Pi/Pico_SDK_v1.5.1/pico-sdk/lib/tinyusb/src/device/usbd.c.obj
 .text.process_get_descriptor
                0x1000568c       0xdc HW13IMU/CMakeFiles/HW13IMU.dir/C_/Program_Files/Raspberry_Pi/Pico_SDK_v1.5.1/pico-sdk/lib/tinyusb/src/device/usbd.c.obj
 .text.tud_mounted
                0x10005768       0x10 HW13IMU/CMakeFiles/HW13IMU.dir/C_/Program_Files/Raspberry_Pi/Pico_SDK_v1.5.1/pico-sdk/lib/tinyusb/src/device/usbd.c.obj
                0x10005768                tud_mounted
 .text.tud_suspended
                0x10005778       0x10 HW13IMU/CMakeFiles/HW13IMU.dir/C_/Program_Files/Raspberry_Pi/Pico_SDK_v1.5.1/pico-sdk/lib/tinyusb/src/device/usbd.c.obj
                0x10005778                tud_suspended
 .text.tud_inited
                0x10005788       0x14 HW13IMU/CMakeFiles/HW13IMU.dir/C_/Program_Files/Raspberry_Pi/Pico_SDK_v1.5.1/pico-sdk/lib/tinyusb/src/device/usbd.c.obj
                0x10005788                tud_inited
 .text.tud_init
                0x1000579c       0xcc HW13IMU/CMakeFiles/HW13IMU.dir/C_/Program_Files/Raspberry_Pi/Pico_SDK_v1.5.1/pico-sdk/lib/tinyusb/src/device/usbd.c.obj
                0x1000579c                tud_init
 .text.usbd_defer_func
                0x10005868       0x2a HW13IMU/CMakeFiles/HW13IMU.dir/C_/Program_Files/Raspberry_Pi/Pico_SDK_v1.5.1/pico-sdk/lib/tinyusb/src/device/usbd.c.obj
                0x10005868                usbd_defer_func
 *fill*         0x10005892        0x2 
 .text.usbd_edpt_open
                0x10005894       0x34 HW13IMU/CMakeFiles/HW13IMU.dir/C_/Program_Files/Raspberry_Pi/Pico_SDK_v1.5.1/pico-sdk/lib/tinyusb/src/device/usbd.c.obj
                0x10005894                usbd_edpt_open
 .text.usbd_open_edpt_pair
                0x100058c8       0x62 HW13IMU/CMakeFiles/HW13IMU.dir/C_/Program_Files/Raspberry_Pi/Pico_SDK_v1.5.1/pico-sdk/lib/tinyusb/src/device/usbd.c.obj
                0x100058c8                usbd_open_edpt_pair
 *fill*         0x1000592a        0x2 
 .text.usbd_edpt_claim
                0x1000592c       0x28 HW13IMU/CMakeFiles/HW13IMU.dir/C_/Program_Files/Raspberry_Pi/Pico_SDK_v1.5.1/pico-sdk/lib/tinyusb/src/device/usbd.c.obj
                0x1000592c                usbd_edpt_claim
 .text.usbd_edpt_release
                0x10005954       0x28 HW13IMU/CMakeFiles/HW13IMU.dir/C_/Program_Files/Raspberry_Pi/Pico_SDK_v1.5.1/pico-sdk/lib/tinyusb/src/device/usbd.c.obj
                0x10005954                usbd_edpt_release
 .text.usbd_edpt_xfer
                0x1000597c       0x78 HW13IMU/CMakeFiles/HW13IMU.dir/C_/Program_Files/Raspberry_Pi/Pico_SDK_v1.5.1/pico-sdk/lib/tinyusb/src/device/usbd.c.obj
                0x1000597c                usbd_edpt_xfer
 .text.usbd_edpt_stall
                0x100059f4       0x48 HW13IMU/CMakeFiles/HW13IMU.dir/C_/Program_Files/Raspberry_Pi/Pico_SDK_v1.5.1/pico-sdk/lib/tinyusb/src/device/usbd.c.obj
                0x100059f4                usbd_edpt_stall
 .text.usbd_edpt_clear_stall
                0x10005a3c       0x48 HW13IMU/CMakeFiles/HW13IMU.dir/C_/Program_Files/Raspberry_Pi/Pico_SDK_v1.5.1/pico-sdk/lib/tinyusb/src/device/usbd.c.obj
                0x10005a3c                usbd_edpt_clear_stall
 .text.usbd_edpt_stalled
                0x10005a84       0x1c HW13IMU/CMakeFiles/HW13IMU.dir/C_/Program_Files/Raspberry_Pi/Pico_SDK_v1.5.1/pico-sdk/lib/tinyusb/src/device/usbd.c.obj
                0x10005a84                usbd_edpt_stalled
 .text.process_control_request
                0x10005aa0      0x37c HW13IMU/CMakeFiles/HW13IMU.dir/C_/Program_Files/Raspberry_Pi/Pico_SDK_v1.5.1/pico-sdk/lib/tinyusb/src/device/usbd.c.obj
 .text.tud_task_ext
                0x10005e1c      0x1b8 HW13IMU/CMakeFiles/HW13IMU.dir/C_/Program_Files/Raspberry_Pi/Pico_SDK_v1.5.1/pico-sdk/lib/tinyusb/src/device/usbd.c.obj
                0x10005e1c                tud_task_ext
 .text._data_stage_xact
                0x10005fd4       0x58 HW13IMU/CMakeFiles/HW13IMU.dir/C_/Program_Files/Raspberry_Pi/Pico_SDK_v1.5.1/pico-sdk/lib/tinyusb/src/device/usbd_control.c.obj
 .text.tud_control_status
                0x1000602c       0x38 HW13IMU/CMakeFiles/HW13IMU.dir/C_/Program_Files/Raspberry_Pi/Pico_SDK_v1.5.1/pico-sdk/lib/tinyusb/src/device/usbd_control.c.obj
                0x1000602c                tud_control_status
 .text.tud_control_xfer
                0x10006064       0x74 HW13IMU/CMakeFiles/HW13IMU.dir/C_/Program_Files/Raspberry_Pi/Pico_SDK_v1.5.1/pico-sdk/lib/tinyusb/src/device/usbd_control.c.obj
                0x10006064                tud_control_xfer
 .text.usbd_control_reset
                0x100060d8       0x14 HW13IMU/CMakeFiles/HW13IMU.dir/C_/Program_Files/Raspberry_Pi/Pico_SDK_v1.5.1/pico-sdk/lib/tinyusb/src/device/usbd_control.c.obj
                0x100060d8                usbd_control_reset
 .text.usbd_control_set_complete_callback
                0x100060ec        0xc HW13IMU/CMakeFiles/HW13IMU.dir/C_/Program_Files/Raspberry_Pi/Pico_SDK_v1.5.1/pico-sdk/lib/tinyusb/src/device/usbd_control.c.obj
                0x100060ec                usbd_control_set_complete_callback
 .text.usbd_control_set_request
                0x100060f8       0x1c HW13IMU/CMakeFiles/HW13IMU.dir/C_/Program_Files/Raspberry_Pi/Pico_SDK_v1.5.1/pico-sdk/lib/tinyusb/src/device/usbd_control.c.obj
                0x100060f8                usbd_control_set_request
 .text.usbd_control_xfer_cb
                0x10006114       0xcc HW13IMU/CMakeFiles/HW13IMU.dir/C_/Program_Files/Raspberry_Pi/Pico_SDK_v1.5.1/pico-sdk/lib/tinyusb/src/device/usbd_control.c.obj
                0x10006114                usbd_control_xfer_cb
 .text._prep_out_transaction
                0x100061e0       0x4a HW13IMU/CMakeFiles/HW13IMU.dir/C_/Program_Files/Raspberry_Pi/Pico_SDK_v1.5.1/pico-sdk/lib/tinyusb/src/class/cdc/cdc_device.c.obj
 *fill*         0x1000622a        0x2 
 .text.tud_cdc_n_connected
                0x1000622c       0x44 HW13IMU/CMakeFiles/HW13IMU.dir/C_/Program_Files/Raspberry_Pi/Pico_SDK_v1.5.1/pico-sdk/lib/tinyusb/src/class/cdc/cdc_device.c.obj
                0x1000622c                tud_cdc_n_connected
 .text.tud_cdc_n_available
                0x10006270       0x18 HW13IMU/CMakeFiles/HW13IMU.dir/C_/Program_Files/Raspberry_Pi/Pico_SDK_v1.5.1/pico-sdk/lib/tinyusb/src/class/cdc/cdc_device.c.obj
                0x10006270                tud_cdc_n_available
 .text.tud_cdc_n_read
                0x10006288       0x28 HW13IMU/CMakeFiles/HW13IMU.dir/C_/Program_Files/Raspberry_Pi/Pico_SDK_v1.5.1/pico-sdk/lib/tinyusb/src/class/cdc/cdc_device.c.obj
                0x10006288                tud_cdc_n_read
 .text.tud_cdc_n_write_flush
                0x100062b0       0xb8 HW13IMU/CMakeFiles/HW13IMU.dir/C_/Program_Files/Raspberry_Pi/Pico_SDK_v1.5.1/pico-sdk/lib/tinyusb/src/class/cdc/cdc_device.c.obj
                0x100062b0                tud_cdc_n_write_flush
 .text.tud_cdc_n_write
                0x10006368       0x38 HW13IMU/CMakeFiles/HW13IMU.dir/C_/Program_Files/Raspberry_Pi/Pico_SDK_v1.5.1/pico-sdk/lib/tinyusb/src/class/cdc/cdc_device.c.obj
                0x10006368                tud_cdc_n_write
 .text.tud_cdc_n_write_available
                0x100063a0       0x1c HW13IMU/CMakeFiles/HW13IMU.dir/C_/Program_Files/Raspberry_Pi/Pico_SDK_v1.5.1/pico-sdk/lib/tinyusb/src/class/cdc/cdc_device.c.obj
                0x100063a0                tud_cdc_n_write_available
 .text.cdcd_init
                0x100063bc       0xbc HW13IMU/CMakeFiles/HW13IMU.dir/C_/Program_Files/Raspberry_Pi/Pico_SDK_v1.5.1/pico-sdk/lib/tinyusb/src/class/cdc/cdc_device.c.obj
                0x100063bc                cdcd_init
 .text.cdcd_reset
                0x10006478       0x44 HW13IMU/CMakeFiles/HW13IMU.dir/C_/Program_Files/Raspberry_Pi/Pico_SDK_v1.5.1/pico-sdk/lib/tinyusb/src/class/cdc/cdc_device.c.obj
                0x10006478                cdcd_reset
 .text.cdcd_open
                0x100064bc       0xcc HW13IMU/CMakeFiles/HW13IMU.dir/C_/Program_Files/Raspberry_Pi/Pico_SDK_v1.5.1/pico-sdk/lib/tinyusb/src/class/cdc/cdc_device.c.obj
                0x100064bc                cdcd_open
 .text.cdcd_control_xfer_cb
                0x10006588      0x134 HW13IMU/CMakeFiles/HW13IMU.dir/C_/Program_Files/Raspberry_Pi/Pico_SDK_v1.5.1/pico-sdk/lib/tinyusb/src/class/cdc/cdc_device.c.obj
                0x10006588                cdcd_control_xfer_cb
 .text.cdcd_xfer_cb
                0x100066bc      0x130 HW13IMU/CMakeFiles/HW13IMU.dir/C_/Program_Files/Raspberry_Pi/Pico_SDK_v1.5.1/pico-sdk/lib/tinyusb/src/class/cdc/cdc_device.c.obj
                0x100066bc                cdcd_xfer_cb
 .text.tusb_init
                0x100067ec        0xa HW13IMU/CMakeFiles/HW13IMU.dir/C_/Program_Files/Raspberry_Pi/Pico_SDK_v1.5.1/pico-sdk/lib/tinyusb/src/tusb.c.obj
                0x100067ec                tusb_init
 .text.tusb_inited
                0x100067f6        0xe HW13IMU/CMakeFiles/HW13IMU.dir/C_/Program_Files/Raspberry_Pi/Pico_SDK_v1.5.1/pico-sdk/lib/tinyusb/src/tusb.c.obj
                0x100067f6                tusb_inited
 .text.tu_edpt_claim
                0x10006804       0x50 HW13IMU/CMakeFiles/HW13IMU.dir/C_/Program_Files/Raspberry_Pi/Pico_SDK_v1.5.1/pico-sdk/lib/tinyusb/src/tusb.c.obj
                0x10006804                tu_edpt_claim
 .text.tu_edpt_release
                0x10006854       0x3c HW13IMU/CMakeFiles/HW13IMU.dir/C_/Program_Files/Raspberry_Pi/Pico_SDK_v1.5.1/pico-sdk/lib/tinyusb/src/tusb.c.obj
                0x10006854                tu_edpt_release
 .text.tu_edpt_validate
                0x10006890       0x78 HW13IMU/CMakeFiles/HW13IMU.dir/C_/Program_Files/Raspberry_Pi/Pico_SDK_v1.5.1/pico-sdk/lib/tinyusb/src/tusb.c.obj
                0x10006890                tu_edpt_validate
 .text.tu_edpt_bind_driver
                0x10006908       0x26 HW13IMU/CMakeFiles/HW13IMU.dir/C_/Program_Files/Raspberry_Pi/Pico_SDK_v1.5.1/pico-sdk/lib/tinyusb/src/tusb.c.obj
                0x10006908                tu_edpt_bind_driver
 .text.advance_index
                0x1000692e       0x1a HW13IMU/CMakeFiles/HW13IMU.dir/C_/Program_Files/Raspberry_Pi/Pico_SDK_v1.5.1/pico-sdk/lib/tinyusb/src/common/tusb_fifo.c.obj
 .text._tu_fifo_peek
                0x10006948       0x56 HW13IMU/CMakeFiles/HW13IMU.dir/C_/Program_Files/Raspberry_Pi/Pico_SDK_v1.5.1/pico-sdk/lib/tinyusb/src/common/tusb_fifo.c.obj
 .text._ff_pull_const_addr
                0x1000699e       0x4c HW13IMU/CMakeFiles/HW13IMU.dir/C_/Program_Files/Raspberry_Pi/Pico_SDK_v1.5.1/pico-sdk/lib/tinyusb/src/common/tusb_fifo.c.obj
 .text._ff_pull_n
                0x100069ea      0x110 HW13IMU/CMakeFiles/HW13IMU.dir/C_/Program_Files/Raspberry_Pi/Pico_SDK_v1.5.1/pico-sdk/lib/tinyusb/src/common/tusb_fifo.c.obj
 .text._tu_fifo_peek_n
                0x10006afa       0x6a HW13IMU/CMakeFiles/HW13IMU.dir/C_/Program_Files/Raspberry_Pi/Pico_SDK_v1.5.1/pico-sdk/lib/tinyusb/src/common/tusb_fifo.c.obj
 .text._tu_fifo_read_n
                0x10006b64       0x4e HW13IMU/CMakeFiles/HW13IMU.dir/C_/Program_Files/Raspberry_Pi/Pico_SDK_v1.5.1/pico-sdk/lib/tinyusb/src/common/tusb_fifo.c.obj
 .text._ff_push_const_addr
                0x10006bb2       0x40 HW13IMU/CMakeFiles/HW13IMU.dir/C_/Program_Files/Raspberry_Pi/Pico_SDK_v1.5.1/pico-sdk/lib/tinyusb/src/common/tusb_fifo.c.obj
 .text._ff_push_n
                0x10006bf2      0x10c HW13IMU/CMakeFiles/HW13IMU.dir/C_/Program_Files/Raspberry_Pi/Pico_SDK_v1.5.1/pico-sdk/lib/tinyusb/src/common/tusb_fifo.c.obj
 .text._tu_fifo_write_n
                0x10006cfe       0xf0 HW13IMU/CMakeFiles/HW13IMU.dir/C_/Program_Files/Raspberry_Pi/Pico_SDK_v1.5.1/pico-sdk/lib/tinyusb/src/common/tusb_fifo.c.obj
 .text.tu_fifo_config
                0x10006dee       0x7c HW13IMU/CMakeFiles/HW13IMU.dir/C_/Program_Files/Raspberry_Pi/Pico_SDK_v1.5.1/pico-sdk/lib/tinyusb/src/common/tusb_fifo.c.obj
                0x10006dee                tu_fifo_config
 .text.tu_fifo_count
                0x10006e6a       0x2a HW13IMU/CMakeFiles/HW13IMU.dir/C_/Program_Files/Raspberry_Pi/Pico_SDK_v1.5.1/pico-sdk/lib/tinyusb/src/common/tusb_fifo.c.obj
                0x10006e6a                tu_fifo_count
 .text.tu_fifo_empty
                0x10006e94       0x10 HW13IMU/CMakeFiles/HW13IMU.dir/C_/Program_Files/Raspberry_Pi/Pico_SDK_v1.5.1/pico-sdk/lib/tinyusb/src/common/tusb_fifo.c.obj
                0x10006e94                tu_fifo_empty
 .text.tu_fifo_full
                0x10006ea4       0x28 HW13IMU/CMakeFiles/HW13IMU.dir/C_/Program_Files/Raspberry_Pi/Pico_SDK_v1.5.1/pico-sdk/lib/tinyusb/src/common/tusb_fifo.c.obj
                0x10006ea4                tu_fifo_full
 .text.tu_fifo_remaining
                0x10006ecc       0x2c HW13IMU/CMakeFiles/HW13IMU.dir/C_/Program_Files/Raspberry_Pi/Pico_SDK_v1.5.1/pico-sdk/lib/tinyusb/src/common/tusb_fifo.c.obj
                0x10006ecc                tu_fifo_remaining
 .text.tu_fifo_read
                0x10006ef8       0x42 HW13IMU/CMakeFiles/HW13IMU.dir/C_/Program_Files/Raspberry_Pi/Pico_SDK_v1.5.1/pico-sdk/lib/tinyusb/src/common/tusb_fifo.c.obj
                0x10006ef8                tu_fifo_read
 .text.tu_fifo_read_n
                0x10006f3a        0xa HW13IMU/CMakeFiles/HW13IMU.dir/C_/Program_Files/Raspberry_Pi/Pico_SDK_v1.5.1/pico-sdk/lib/tinyusb/src/common/tusb_fifo.c.obj
                0x10006f3a                tu_fifo_read_n
 .text.tu_fifo_write
                0x10006f44       0x64 HW13IMU/CMakeFiles/HW13IMU.dir/C_/Program_Files/Raspberry_Pi/Pico_SDK_v1.5.1/pico-sdk/lib/tinyusb/src/common/tusb_fifo.c.obj
                0x10006f44                tu_fifo_write
 .text.tu_fifo_write_n
                0x10006fa8        0xa HW13IMU/CMakeFiles/HW13IMU.dir/C_/Program_Files/Raspberry_Pi/Pico_SDK_v1.5.1/pico-sdk/lib/tinyusb/src/common/tusb_fifo.c.obj
                0x10006fa8                tu_fifo_write_n
 .text.tu_fifo_clear
                0x10006fb2       0x3e HW13IMU/CMakeFiles/HW13IMU.dir/C_/Program_Files/Raspberry_Pi/Pico_SDK_v1.5.1/pico-sdk/lib/tinyusb/src/common/tusb_fifo.c.obj
                0x10006fb2                tu_fifo_clear
 .text.tu_fifo_set_overwritable
                0x10006ff0       0x46 HW13IMU/CMakeFiles/HW13IMU.dir/C_/Program_Files/Raspberry_Pi/Pico_SDK_v1.5.1/pico-sdk/lib/tinyusb/src/common/tusb_fifo.c.obj
                0x10006ff0                tu_fifo_set_overwritable
 .text.i2c_write_blocking_internal
                0x10007036      0x140 HW13IMU/CMakeFiles/HW13IMU.dir/C_/Program_Files/Raspberry_Pi/Pico_SDK_v1.5.1/pico-sdk/src/rp2_common/hardware_i2c/i2c.c.obj
 .text.i2c_read_blocking_internal
                0x10007176       0xe6 HW13IMU/CMakeFiles/HW13IMU.dir/C_/Program_Files/Raspberry_Pi/Pico_SDK_v1.5.1/pico-sdk/src/rp2_common/hardware_i2c/i2c.c.obj
 .text.i2c_set_baudrate
                0x1000725c       0xf0 HW13IMU/CMakeFiles/HW13IMU.dir/C_/Program_Files/Raspberry_Pi/Pico_SDK_v1.5.1/pico-sdk/src/rp2_common/hardware_i2c/i2c.c.obj
                0x1000725c                i2c_set_baudrate
 .text.i2c_init
                0x1000734c       0x58 HW13IMU/CMakeFiles/HW13IMU.dir/C_/Program_Files/Raspberry_Pi/Pico_SDK_v1.5.1/pico-sdk/src/rp2_common/hardware_i2c/i2c.c.obj
                0x1000734c                i2c_init
 .text.i2c_write_blocking
                0x100073a4       0x18 HW13IMU/CMakeFiles/HW13IMU.dir/C_/Program_Files/Raspberry_Pi/Pico_SDK_v1.5.1/pico-sdk/src/rp2_common/hardware_i2c/i2c.c.obj
                0x100073a4                i2c_write_blocking
 .text.i2c_read_blocking
                0x100073bc       0x18 HW13IMU/CMakeFiles/HW13IMU.dir/C_/Program_Files/Raspberry_Pi/Pico_SDK_v1.5.1/pico-sdk/src/rp2_common/hardware_i2c/i2c.c.obj
                0x100073bc                i2c_read_blocking
 .text.strlen   0x100073d4       0x5c c:/progra~1/raspbe~1/picosd~1.1/gcc-ar~1/bin/../lib/gcc/arm-none-eabi/10.3.1/../../../../arm-none-eabi/lib/thumb/v6-m/nofp\libg.a(lib_a-strlen-stub.o)
                0x100073d4                strlen
 *(.fini)
 .fini          0x10007430        0x4 c:/progra~1/raspbe~1/picosd~1.1/gcc-ar~1/bin/../lib/gcc/arm-none-eabi/10.3.1/thumb/v6-m/nofp/crti.o
                0x10007430                _fini
 *fill*         0x10007434        0x4 
 .fini.__stub   0x10007438       0xe0 linker stubs
 *crtbegin.o(.ctors)
 *crtbegin?.o(.ctors)
 *(EXCLUDE_FILE(*crtend.o *crtend?.o) .ctors)
 *(SORT_BY_NAME(.ctors.*))
 *(.ctors)
 *crtbegin.o(.dtors)
 *crtbegin?.o(.dtors)
 *(EXCLUDE_FILE(*crtend.o *crtend?.o) .dtors)
 *(SORT_BY_NAME(.dtors.*))
 *(.dtors)
 *(.eh_frame*)
 .eh_frame      0x10007518        0x0 c:/progra~1/raspbe~1/picosd~1.1/gcc-ar~1/bin/../lib/gcc/arm-none-eabi/10.3.1/thumb/v6-m/nofp/crtbegin.o
                0x10007518                . = ALIGN (0x4)

.glue_7         0x10007518        0x0
 .glue_7        0x10007518        0x0 linker stubs

.glue_7t        0x10007518        0x0
 .glue_7t       0x10007518        0x0 linker stubs

.vfp11_veneer   0x10007518        0x0
 .vfp11_veneer  0x10007518        0x0 linker stubs

.v4_bx          0x10007518        0x0
 .v4_bx         0x10007518        0x0 linker stubs

.iplt           0x10007518        0x0
 .iplt          0x10007518        0x0 c:/progra~1/raspbe~1/picosd~1.1/gcc-ar~1/bin/../lib/gcc/arm-none-eabi/10.3.1/thumb/v6-m/nofp/crtbegin.o

.rodata         0x10007518     0x1924
 *(EXCLUDE_FILE(*libm.a: *libc.a:*lib_a-mem*.o *libgcc.a:) .rodata*)
 .rodata.write_byte.str1.4
                0x10007518       0x1e HW13IMU/CMakeFiles/HW13IMU.dir/I2C_MPU60502.c.obj
 *fill*         0x10007536        0x2 
 .rodata.mpu6050_init.str1.4
                0x10007538       0x8c HW13IMU/CMakeFiles/HW13IMU.dir/I2C_MPU60502.c.obj
 .rodata.read_burst_data.str1.4
                0x100075c4       0x43 HW13IMU/CMakeFiles/HW13IMU.dir/I2C_MPU60502.c.obj
 *fill*         0x10007607        0x1 
 .rodata.read_and_print_sensor_data.str1.4
                0x10007608       0x5e HW13IMU/CMakeFiles/HW13IMU.dir/I2C_MPU60502.c.obj
 *fill*         0x10007666        0x2 
 .rodata.main.str1.4
                0x10007668       0x18 HW13IMU/CMakeFiles/HW13IMU.dir/I2C_MPU60502.c.obj
 .rodata.spin_lock_claim_unused.str1.4
                0x10007680       0x1b HW13IMU/CMakeFiles/HW13IMU.dir/C_/Program_Files/Raspberry_Pi/Pico_SDK_v1.5.1/pico-sdk/src/rp2_common/hardware_sync/sync.c.obj
 *fill*         0x1000769b        0x1 
 .rodata.make_branch.str1.4
                0x1000769c       0x89 HW13IMU/CMakeFiles/HW13IMU.dir/C_/Program_Files/Raspberry_Pi/Pico_SDK_v1.5.1/pico-sdk/src/rp2_common/hardware_irq/irq.c.obj
 *fill*         0x10007725        0x3 
 .rodata.insert_branch_and_link.str1.4
                0x10007728       0x10 HW13IMU/CMakeFiles/HW13IMU.dir/C_/Program_Files/Raspberry_Pi/Pico_SDK_v1.5.1/pico-sdk/src/rp2_common/hardware_irq/irq.c.obj
 .rodata.irq_set_exclusive_handler.str1.4
                0x10007738       0x36 HW13IMU/CMakeFiles/HW13IMU.dir/C_/Program_Files/Raspberry_Pi/Pico_SDK_v1.5.1/pico-sdk/src/rp2_common/hardware_irq/irq.c.obj
 *fill*         0x1000776e        0x2 
 .rodata.irq_add_shared_handler.str1.4
                0x10007770       0xd9 HW13IMU/CMakeFiles/HW13IMU.dir/C_/Program_Files/Raspberry_Pi/Pico_SDK_v1.5.1/pico-sdk/src/rp2_common/hardware_irq/irq.c.obj
 *fill*         0x10007849        0x3 
 .rodata.irq_remove_handler.str1.4
                0x1000784c       0x3a HW13IMU/CMakeFiles/HW13IMU.dir/C_/Program_Files/Raspberry_Pi/Pico_SDK_v1.5.1/pico-sdk/src/rp2_common/hardware_irq/irq.c.obj
 *fill*         0x10007886        0x2 
 .rodata.irq_add_tail_to_free_list.str1.4
                0x10007888       0x3a HW13IMU/CMakeFiles/HW13IMU.dir/C_/Program_Files/Raspberry_Pi/Pico_SDK_v1.5.1/pico-sdk/src/rp2_common/hardware_irq/irq.c.obj
 *fill*         0x100078c2        0x2 
 .rodata.user_irq_claim_unused.str1.4
                0x100078c4       0x1b HW13IMU/CMakeFiles/HW13IMU.dir/C_/Program_Files/Raspberry_Pi/Pico_SDK_v1.5.1/pico-sdk/src/rp2_common/hardware_irq/irq.c.obj
 *fill*         0x100078df        0x1 
 .rodata.__func__.0
                0x100078e0       0x1a HW13IMU/CMakeFiles/HW13IMU.dir/C_/Program_Files/Raspberry_Pi/Pico_SDK_v1.5.1/pico-sdk/src/rp2_common/hardware_irq/irq.c.obj
 *fill*         0x100078fa        0x2 
 .rodata.__func__.1
                0x100078fc       0x17 HW13IMU/CMakeFiles/HW13IMU.dir/C_/Program_Files/Raspberry_Pi/Pico_SDK_v1.5.1/pico-sdk/src/rp2_common/hardware_irq/irq.c.obj
 *fill*         0x10007913        0x1 
 .rodata.__func__.2
                0x10007914       0x13 HW13IMU/CMakeFiles/HW13IMU.dir/C_/Program_Files/Raspberry_Pi/Pico_SDK_v1.5.1/pico-sdk/src/rp2_common/hardware_irq/irq.c.obj
 *fill*         0x10007927        0x1 
 .rodata.__func__.3
                0x10007928        0xc HW13IMU/CMakeFiles/HW13IMU.dir/C_/Program_Files/Raspberry_Pi/Pico_SDK_v1.5.1/pico-sdk/src/rp2_common/hardware_irq/irq.c.obj
 .rodata.__func__.4
                0x10007934        0xf HW13IMU/CMakeFiles/HW13IMU.dir/C_/Program_Files/Raspberry_Pi/Pico_SDK_v1.5.1/pico-sdk/src/rp2_common/hardware_irq/irq.c.obj
 *fill*         0x10007943        0x1 
 .rodata.__func__.5
                0x10007944       0x17 HW13IMU/CMakeFiles/HW13IMU.dir/C_/Program_Files/Raspberry_Pi/Pico_SDK_v1.5.1/pico-sdk/src/rp2_common/hardware_irq/irq.c.obj
 *fill*         0x1000795b        0x1 
 .rodata.__func__.6
                0x1000795c       0x1a HW13IMU/CMakeFiles/HW13IMU.dir/C_/Program_Files/Raspberry_Pi/Pico_SDK_v1.5.1/pico-sdk/src/rp2_common/hardware_irq/irq.c.obj
 *fill*         0x10007976        0x2 
 .rodata.str1.4
                0x10007978      0x125 HW13IMU/CMakeFiles/HW13IMU.dir/C_/Program_Files/Raspberry_Pi/Pico_SDK_v1.5.1/pico-sdk/src/common/pico_sync/mutex.c.obj
 *fill*         0x10007a9d        0x3 
 .rodata.__func__.1
                0x10007aa0        0xb HW13IMU/CMakeFiles/HW13IMU.dir/C_/Program_Files/Raspberry_Pi/Pico_SDK_v1.5.1/pico-sdk/src/common/pico_sync/mutex.c.obj
 *fill*         0x10007aab        0x1 
 .rodata.__func__.3
                0x10007aac       0x18 HW13IMU/CMakeFiles/HW13IMU.dir/C_/Program_Files/Raspberry_Pi/Pico_SDK_v1.5.1/pico-sdk/src/common/pico_sync/mutex.c.obj
 .rodata.__func__.4
                0x10007ac4       0x15 HW13IMU/CMakeFiles/HW13IMU.dir/C_/Program_Files/Raspberry_Pi/Pico_SDK_v1.5.1/pico-sdk/src/common/pico_sync/mutex.c.obj
 *fill*         0x10007ad9        0x3 
 .rodata.repeating_timer_callback.str1.4
                0x10007adc       0x67 HW13IMU/CMakeFiles/HW13IMU.dir/C_/Program_Files/Raspberry_Pi/Pico_SDK_v1.5.1/pico-sdk/src/common/pico_time/time.c.obj
 *fill*         0x10007b43        0x1 
 .rodata.timer_pool_entry_comparator.str1.4
                0x10007b44       0x22 HW13IMU/CMakeFiles/HW13IMU.dir/C_/Program_Files/Raspberry_Pi/Pico_SDK_v1.5.1/pico-sdk/src/common/pico_time/time.c.obj
 *fill*         0x10007b66        0x2 
 .rodata.ph_add_child_node.str1.4
                0x10007b68       0xb2 HW13IMU/CMakeFiles/HW13IMU.dir/C_/Program_Files/Raspberry_Pi/Pico_SDK_v1.5.1/pico-sdk/src/common/pico_time/time.c.obj
 *fill*         0x10007c1a        0x2 
 .rodata.add_alarm_under_lock.str1.4
                0x10007c1c       0x28 HW13IMU/CMakeFiles/HW13IMU.dir/C_/Program_Files/Raspberry_Pi/Pico_SDK_v1.5.1/pico-sdk/src/common/pico_time/time.c.obj
                                 0x2b (size before relaxing)
 .rodata.alarm_pool_alarm_callback.str1.4
                0x10007c44       0x98 HW13IMU/CMakeFiles/HW13IMU.dir/C_/Program_Files/Raspberry_Pi/Pico_SDK_v1.5.1/pico-sdk/src/common/pico_time/time.c.obj
                                0x118 (size before relaxing)
 .rodata.alarm_pool_get_default.str1.4
                0x10007cdc       0x21 HW13IMU/CMakeFiles/HW13IMU.dir/C_/Program_Files/Raspberry_Pi/Pico_SDK_v1.5.1/pico-sdk/src/common/pico_time/time.c.obj
 *fill*         0x10007cfd        0x3 
 .rodata.alarm_pool_cancel_alarm.str1.4
                0x10007d00       0x27 HW13IMU/CMakeFiles/HW13IMU.dir/C_/Program_Files/Raspberry_Pi/Pico_SDK_v1.5.1/pico-sdk/src/common/pico_time/time.c.obj
 *fill*         0x10007d27        0x1 
 .rodata.sleep_until.str1.4
                0x10007d28       0x4d HW13IMU/CMakeFiles/HW13IMU.dir/C_/Program_Files/Raspberry_Pi/Pico_SDK_v1.5.1/pico-sdk/src/common/pico_time/time.c.obj
 *fill*         0x10007d75        0x3 
 .rodata.__func__.1
                0x10007d78       0x18 HW13IMU/CMakeFiles/HW13IMU.dir/C_/Program_Files/Raspberry_Pi/Pico_SDK_v1.5.1/pico-sdk/src/common/pico_time/time.c.obj
 .rodata.__func__.10
                0x10007d90       0x15 HW13IMU/CMakeFiles/HW13IMU.dir/C_/Program_Files/Raspberry_Pi/Pico_SDK_v1.5.1/pico-sdk/src/common/pico_time/time.c.obj
 *fill*         0x10007da5        0x3 
 .rodata.__func__.11
                0x10007da8       0x1a HW13IMU/CMakeFiles/HW13IMU.dir/C_/Program_Files/Raspberry_Pi/Pico_SDK_v1.5.1/pico-sdk/src/common/pico_time/time.c.obj
 *fill*         0x10007dc2        0x2 
 .rodata.__func__.12
                0x10007dc4        0xa HW13IMU/CMakeFiles/HW13IMU.dir/C_/Program_Files/Raspberry_Pi/Pico_SDK_v1.5.1/pico-sdk/src/common/pico_time/time.c.obj
 *fill*         0x10007dce        0x2 
 .rodata.__func__.3
                0x10007dd0       0x17 HW13IMU/CMakeFiles/HW13IMU.dir/C_/Program_Files/Raspberry_Pi/Pico_SDK_v1.5.1/pico-sdk/src/common/pico_time/time.c.obj
 *fill*         0x10007de7        0x1 
 .rodata.__func__.4
                0x10007de8       0x12 HW13IMU/CMakeFiles/HW13IMU.dir/C_/Program_Files/Raspberry_Pi/Pico_SDK_v1.5.1/pico-sdk/src/common/pico_time/time.c.obj
 *fill*         0x10007dfa        0x2 
 .rodata.__func__.5
                0x10007dfc        0xd HW13IMU/CMakeFiles/HW13IMU.dir/C_/Program_Files/Raspberry_Pi/Pico_SDK_v1.5.1/pico-sdk/src/common/pico_time/time.c.obj
 *fill*         0x10007e09        0x3 
 .rodata.__func__.6
                0x10007e0c       0x12 HW13IMU/CMakeFiles/HW13IMU.dir/C_/Program_Files/Raspberry_Pi/Pico_SDK_v1.5.1/pico-sdk/src/common/pico_time/time.c.obj
 *fill*         0x10007e1e        0x2 
 .rodata.__func__.7
                0x10007e20        0xf HW13IMU/CMakeFiles/HW13IMU.dir/C_/Program_Files/Raspberry_Pi/Pico_SDK_v1.5.1/pico-sdk/src/common/pico_time/time.c.obj
 *fill*         0x10007e2f        0x1 
 .rodata.__func__.8
                0x10007e30        0xc HW13IMU/CMakeFiles/HW13IMU.dir/C_/Program_Files/Raspberry_Pi/Pico_SDK_v1.5.1/pico-sdk/src/common/pico_time/time.c.obj
 .rodata.__func__.9
                0x10007e3c       0x15 HW13IMU/CMakeFiles/HW13IMU.dir/C_/Program_Files/Raspberry_Pi/Pico_SDK_v1.5.1/pico-sdk/src/common/pico_time/time.c.obj
 *fill*         0x10007e51        0x3 
 .rodata.hardware_alarm_claim.str1.4
                0x10007e54       0x22 HW13IMU/CMakeFiles/HW13IMU.dir/C_/Program_Files/Raspberry_Pi/Pico_SDK_v1.5.1/pico-sdk/src/rp2_common/hardware_timer/timer.c.obj
 *fill*         0x10007e76        0x2 
 .rodata.hardware_alarm_set_target.str1.4
                0x10007e78       0x81 HW13IMU/CMakeFiles/HW13IMU.dir/C_/Program_Files/Raspberry_Pi/Pico_SDK_v1.5.1/pico-sdk/src/rp2_common/hardware_timer/timer.c.obj
 *fill*         0x10007ef9        0x3 
 .rodata.__func__.0
                0x10007efc       0x1a HW13IMU/CMakeFiles/HW13IMU.dir/C_/Program_Files/Raspberry_Pi/Pico_SDK_v1.5.1/pico-sdk/src/rp2_common/hardware_timer/timer.c.obj
 .rodata.ph_add_child_node.str1.4
                0x10007f16       0xb2 HW13IMU/CMakeFiles/HW13IMU.dir/C_/Program_Files/Raspberry_Pi/Pico_SDK_v1.5.1/pico-sdk/src/common/pico_util/pheap.c.obj
 *fill*         0x10007f16        0x2 
 .rodata.ph_remove_any_head.str1.4
                0x10007f18       0xa8 HW13IMU/CMakeFiles/HW13IMU.dir/C_/Program_Files/Raspberry_Pi/Pico_SDK_v1.5.1/pico-sdk/src/common/pico_util/pheap.c.obj
                                 0xbc (size before relaxing)
 .rodata.ph_remove_and_free_node.str1.4
                0x10007fc0       0x1e HW13IMU/CMakeFiles/HW13IMU.dir/C_/Program_Files/Raspberry_Pi/Pico_SDK_v1.5.1/pico-sdk/src/common/pico_util/pheap.c.obj
                                 0x26 (size before relaxing)
 *fill*         0x10007fde        0x2 
 .rodata.__func__.0
                0x10007fe0       0x18 HW13IMU/CMakeFiles/HW13IMU.dir/C_/Program_Files/Raspberry_Pi/Pico_SDK_v1.5.1/pico-sdk/src/common/pico_util/pheap.c.obj
 .rodata.__func__.1
                0x10007ff8       0x13 HW13IMU/CMakeFiles/HW13IMU.dir/C_/Program_Files/Raspberry_Pi/Pico_SDK_v1.5.1/pico-sdk/src/common/pico_util/pheap.c.obj
 *fill*         0x1000800b        0x1 
 .rodata.__func__.2
                0x1000800c       0x12 HW13IMU/CMakeFiles/HW13IMU.dir/C_/Program_Files/Raspberry_Pi/Pico_SDK_v1.5.1/pico-sdk/src/common/pico_util/pheap.c.obj
 *fill*         0x1000801e        0x2 
 .rodata.__func__.3
                0x10008020        0xc HW13IMU/CMakeFiles/HW13IMU.dir/C_/Program_Files/Raspberry_Pi/Pico_SDK_v1.5.1/pico-sdk/src/common/pico_util/pheap.c.obj
 .rodata.clock_configure.str1.4
                0x1000802c       0x73 HW13IMU/CMakeFiles/HW13IMU.dir/C_/Program_Files/Raspberry_Pi/Pico_SDK_v1.5.1/pico-sdk/src/rp2_common/hardware_clocks/clocks.c.obj
 *fill*         0x1000809f        0x1 
 .rodata.__func__.1
                0x100080a0       0x10 HW13IMU/CMakeFiles/HW13IMU.dir/C_/Program_Files/Raspberry_Pi/Pico_SDK_v1.5.1/pico-sdk/src/rp2_common/hardware_clocks/clocks.c.obj
 .rodata.pll_init.str1.4
                0x100080b0      0x140 HW13IMU/CMakeFiles/HW13IMU.dir/C_/Program_Files/Raspberry_Pi/Pico_SDK_v1.5.1/pico-sdk/src/rp2_common/hardware_pll/pll.c.obj
 .rodata.__func__.0
                0x100081f0        0x9 HW13IMU/CMakeFiles/HW13IMU.dir/C_/Program_Files/Raspberry_Pi/Pico_SDK_v1.5.1/pico-sdk/src/rp2_common/hardware_pll/pll.c.obj
 *fill*         0x100081f9        0x3 
 .rodata.__assert_func.str1.4
                0x100081fc       0x3f HW13IMU/CMakeFiles/HW13IMU.dir/C_/Program_Files/Raspberry_Pi/Pico_SDK_v1.5.1/pico-sdk/src/rp2_common/pico_runtime/runtime.c.obj
                                 0x43 (size before relaxing)
 *fill*         0x1000823b        0x1 
 .rodata.runtime_init.str1.4
                0x1000823c       0x7d HW13IMU/CMakeFiles/HW13IMU.dir/C_/Program_Files/Raspberry_Pi/Pico_SDK_v1.5.1/pico-sdk/src/rp2_common/pico_runtime/runtime.c.obj
 *fill*         0x100082b9        0x3 
 .rodata.panic.str1.4
                0x100082bc       0x10 HW13IMU/CMakeFiles/HW13IMU.dir/C_/Program_Files/Raspberry_Pi/Pico_SDK_v1.5.1/pico-sdk/src/rp2_common/pico_runtime/runtime.c.obj
                                 0x12 (size before relaxing)
 .rodata.__func__.2
                0x100082cc        0xd HW13IMU/CMakeFiles/HW13IMU.dir/C_/Program_Files/Raspberry_Pi/Pico_SDK_v1.5.1/pico-sdk/src/rp2_common/pico_runtime/runtime.c.obj
 *fill*         0x100082d9        0x3 
 .rodata._ftoa.str1.4
                0x100082dc       0x15 HW13IMU/CMakeFiles/HW13IMU.dir/C_/Program_Files/Raspberry_Pi/Pico_SDK_v1.5.1/pico-sdk/src/rp2_common/pico_printf/printf.c.obj
 *fill*         0x100082f1        0x3 
 .rodata._vsnprintf
                0x100082f4      0x1e0 HW13IMU/CMakeFiles/HW13IMU.dir/C_/Program_Files/Raspberry_Pi/Pico_SDK_v1.5.1/pico-sdk/src/rp2_common/pico_printf/printf.c.obj
 *fill*         0x100084d4        0x4 
 .rodata.pow10.0
                0x100084d8       0x50 HW13IMU/CMakeFiles/HW13IMU.dir/C_/Program_Files/Raspberry_Pi/Pico_SDK_v1.5.1/pico-sdk/src/rp2_common/pico_printf/printf.c.obj
 .rodata.__aeabi_double_init.str1.4
                0x10008528       0xb8 HW13IMU/CMakeFiles/HW13IMU.dir/C_/Program_Files/Raspberry_Pi/Pico_SDK_v1.5.1/pico-sdk/src/rp2_common/pico_double/double_init_rom.c.obj
 .rodata.__func__.0
                0x100085e0       0x14 HW13IMU/CMakeFiles/HW13IMU.dir/C_/Program_Files/Raspberry_Pi/Pico_SDK_v1.5.1/pico-sdk/src/rp2_common/pico_double/double_init_rom.c.obj
 .rodata.__aeabi_float_init.str1.4
                0x100085f4       0x96 HW13IMU/CMakeFiles/HW13IMU.dir/C_/Program_Files/Raspberry_Pi/Pico_SDK_v1.5.1/pico-sdk/src/rp2_common/pico_float/float_init_rom.c.obj
                                 0x9a (size before relaxing)
 *fill*         0x1000868a        0x2 
 .rodata.__func__.0
                0x1000868c       0x13 HW13IMU/CMakeFiles/HW13IMU.dir/C_/Program_Files/Raspberry_Pi/Pico_SDK_v1.5.1/pico-sdk/src/rp2_common/pico_float/float_init_rom.c.obj
 *fill*         0x1000869f        0x1 
 .rodata.str1.4
                0x100086a0       0x3c HW13IMU/CMakeFiles/HW13IMU.dir/C_/Program_Files/Raspberry_Pi/Pico_SDK_v1.5.1/pico-sdk/src/rp2_common/pico_standard_link/binary_info.c.obj
 .rodata.__bi_44
                0x100086dc        0xc HW13IMU/CMakeFiles/HW13IMU.dir/C_/Program_Files/Raspberry_Pi/Pico_SDK_v1.5.1/pico-sdk/src/rp2_common/pico_standard_link/binary_info.c.obj
 .rodata.__bi_75
                0x100086e8        0xc HW13IMU/CMakeFiles/HW13IMU.dir/C_/Program_Files/Raspberry_Pi/Pico_SDK_v1.5.1/pico-sdk/src/rp2_common/pico_standard_link/binary_info.c.obj
 .rodata.__bi_81
                0x100086f4        0xc HW13IMU/CMakeFiles/HW13IMU.dir/C_/Program_Files/Raspberry_Pi/Pico_SDK_v1.5.1/pico-sdk/src/rp2_common/pico_standard_link/binary_info.c.obj
 .rodata.stdout_serialize_begin.str1.4
                0x10008700       0x7d HW13IMU/CMakeFiles/HW13IMU.dir/C_/Program_Files/Raspberry_Pi/Pico_SDK_v1.5.1/pico-sdk/src/rp2_common/pico_stdio/stdio.c.obj
 .rodata.__func__.3
                0x10008700       0x15 HW13IMU/CMakeFiles/HW13IMU.dir/C_/Program_Files/Raspberry_Pi/Pico_SDK_v1.5.1/pico-sdk/src/rp2_common/pico_stdio/stdio.c.obj
 *fill*         0x10008715        0x3 
 .rodata.crlf_str.2
                0x10008718        0x2 HW13IMU/CMakeFiles/HW13IMU.dir/C_/Program_Files/Raspberry_Pi/Pico_SDK_v1.5.1/pico-sdk/src/rp2_common/pico_stdio/stdio.c.obj
 *fill*         0x1000871a        0x2 
 .rodata._resetd_driver
                0x1000871c       0x18 HW13IMU/CMakeFiles/HW13IMU.dir/C_/Program_Files/Raspberry_Pi/Pico_SDK_v1.5.1/pico-sdk/src/rp2_common/pico_stdio_usb/reset_interface.c.obj
 .rodata.low_priority_worker_irq.str1.4
                0x10008734       0x7d HW13IMU/CMakeFiles/HW13IMU.dir/C_/Program_Files/Raspberry_Pi/Pico_SDK_v1.5.1/pico-sdk/src/rp2_common/pico_stdio_usb/stdio_usb.c.obj
 .rodata.stdio_usb_init.str1.4
                0x10008734       0x61 HW13IMU/CMakeFiles/HW13IMU.dir/C_/Program_Files/Raspberry_Pi/Pico_SDK_v1.5.1/pico-sdk/src/rp2_common/pico_stdio_usb/stdio_usb.c.obj
                                 0x69 (size before relaxing)
 *fill*         0x10008795        0x3 
 .rodata.str1.4
                0x10008798       0x13 HW13IMU/CMakeFiles/HW13IMU.dir/C_/Program_Files/Raspberry_Pi/Pico_SDK_v1.5.1/pico-sdk/src/rp2_common/pico_stdio_usb/stdio_usb.c.obj
 *fill*         0x100087ab        0x1 
 .rodata.__bi_182.0
                0x100087ac        0xc HW13IMU/CMakeFiles/HW13IMU.dir/C_/Program_Files/Raspberry_Pi/Pico_SDK_v1.5.1/pico-sdk/src/rp2_common/pico_stdio_usb/stdio_usb.c.obj
 .rodata.__func__.1
                0x100087b8        0xf HW13IMU/CMakeFiles/HW13IMU.dir/C_/Program_Files/Raspberry_Pi/Pico_SDK_v1.5.1/pico-sdk/src/rp2_common/pico_stdio_usb/stdio_usb.c.obj
 *fill*         0x100087c7        0x1 
 .rodata.__func__.3
                0x100087c8       0x15 HW13IMU/CMakeFiles/HW13IMU.dir/C_/Program_Files/Raspberry_Pi/Pico_SDK_v1.5.1/pico-sdk/src/rp2_common/pico_stdio_usb/stdio_usb.c.obj
 *fill*         0x100087dd        0x3 
 .rodata.str1.4
                0x100087e0       0x2a HW13IMU/CMakeFiles/HW13IMU.dir/C_/Program_Files/Raspberry_Pi/Pico_SDK_v1.5.1/pico-sdk/src/rp2_common/pico_stdio_usb/stdio_usb_descriptors.c.obj
 *fill*         0x1000880a        0x2 
 .rodata.usbd_desc_cfg
                0x1000880c       0x54 HW13IMU/CMakeFiles/HW13IMU.dir/C_/Program_Files/Raspberry_Pi/Pico_SDK_v1.5.1/pico-sdk/src/rp2_common/pico_stdio_usb/stdio_usb_descriptors.c.obj
 .rodata.usbd_desc_device
                0x10008860       0x12 HW13IMU/CMakeFiles/HW13IMU.dir/C_/Program_Files/Raspberry_Pi/Pico_SDK_v1.5.1/pico-sdk/src/rp2_common/pico_stdio_usb/stdio_usb_descriptors.c.obj
 *fill*         0x10008872        0x2 
 .rodata.usbd_desc_str
                0x10008874       0x18 HW13IMU/CMakeFiles/HW13IMU.dir/C_/Program_Files/Raspberry_Pi/Pico_SDK_v1.5.1/pico-sdk/src/rp2_common/pico_stdio_usb/stdio_usb_descriptors.c.obj
 .rodata.pico_get_unique_board_id_string.str1.4
                0x1000888c       0x69 HW13IMU/CMakeFiles/HW13IMU.dir/C_/Program_Files/Raspberry_Pi/Pico_SDK_v1.5.1/pico-sdk/src/rp2_common/pico_unique_id/unique_id.c.obj
 *fill*         0x100088f5        0x3 
 .rodata.__func__.0
                0x100088f8       0x20 HW13IMU/CMakeFiles/HW13IMU.dir/C_/Program_Files/Raspberry_Pi/Pico_SDK_v1.5.1/pico-sdk/src/rp2_common/pico_unique_id/unique_id.c.obj
 .rodata.str1.4
                0x10008918      0x176 HW13IMU/CMakeFiles/HW13IMU.dir/C_/Program_Files/Raspberry_Pi/Pico_SDK_v1.5.1/pico-sdk/src/rp2_common/hardware_flash/flash.c.obj
 *fill*         0x10008a8e        0x2 
 .rodata.__func__.0
                0x10008a90        0xd HW13IMU/CMakeFiles/HW13IMU.dir/C_/Program_Files/Raspberry_Pi/Pico_SDK_v1.5.1/pico-sdk/src/rp2_common/hardware_flash/flash.c.obj
 *fill*         0x10008a9d        0x3 
 .rodata._hw_endpoint_alloc.str1.4
                0x10008aa0       0xd1 HW13IMU/CMakeFiles/HW13IMU.dir/C_/Program_Files/Raspberry_Pi/Pico_SDK_v1.5.1/pico-sdk/lib/tinyusb/src/portable/raspberrypi/rp2040/dcd_rp2040.c.obj
 *fill*         0x10008b71        0x3 
 .rodata.str1.4
                0x10008b74       0x14 HW13IMU/CMakeFiles/HW13IMU.dir/C_/Program_Files/Raspberry_Pi/Pico_SDK_v1.5.1/pico-sdk/lib/tinyusb/src/portable/raspberrypi/rp2040/dcd_rp2040.c.obj
 .rodata.dcd_int_enable.str1.4
                0x10008b88        0xc HW13IMU/CMakeFiles/HW13IMU.dir/C_/Program_Files/Raspberry_Pi/Pico_SDK_v1.5.1/pico-sdk/lib/tinyusb/src/portable/raspberrypi/rp2040/dcd_rp2040.c.obj
 .rodata.__func__.0
                0x10008b94        0xe HW13IMU/CMakeFiles/HW13IMU.dir/C_/Program_Files/Raspberry_Pi/Pico_SDK_v1.5.1/pico-sdk/lib/tinyusb/src/portable/raspberrypi/rp2040/dcd_rp2040.c.obj
 *fill*         0x10008ba2        0x2 
 .rodata.__func__.1
                0x10008ba4        0xe HW13IMU/CMakeFiles/HW13IMU.dir/C_/Program_Files/Raspberry_Pi/Pico_SDK_v1.5.1/pico-sdk/lib/tinyusb/src/portable/raspberrypi/rp2040/dcd_rp2040.c.obj
 *fill*         0x10008bb2        0x2 
 .rodata.__func__.3
                0x10008bb4       0x10 HW13IMU/CMakeFiles/HW13IMU.dir/C_/Program_Files/Raspberry_Pi/Pico_SDK_v1.5.1/pico-sdk/lib/tinyusb/src/portable/raspberrypi/rp2040/dcd_rp2040.c.obj
 .rodata.__func__.5
                0x10008bc4        0xf HW13IMU/CMakeFiles/HW13IMU.dir/C_/Program_Files/Raspberry_Pi/Pico_SDK_v1.5.1/pico-sdk/lib/tinyusb/src/portable/raspberrypi/rp2040/dcd_rp2040.c.obj
 *fill*         0x10008bd3        0x1 
 .rodata.__func__.6
                0x10008bd4       0x13 HW13IMU/CMakeFiles/HW13IMU.dir/C_/Program_Files/Raspberry_Pi/Pico_SDK_v1.5.1/pico-sdk/lib/tinyusb/src/portable/raspberrypi/rp2040/dcd_rp2040.c.obj
 *fill*         0x10008be7        0x1 
 .rodata.__func__.7
                0x10008be8        0x9 HW13IMU/CMakeFiles/HW13IMU.dir/C_/Program_Files/Raspberry_Pi/Pico_SDK_v1.5.1/pico-sdk/lib/tinyusb/src/portable/raspberrypi/rp2040/dcd_rp2040.c.obj
 *fill*         0x10008bf1        0x3 
 .rodata.str1.4
                0x10008bf4      0x103 HW13IMU/CMakeFiles/HW13IMU.dir/C_/Program_Files/Raspberry_Pi/Pico_SDK_v1.5.1/pico-sdk/lib/tinyusb/src/portable/raspberrypi/rp2040/rp2040_usb.c.obj
 *fill*         0x10008cf7        0x1 
 .rodata.__func__.0
                0x10008cf8        0xf HW13IMU/CMakeFiles/HW13IMU.dir/C_/Program_Files/Raspberry_Pi/Pico_SDK_v1.5.1/pico-sdk/lib/tinyusb/src/portable/raspberrypi/rp2040/rp2040_usb.c.obj
 *fill*         0x10008d07        0x1 
 .rodata.process_get_descriptor
                0x10008d08       0x40 HW13IMU/CMakeFiles/HW13IMU.dir/C_/Program_Files/Raspberry_Pi/Pico_SDK_v1.5.1/pico-sdk/lib/tinyusb/src/device/usbd.c.obj
 .rodata.process_control_request
                0x10008d48       0x28 HW13IMU/CMakeFiles/HW13IMU.dir/C_/Program_Files/Raspberry_Pi/Pico_SDK_v1.5.1/pico-sdk/lib/tinyusb/src/device/usbd.c.obj
 .rodata.tud_task_ext
                0x10008d70       0x24 HW13IMU/CMakeFiles/HW13IMU.dir/C_/Program_Files/Raspberry_Pi/Pico_SDK_v1.5.1/pico-sdk/lib/tinyusb/src/device/usbd.c.obj
 .rodata._usbd_driver
                0x10008d94       0x18 HW13IMU/CMakeFiles/HW13IMU.dir/C_/Program_Files/Raspberry_Pi/Pico_SDK_v1.5.1/pico-sdk/lib/tinyusb/src/device/usbd.c.obj
 .rodata.i2c_set_baudrate.str1.4
                0x10008dac       0x79 HW13IMU/CMakeFiles/HW13IMU.dir/C_/Program_Files/Raspberry_Pi/Pico_SDK_v1.5.1/pico-sdk/src/rp2_common/hardware_i2c/i2c.c.obj
 *fill*         0x10008e25        0x3 
 .rodata.__func__.0
                0x10008e28       0x11 HW13IMU/CMakeFiles/HW13IMU.dir/C_/Program_Files/Raspberry_Pi/Pico_SDK_v1.5.1/pico-sdk/src/rp2_common/hardware_i2c/i2c.c.obj
                0x10008e3c                . = ALIGN (0x4)
 *fill*         0x10008e39        0x3 
 *(SORT_BY_ALIGNMENT(SORT_BY_NAME(.flashdata*)))
                0x10008e3c                . = ALIGN (0x4)

.ARM.extab
 *(.ARM.extab* .gnu.linkonce.armextab.*)
                0x10008e3c                __exidx_start = .

.ARM.exidx
 *(.ARM.exidx* .gnu.linkonce.armexidx.*)
                0x10008e3c                __exidx_end = .
                0x10008e3c                . = ALIGN (0x4)
                0x10008e3c                __binary_info_start = .

.binary_info    0x10008e3c       0x20
 *(.binary_info.keep.*)
 .binary_info.keep.__bi_ptr22
                0x10008e3c        0x4 HW13IMU/CMakeFiles/HW13IMU.dir/C_/Program_Files/Raspberry_Pi/Pico_SDK_v1.5.1/pico-sdk/src/rp2_common/pico_standard_link/binary_info.c.obj
 .binary_info.keep.__bi_ptr30
                0x10008e40        0x4 HW13IMU/CMakeFiles/HW13IMU.dir/C_/Program_Files/Raspberry_Pi/Pico_SDK_v1.5.1/pico-sdk/src/rp2_common/pico_standard_link/binary_info.c.obj
 .binary_info.keep.__bi_ptr38
                0x10008e44        0x4 HW13IMU/CMakeFiles/HW13IMU.dir/C_/Program_Files/Raspberry_Pi/Pico_SDK_v1.5.1/pico-sdk/src/rp2_common/pico_standard_link/binary_info.c.obj
 .binary_info.keep.__bi_ptr44
                0x10008e48        0x4 HW13IMU/CMakeFiles/HW13IMU.dir/C_/Program_Files/Raspberry_Pi/Pico_SDK_v1.5.1/pico-sdk/src/rp2_common/pico_standard_link/binary_info.c.obj
 .binary_info.keep.__bi_ptr50
                0x10008e4c        0x4 HW13IMU/CMakeFiles/HW13IMU.dir/C_/Program_Files/Raspberry_Pi/Pico_SDK_v1.5.1/pico-sdk/src/rp2_common/pico_standard_link/binary_info.c.obj
 .binary_info.keep.__bi_ptr75
                0x10008e50        0x4 HW13IMU/CMakeFiles/HW13IMU.dir/C_/Program_Files/Raspberry_Pi/Pico_SDK_v1.5.1/pico-sdk/src/rp2_common/pico_standard_link/binary_info.c.obj
 .binary_info.keep.__bi_ptr81
                0x10008e54        0x4 HW13IMU/CMakeFiles/HW13IMU.dir/C_/Program_Files/Raspberry_Pi/Pico_SDK_v1.5.1/pico-sdk/src/rp2_common/pico_standard_link/binary_info.c.obj
 *(.binary_info.*)
 .binary_info.__bi_ptr182
                0x10008e58        0x4 HW13IMU/CMakeFiles/HW13IMU.dir/C_/Program_Files/Raspberry_Pi/Pico_SDK_v1.5.1/pico-sdk/src/rp2_common/pico_stdio_usb/stdio_usb.c.obj
                0x10008e5c                __binary_info_end = .

.rel.dyn        0x10008e5c        0x0
 .rel.iplt      0x10008e5c        0x0 c:/progra~1/raspbe~1/picosd~1.1/gcc-ar~1/bin/../lib/gcc/arm-none-eabi/10.3.1/thumb/v6-m/nofp/crtbegin.o
                0x10008e5c                . = ALIGN (0x4)

.ram_vector_table
                0x20000000       0xc0
 *(.ram_vector_table)
 .ram_vector_table
                0x20000000       0xc0 HW13IMU/CMakeFiles/HW13IMU.dir/C_/Program_Files/Raspberry_Pi/Pico_SDK_v1.5.1/pico-sdk/src/rp2_common/pico_runtime/runtime.c.obj
                0x20000000                ram_vector_table

.data           0x200000c0      0xbf8 load address 0x10008e5c
                0x200000c0                __data_start__ = .
 *(vtable)
 *(.time_critical*)
 .time_critical.mutex_try_enter
                0x200000c0       0x46 HW13IMU/CMakeFiles/HW13IMU.dir/C_/Program_Files/Raspberry_Pi/Pico_SDK_v1.5.1/pico-sdk/src/common/pico_sync/mutex.c.obj
                0x200000c0                mutex_try_enter
 *fill*         0x20000106        0x2 
 .time_critical.mutex_enter_block_until
                0x20000108       0x8c HW13IMU/CMakeFiles/HW13IMU.dir/C_/Program_Files/Raspberry_Pi/Pico_SDK_v1.5.1/pico-sdk/src/common/pico_sync/mutex.c.obj
                0x20000108                mutex_enter_block_until
 .time_critical.mutex_try_enter_block_until