Archive member included to satisfy reference by file (symbol)

c:/progra~1/raspbe~1/picosd~1.1/gcc-ar~1/bin/../lib/gcc/arm-none-eabi/10.3.1/thumb/v6-m/nofp\libgcc.a(_dvmd_tls.o)
                              HW5/CMakeFiles/HW5.dir/C_/Program_Files/Raspberry_Pi/Pico_SDK_v1.5.1/pico-sdk/src/rp2_common/pico_divider/divider.S.obj (__aeabi_idiv0)
c:/progra~1/raspbe~1/picosd~1.1/gcc-ar~1/bin/../lib/gcc/arm-none-eabi/10.3.1/../../../../arm-none-eabi/lib/thumb/v6-m/nofp\libg.a(lib_a-calloc.o)
                              HW5/CMakeFiles/HW5.dir/C_/Program_Files/Raspberry_Pi/Pico_SDK_v1.5.1/pico-sdk/src/rp2_common/pico_malloc/pico_malloc.c.obj (calloc)
c:/progra~1/raspbe~1/picosd~1.1/gcc-ar~1/bin/../lib/gcc/arm-none-eabi/10.3.1/../../../../arm-none-eabi/lib/thumb/v6-m/nofp\libg.a(lib_a-callocr.o)
                              c:/progra~1/raspbe~1/picosd~1.1/gcc-ar~1/bin/../lib/gcc/arm-none-eabi/10.3.1/../../../../arm-none-eabi/lib/thumb/v6-m/nofp\libg.a(lib_a-calloc.o) (_calloc_r)
c:/progra~1/raspbe~1/picosd~1.1/gcc-ar~1/bin/../lib/gcc/arm-none-eabi/10.3.1/../../../../arm-none-eabi/lib/thumb/v6-m/nofp\libg.a(lib_a-errno.o)
                              c:/progra~1/raspbe~1/picosd~1.1/gcc-ar~1/bin/../lib/gcc/arm-none-eabi/10.3.1/../../../../arm-none-eabi/lib/thumb/v6-m/nofp\libg.a(lib_a-callocr.o) (__errno)
c:/progra~1/raspbe~1/picosd~1.1/gcc-ar~1/bin/../lib/gcc/arm-none-eabi/10.3.1/../../../../arm-none-eabi/lib/thumb/v6-m/nofp\libg.a(lib_a-impure.o)
                              c:/progra~1/raspbe~1/picosd~1.1/gcc-ar~1/bin/../lib/gcc/arm-none-eabi/10.3.1/../../../../arm-none-eabi/lib/thumb/v6-m/nofp\libg.a(lib_a-calloc.o) (_impure_ptr)
c:/progra~1/raspbe~1/picosd~1.1/gcc-ar~1/bin/../lib/gcc/arm-none-eabi/10.3.1/../../../../arm-none-eabi/lib/thumb/v6-m/nofp\libg.a(lib_a-init.o)
                              c:/progra~1/raspbe~1/picosd~1.1/gcc-ar~1/bin/../lib/gcc/arm-none-eabi/10.3.1/../../../../arm-none-eabi/lib/thumb/v6-m/nofp/crt0.o (__libc_init_array)
c:/progra~1/raspbe~1/picosd~1.1/gcc-ar~1/bin/../lib/gcc/arm-none-eabi/10.3.1/../../../../arm-none-eabi/lib/thumb/v6-m/nofp\libg.a(lib_a-malloc.o)
                              HW5/CMakeFiles/HW5.dir/C_/Program_Files/Raspberry_Pi/Pico_SDK_v1.5.1/pico-sdk/src/rp2_common/pico_malloc/pico_malloc.c.obj (malloc)
c:/progra~1/raspbe~1/picosd~1.1/gcc-ar~1/bin/../lib/gcc/arm-none-eabi/10.3.1/../../../../arm-none-eabi/lib/thumb/v6-m/nofp\libg.a(lib_a-mallocr.o)
                              c:/progra~1/raspbe~1/picosd~1.1/gcc-ar~1/bin/../lib/gcc/arm-none-eabi/10.3.1/../../../../arm-none-eabi/lib/thumb/v6-m/nofp\libg.a(lib_a-callocr.o) (_malloc_r)
c:/progra~1/raspbe~1/picosd~1.1/gcc-ar~1/bin/../lib/gcc/arm-none-eabi/10.3.1/../../../../arm-none-eabi/lib/thumb/v6-m/nofp\libg.a(lib_a-mlock.o)
                              c:/progra~1/raspbe~1/picosd~1.1/gcc-ar~1/bin/../lib/gcc/arm-none-eabi/10.3.1/../../../../arm-none-eabi/lib/thumb/v6-m/nofp\libg.a(lib_a-mallocr.o) (__malloc_lock)
c:/progra~1/raspbe~1/picosd~1.1/gcc-ar~1/bin/../lib/gcc/arm-none-eabi/10.3.1/../../../../arm-none-eabi/lib/thumb/v6-m/nofp\libg.a(lib_a-realloc.o)
                              HW5/CMakeFiles/HW5.dir/C_/Program_Files/Raspberry_Pi/Pico_SDK_v1.5.1/pico-sdk/src/rp2_common/pico_malloc/pico_malloc.c.obj (realloc)
c:/progra~1/raspbe~1/picosd~1.1/gcc-ar~1/bin/../lib/gcc/arm-none-eabi/10.3.1/../../../../arm-none-eabi/lib/thumb/v6-m/nofp\libg.a(lib_a-reallocr.o)
                              c:/progra~1/raspbe~1/picosd~1.1/gcc-ar~1/bin/../lib/gcc/arm-none-eabi/10.3.1/../../../../arm-none-eabi/lib/thumb/v6-m/nofp\libg.a(lib_a-realloc.o) (_realloc_r)
c:/progra~1/raspbe~1/picosd~1.1/gcc-ar~1/bin/../lib/gcc/arm-none-eabi/10.3.1/../../../../arm-none-eabi/lib/thumb/v6-m/nofp\libg.a(lib_a-sbrkr.o)
                              c:/progra~1/raspbe~1/picosd~1.1/gcc-ar~1/bin/../lib/gcc/arm-none-eabi/10.3.1/../../../../arm-none-eabi/lib/thumb/v6-m/nofp\libg.a(lib_a-mallocr.o) (_sbrk_r)
c:/progra~1/raspbe~1/picosd~1.1/gcc-ar~1/bin/../lib/gcc/arm-none-eabi/10.3.1/../../../../arm-none-eabi/lib/thumb/v6-m/nofp\libg.a(lib_a-strlen-stub.o)
                              HW5/CMakeFiles/HW5.dir/C_/Program_Files/Raspberry_Pi/Pico_SDK_v1.5.1/pico-sdk/src/rp2_common/pico_stdio/stdio.c.obj (strlen)
c:/progra~1/raspbe~1/picosd~1.1/gcc-ar~1/bin/../lib/gcc/arm-none-eabi/10.3.1/../../../../arm-none-eabi/lib/thumb/v6-m/nofp\libg.a(lib_a-freer.o)
                              c:/progra~1/raspbe~1/picosd~1.1/gcc-ar~1/bin/../lib/gcc/arm-none-eabi/10.3.1/../../../../arm-none-eabi/lib/thumb/v6-m/nofp\libg.a(lib_a-malloc.o) (_free_r)
c:/progra~1/raspbe~1/picosd~1.1/gcc-ar~1/bin/../lib/gcc/arm-none-eabi/10.3.1/../../../../arm-none-eabi/lib/thumb/v6-m/nofp\libg.a(lib_a-lock.o)
                              c:/progra~1/raspbe~1/picosd~1.1/gcc-ar~1/bin/../lib/gcc/arm-none-eabi/10.3.1/../../../../arm-none-eabi/lib/thumb/v6-m/nofp\libg.a(lib_a-mlock.o) (__retarget_lock_acquire_recursive)
[...]
Memory Configuration

Name             Origin             Length             Attributes
FLASH            0x10000000         0x00200000         xr
RAM              0x20000000         0x00040000         xrw
SCRATCH_X        0x20040000         0x00001000         xrw
SCRATCH_Y        0x20041000         0x00001000         xrw
*default*        0x00000000         0xffffffff

Linker script and memory map

LOAD c:/progra~1/raspbe~1/picosd~1.1/gcc-ar~1/bin/../lib/gcc/arm-none-eabi/10.3.1/thumb/v6-m/nofp/crti.o
LOAD c:/progra~1/raspbe~1/picosd~1.1/gcc-ar~1/bin/../lib/gcc/arm-none-eabi/10.3.1/thumb/v6-m/nofp/crtbegin.o
LOAD c:/progra~1/raspbe~1/picosd~1.1/gcc-ar~1/bin/../lib/gcc/arm-none-eabi/10.3.1/../../../../arm-none-eabi/lib/thumb/v6-m/nofp/crt0.o

.flash_begin    0x10000000        0x0
                0x10000000                __flash_binary_start = .

.boot2          0x10000000      0x100
                0x10000000                __boot2_start__ = .
 *(.boot2)
 .boot2         0x10000000      0x100 C:\Users\alext\AppData\Local\Temp\ccwBQ4SN.o
                0x10000100                __boot2_end__ = .
                0x00000001                ASSERT (((__boot2_end__ - __boot2_start__) == 0x100), ERROR: Pico second stage bootloader must be 256 bytes in size)

.text           0x10000100     0x7148
                0x10000100                __logical_binary_start = .
 *(.vectors)
 .vectors       0x10000100       0xd4 HW5/CMakeFiles/HW5.dir/C_/Program_Files/Raspberry_Pi/Pico_SDK_v1.5.1/pico-sdk/src/rp2_common/pico_standard_link/crt0.S.obj
                0x10000100                __VECTOR_TABLE
                0x10000100                __vectors
                0x100001c0                isr_invalid
                0x100001c0                __default_isrs_start
                0x100001c2                isr_nmi
                0x100001c4                isr_hardfault
                0x100001c6                isr_svcall
                0x100001c8                isr_pendsv
                0x100001ca                isr_systick
                0x100001cc                isr_irq23
                0x100001cc                isr_irq18
                0x100001cc                isr_irq11
                0x100001cc                isr_irq28
                0x100001cc                isr_irq19
                0x100001cc                isr_irq0
                0x100001cc                isr_irq6
                0x100001cc                isr_irq5
                0x100001cc                isr_irq12
                0x100001cc                isr_irq22
                0x100001cc                isr_irq31
                0x100001cc                isr_irq17
                0x100001cc                isr_irq27
                0x100001cc                isr_irq30
                0x100001cc                isr_irq2
                0x100001cc                isr_irq10
                0x100001cc                isr_irq8
                0x100001cc                isr_irq24
                0x100001cc                isr_irq1
                0x100001cc                isr_irq7
                0x100001cc                isr_irq21
                0x100001cc                isr_irq20
                0x100001cc                isr_irq15
                0x100001cc                isr_irq25
                0x100001cc                isr_irq13
                0x100001cc                __unhandled_user_irq
                0x100001cc                isr_irq4
                0x100001cc                isr_irq16
                0x100001cc                isr_irq29
                0x100001cc                isr_irq26
                0x100001cc                __default_isrs_end
                0x100001cc                isr_irq3
                0x100001cc                isr_irq14
                0x100001cc                isr_irq9
                0x100001d2                unhandled_user_irq_num_in_r0
 *(.binary_info_header)
 .binary_info_header
                0x100001d4       0x14 HW5/CMakeFiles/HW5.dir/C_/Program_Files/Raspberry_Pi/Pico_SDK_v1.5.1/pico-sdk/src/rp2_common/pico_standard_link/crt0.S.obj
                0x100001e8                __binary_info_header_end = .
 *(.reset)
 .reset         0x100001e8       0xa0 HW5/CMakeFiles/HW5.dir/C_/Program_Files/Raspberry_Pi/Pico_SDK_v1.5.1/pico-sdk/src/rp2_common/pico_standard_link/crt0.S.obj
                0x100001e8                _entry_point
 .reset         0x10000288       0x30 HW5/CMakeFiles/HW5.dir/C_/Program_Files/Raspberry_Pi/Pico_SDK_v1.5.1/pico-sdk/src/rp2_common/pico_standard_link/binary_info.c.obj
 *(.init)
 .init          0x100002b8        0x4 c:/progra~1/raspbe~1/picosd~1.1/gcc-ar~1/bin/../lib/gcc/arm-none-eabi/10.3.1/thumb/v6-m/nofp/crti.o
                0x100002b8                _init
 *(EXCLUDE_FILE(*libm.a: *libc.a:*lib_a-mem*.o *libgcc.a:) .text*)
 .text          0x100002bc       0x48 c:/progra~1/raspbe~1/picosd~1.1/gcc-ar~1/bin/../lib/gcc/arm-none-eabi/10.3.1/thumb/v6-m/nofp/crtbegin.o
 .text.chip_init
                0x10000304       0x28 HW5/CMakeFiles/HW5.dir/I2CMCP23008.c.obj
                0x10000304                chip_init
 .text.setPin   0x1000032c       0x24 HW5/CMakeFiles/HW5.dir/I2CMCP23008.c.obj
                0x1000032c                setPin
 .text.readPin  0x10000350       0x44 HW5/CMakeFiles/HW5.dir/I2CMCP23008.c.obj
                0x10000350                readPin
 .text.main     0x10000394       0xa8 HW5/CMakeFiles/HW5.dir/I2CMCP23008.c.obj
                0x10000394                main
 .text.gpio_set_function
                0x1000043c       0x30 HW5/CMakeFiles/HW5.dir/C_/Program_Files/Raspberry_Pi/Pico_SDK_v1.5.1/pico-sdk/src/rp2_common/hardware_gpio/gpio.c.obj
                0x1000043c                gpio_set_function
 .text.gpio_init
                0x1000046c       0x16 HW5/CMakeFiles/HW5.dir/C_/Program_Files/Raspberry_Pi/Pico_SDK_v1.5.1/pico-sdk/src/rp2_common/hardware_gpio/gpio.c.obj
                0x1000046c                gpio_init
 *fill*         0x10000482        0x2 
 .text.running_on_fpga
                0x10000484       0x14 HW5/CMakeFiles/HW5.dir/C_/Program_Files/Raspberry_Pi/Pico_SDK_v1.5.1/pico-sdk/src/rp2_common/pico_platform/platform.c.obj
                0x10000484                running_on_fpga
 .text.hw_claim_lock
                0x10000498       0x18 HW5/CMakeFiles/HW5.dir/C_/Program_Files/Raspberry_Pi/Pico_SDK_v1.5.1/pico-sdk/src/rp2_common/hardware_claim/claim.c.obj
                0x10000498                hw_claim_lock
 .text.hw_claim_unlock
                0x100004b0       0x14 HW5/CMakeFiles/HW5.dir/C_/Program_Files/Raspberry_Pi/Pico_SDK_v1.5.1/pico-sdk/src/rp2_common/hardware_claim/claim.c.obj
                0x100004b0                hw_claim_unlock
 .text.hw_claim_or_assert
                0x100004c4       0x32 HW5/CMakeFiles/HW5.dir/C_/Program_Files/Raspberry_Pi/Pico_SDK_v1.5.1/pico-sdk/src/rp2_common/hardware_claim/claim.c.obj
                0x100004c4                hw_claim_or_assert
 .text.hw_claim_unused_from_range
                0x100004f6       0x50 HW5/CMakeFiles/HW5.dir/C_/Program_Files/Raspberry_Pi/Pico_SDK_v1.5.1/pico-sdk/src/rp2_common/hardware_claim/claim.c.obj
                0x100004f6                hw_claim_unused_from_range
 *fill*         0x10000546        0x2 
 .text.spin_locks_reset
                0x10000548       0x20 HW5/CMakeFiles/HW5.dir/C_/Program_Files/Raspberry_Pi/Pico_SDK_v1.5.1/pico-sdk/src/rp2_common/hardware_sync/sync.c.obj
                0x10000548                spin_locks_reset
 .text.next_striped_spin_lock_num
                0x10000568       0x1c HW5/CMakeFiles/HW5.dir/C_/Program_Files/Raspberry_Pi/Pico_SDK_v1.5.1/pico-sdk/src/rp2_common/hardware_sync/sync.c.obj
                0x10000568                next_striped_spin_lock_num
 .text.spin_lock_claim_unused
                0x10000584       0x20 HW5/CMakeFiles/HW5.dir/C_/Program_Files/Raspberry_Pi/Pico_SDK_v1.5.1/pico-sdk/src/rp2_common/hardware_sync/sync.c.obj
                0x10000584                spin_lock_claim_unused
 .text.set_raw_irq_handler_and_unlock
                0x100005a4       0x28 HW5/CMakeFiles/HW5.dir/C_/Program_Files/Raspberry_Pi/Pico_SDK_v1.5.1/pico-sdk/src/rp2_common/hardware_irq/irq.c.obj
 .text.make_branch
                0x100005cc       0x48 HW5/CMakeFiles/HW5.dir/C_/Program_Files/Raspberry_Pi/Pico_SDK_v1.5.1/pico-sdk/src/rp2_common/hardware_irq/irq.c.obj
 .text.insert_branch_and_link
                0x10000614       0x40 HW5/CMakeFiles/HW5.dir/C_/Program_Files/Raspberry_Pi/Pico_SDK_v1.5.1/pico-sdk/src/rp2_common/hardware_irq/irq.c.obj
 .text.irq_is_enabled
                0x10000654       0x18 HW5/CMakeFiles/HW5.dir/C_/Program_Files/Raspberry_Pi/Pico_SDK_v1.5.1/pico-sdk/src/rp2_common/hardware_irq/irq.c.obj
                0x10000654                irq_is_enabled
 .text.irq_set_mask_enabled
                0x1000066c       0x20 HW5/CMakeFiles/HW5.dir/C_/Program_Files/Raspberry_Pi/Pico_SDK_v1.5.1/pico-sdk/src/rp2_common/hardware_irq/irq.c.obj
                0x1000066c                irq_set_mask_enabled
 .text.irq_set_enabled
                0x1000068c        0xe HW5/CMakeFiles/HW5.dir/C_/Program_Files/Raspberry_Pi/Pico_SDK_v1.5.1/pico-sdk/src/rp2_common/hardware_irq/irq.c.obj
                0x1000068c                irq_set_enabled
 *fill*         0x1000069a        0x2 
 .text.irq_set_pending
                0x1000069c       0x10 HW5/CMakeFiles/HW5.dir/C_/Program_Files/Raspberry_Pi/Pico_SDK_v1.5.1/pico-sdk/src/rp2_common/hardware_irq/irq.c.obj
                0x1000069c                irq_set_pending
 .text.irq_get_vtable_handler
                0x100006ac       0x10 HW5/CMakeFiles/HW5.dir/C_/Program_Files/Raspberry_Pi/Pico_SDK_v1.5.1/pico-sdk/src/rp2_common/hardware_irq/irq.c.obj
                0x100006ac                irq_get_vtable_handler
 .text.irq_has_shared_handler
                0x100006bc       0x24 HW5/CMakeFiles/HW5.dir/C_/Program_Files/Raspberry_Pi/Pico_SDK_v1.5.1/pico-sdk/src/rp2_common/hardware_irq/irq.c.obj
                0x100006bc                irq_has_shared_handler
 .text.irq_set_exclusive_handler
                0x100006e0       0x54 HW5/CMakeFiles/HW5.dir/C_/Program_Files/Raspberry_Pi/Pico_SDK_v1.5.1/pico-sdk/src/rp2_common/hardware_irq/irq.c.obj
                0x100006e0                irq_set_exclusive_handler
 .text.irq_add_shared_handler
                0x10000734      0x234 HW5/CMakeFiles/HW5.dir/C_/Program_Files/Raspberry_Pi/Pico_SDK_v1.5.1/pico-sdk/src/rp2_common/hardware_irq/irq.c.obj
                0x10000734                irq_add_shared_handler
 .text.irq_remove_handler
                0x10000968      0x1ac HW5/CMakeFiles/HW5.dir/C_/Program_Files/Raspberry_Pi/Pico_SDK_v1.5.1/pico-sdk/src/rp2_common/hardware_irq/irq.c.obj
                0x10000968                irq_remove_handler
 .text.irq_add_tail_to_free_list
                0x10000b14       0xf0 HW5/CMakeFiles/HW5.dir/C_/Program_Files/Raspberry_Pi/Pico_SDK_v1.5.1/pico-sdk/src/rp2_common/hardware_irq/irq.c.obj
                0x10000b14                irq_add_tail_to_free_list
 .text.irq_init_priorities
                0x10000c04       0x1c HW5/CMakeFiles/HW5.dir/C_/Program_Files/Raspberry_Pi/Pico_SDK_v1.5.1/pico-sdk/src/rp2_common/hardware_irq/irq.c.obj
                0x10000c04                irq_init_priorities
 .text.user_irq_claim_unused
                0x10000c20       0x28 HW5/CMakeFiles/HW5.dir/C_/Program_Files/Raspberry_Pi/Pico_SDK_v1.5.1/pico-sdk/src/rp2_common/hardware_irq/irq.c.obj
                0x10000c20                user_irq_claim_unused
 .text.lock_init
                0x10000c48       0x10 HW5/CMakeFiles/HW5.dir/C_/Program_Files/Raspberry_Pi/Pico_SDK_v1.5.1/pico-sdk/src/common/pico_sync/lock_core.c.obj
                0x10000c48                lock_init
 .text.mutex_init
                0x10000c58       0x1a HW5/CMakeFiles/HW5.dir/C_/Program_Files/Raspberry_Pi/Pico_SDK_v1.5.1/pico-sdk/src/common/pico_sync/mutex.c.obj
                0x10000c58                mutex_init
 .text.recursive_mutex_init
                0x10000c72       0x1e HW5/CMakeFiles/HW5.dir/C_/Program_Files/Raspberry_Pi/Pico_SDK_v1.5.1/pico-sdk/src/common/pico_sync/mutex.c.obj
                0x10000c72                recursive_mutex_init
 .text.critical_section_init_with_lock_num
                0x10000c90       0x14 HW5/CMakeFiles/HW5.dir/C_/Program_Files/Raspberry_Pi/Pico_SDK_v1.5.1/pico-sdk/src/common/pico_sync/critical_section.c.obj
                0x10000c90                critical_section_init_with_lock_num
 .text.critical_section_init
                0x10000ca4       0x14 HW5/CMakeFiles/HW5.dir/C_/Program_Files/Raspberry_Pi/Pico_SDK_v1.5.1/pico-sdk/src/common/pico_sync/critical_section.c.obj
                0x10000ca4                critical_section_init
 .text.alarm_pool_post_alloc_init
                0x10000cb8       0x40 HW5/CMakeFiles/HW5.dir/C_/Program_Files/Raspberry_Pi/Pico_SDK_v1.5.1/pico-sdk/src/common/pico_time/time.c.obj
 .text.sleep_until_callback
                0x10000cf8       0x30 HW5/CMakeFiles/HW5.dir/C_/Program_Files/Raspberry_Pi/Pico_SDK_v1.5.1/pico-sdk/src/common/pico_time/time.c.obj
 .text.timer_pool_entry_comparator
                0x10000d28       0x7c HW5/CMakeFiles/HW5.dir/C_/Program_Files/Raspberry_Pi/Pico_SDK_v1.5.1/pico-sdk/src/common/pico_time/time.c.obj
                0x10000d28                timer_pool_entry_comparator
 .text.ph_add_child_node
                0x10000da4       0xa4 HW5/CMakeFiles/HW5.dir/C_/Program_Files/Raspberry_Pi/Pico_SDK_v1.5.1/pico-sdk/src/common/pico_time/time.c.obj
 .text.ph_merge_nodes
                0x10000e48       0x3e HW5/CMakeFiles/HW5.dir/C_/Program_Files/Raspberry_Pi/Pico_SDK_v1.5.1/pico-sdk/src/common/pico_time/time.c.obj
 *fill*         0x10000e86        0x2 
 .text.add_alarm_under_lock
                0x10000e88      0x174 HW5/CMakeFiles/HW5.dir/C_/Program_Files/Raspberry_Pi/Pico_SDK_v1.5.1/pico-sdk/src/common/pico_time/time.c.obj
 .text.alarm_pool_alarm_callback
                0x10000ffc      0x33c HW5/CMakeFiles/HW5.dir/C_/Program_Files/Raspberry_Pi/Pico_SDK_v1.5.1/pico-sdk/src/common/pico_time/time.c.obj
 .text.alarm_pool_init_default
                0x10001338       0x40 HW5/CMakeFiles/HW5.dir/C_/Program_Files/Raspberry_Pi/Pico_SDK_v1.5.1/pico-sdk/src/common/pico_time/time.c.obj
                0x10001338                alarm_pool_init_default
 .text.alarm_pool_get_default
                0x10001378       0x2c HW5/CMakeFiles/HW5.dir/C_/Program_Files/Raspberry_Pi/Pico_SDK_v1.5.1/pico-sdk/src/common/pico_time/time.c.obj
                0x10001378                alarm_pool_get_default
 .text.alarm_pool_add_alarm_at
                0x100013a4      0x168 HW5/CMakeFiles/HW5.dir/C_/Program_Files/Raspberry_Pi/Pico_SDK_v1.5.1/pico-sdk/src/common/pico_time/time.c.obj
                0x100013a4                alarm_pool_add_alarm_at
 .text.alarm_pool_cancel_alarm
                0x1000150c       0xf8 HW5/CMakeFiles/HW5.dir/C_/Program_Files/Raspberry_Pi/Pico_SDK_v1.5.1/pico-sdk/src/common/pico_time/time.c.obj
                0x1000150c                alarm_pool_cancel_alarm
 .text.alarm_pool_core_num
                0x10001604        0x4 HW5/CMakeFiles/HW5.dir/C_/Program_Files/Raspberry_Pi/Pico_SDK_v1.5.1/pico-sdk/src/common/pico_time/time.c.obj
                0x10001604                alarm_pool_core_num
 .text.sleep_until
                0x10001608       0xfc HW5/CMakeFiles/HW5.dir/C_/Program_Files/Raspberry_Pi/Pico_SDK_v1.5.1/pico-sdk/src/common/pico_time/time.c.obj
                0x10001608                sleep_until
 .text.sleep_us
                0x10001704       0x58 HW5/CMakeFiles/HW5.dir/C_/Program_Files/Raspberry_Pi/Pico_SDK_v1.5.1/pico-sdk/src/common/pico_time/time.c.obj
                0x10001704                sleep_us
 .text.sleep_ms
                0x1000175c       0x14 HW5/CMakeFiles/HW5.dir/C_/Program_Files/Raspberry_Pi/Pico_SDK_v1.5.1/pico-sdk/src/common/pico_time/time.c.obj
                0x1000175c                sleep_ms
 .text.best_effort_wfe_or_timeout
                0x10001770       0xac HW5/CMakeFiles/HW5.dir/C_/Program_Files/Raspberry_Pi/Pico_SDK_v1.5.1/pico-sdk/src/common/pico_time/time.c.obj
                0x10001770                best_effort_wfe_or_timeout
 .text.hardware_alarm_irq_handler
                0x1000181c       0x90 HW5/CMakeFiles/HW5.dir/C_/Program_Files/Raspberry_Pi/Pico_SDK_v1.5.1/pico-sdk/src/rp2_common/hardware_timer/timer.c.obj
 .text.hardware_alarm_claim
                0x100018ac       0x18 HW5/CMakeFiles/HW5.dir/C_/Program_Files/Raspberry_Pi/Pico_SDK_v1.5.1/pico-sdk/src/rp2_common/hardware_timer/timer.c.obj
                0x100018ac                hardware_alarm_claim
 .text.time_us_64
                0x100018c4       0x18 HW5/CMakeFiles/HW5.dir/C_/Program_Files/Raspberry_Pi/Pico_SDK_v1.5.1/pico-sdk/src/rp2_common/hardware_timer/timer.c.obj
                0x100018c4                time_us_64
 .text.busy_wait_until
                0x100018dc       0x28 HW5/CMakeFiles/HW5.dir/C_/Program_Files/Raspberry_Pi/Pico_SDK_v1.5.1/pico-sdk/src/rp2_common/hardware_timer/timer.c.obj
                0x100018dc                busy_wait_until
 .text.hardware_alarm_set_callback
                0x10001904       0x90 HW5/CMakeFiles/HW5.dir/C_/Program_Files/Raspberry_Pi/Pico_SDK_v1.5.1/pico-sdk/src/rp2_common/hardware_timer/timer.c.obj
                0x10001904                hardware_alarm_set_callback
 .text.hardware_alarm_set_target
                0x10001994       0xe8 HW5/CMakeFiles/HW5.dir/C_/Program_Files/Raspberry_Pi/Pico_SDK_v1.5.1/pico-sdk/src/rp2_common/hardware_timer/timer.c.obj
                0x10001994                hardware_alarm_set_target
 .text.hardware_alarm_cancel
                0x10001a7c       0x40 HW5/CMakeFiles/HW5.dir/C_/Program_Files/Raspberry_Pi/Pico_SDK_v1.5.1/pico-sdk/src/rp2_common/hardware_timer/timer.c.obj
                0x10001a7c                hardware_alarm_cancel
 .text.ph_add_child_node
                0x10001abc       0xa4 HW5/CMakeFiles/HW5.dir/C_/Program_Files/Raspberry_Pi/Pico_SDK_v1.5.1/pico-sdk/src/common/pico_util/pheap.c.obj
 .text.ph_merge_nodes
                0x10001b60       0x3e HW5/CMakeFiles/HW5.dir/C_/Program_Files/Raspberry_Pi/Pico_SDK_v1.5.1/pico-sdk/src/common/pico_util/pheap.c.obj
 *fill*         0x10001b9e        0x2 
 .text.ph_clear
                0x10001ba0       0x70 HW5/CMakeFiles/HW5.dir/C_/Program_Files/Raspberry_Pi/Pico_SDK_v1.5.1/pico-sdk/src/common/pico_util/pheap.c.obj
                0x10001ba0                ph_clear
 .text.ph_post_alloc_init
                0x10001c10        0xe HW5/CMakeFiles/HW5.dir/C_/Program_Files/Raspberry_Pi/Pico_SDK_v1.5.1/pico-sdk/src/common/pico_util/pheap.c.obj
                0x10001c10                ph_post_alloc_init
 *fill*         0x10001c1e        0x2 
 .text.ph_merge_two_pass
                0x10001c20       0xa8 HW5/CMakeFiles/HW5.dir/C_/Program_Files/Raspberry_Pi/Pico_SDK_v1.5.1/pico-sdk/src/common/pico_util/pheap.c.obj
                0x10001c20                ph_merge_two_pass
 .text.ph_remove_any_head
                0x10001cc8      0x128 HW5/CMakeFiles/HW5.dir/C_/Program_Files/Raspberry_Pi/Pico_SDK_v1.5.1/pico-sdk/src/common/pico_util/pheap.c.obj
 .text.ph_remove_head
                0x10001df0       0x14 HW5/CMakeFiles/HW5.dir/C_/Program_Files/Raspberry_Pi/Pico_SDK_v1.5.1/pico-sdk/src/common/pico_util/pheap.c.obj
                0x10001df0                ph_remove_head
 .text.ph_remove_and_free_node
                0x10001e04       0xf8 HW5/CMakeFiles/HW5.dir/C_/Program_Files/Raspberry_Pi/Pico_SDK_v1.5.1/pico-sdk/src/common/pico_util/pheap.c.obj
                0x10001e04                ph_remove_and_free_node
 .text.clock_configure
                0x10001efc      0x108 HW5/CMakeFiles/HW5.dir/C_/Program_Files/Raspberry_Pi/Pico_SDK_v1.5.1/pico-sdk/src/rp2_common/hardware_clocks/clocks.c.obj
                0x10001efc                clock_configure
 .text.clocks_init
                0x10002004      0x100 HW5/CMakeFiles/HW5.dir/C_/Program_Files/Raspberry_Pi/Pico_SDK_v1.5.1/pico-sdk/src/rp2_common/hardware_clocks/clocks.c.obj
                0x10002004                clocks_init
 .text.clock_get_hz
                0x10002104        0xc HW5/CMakeFiles/HW5.dir/C_/Program_Files/Raspberry_Pi/Pico_SDK_v1.5.1/pico-sdk/src/rp2_common/hardware_clocks/clocks.c.obj
                0x10002104                clock_get_hz
 .text.pll_init
                0x10002110      0x120 HW5/CMakeFiles/HW5.dir/C_/Program_Files/Raspberry_Pi/Pico_SDK_v1.5.1/pico-sdk/src/rp2_common/hardware_pll/pll.c.obj
                0x10002110                pll_init
 .text.watchdog_start_tick
                0x10002230       0x10 HW5/CMakeFiles/HW5.dir/C_/Program_Files/Raspberry_Pi/Pico_SDK_v1.5.1/pico-sdk/src/rp2_common/hardware_watchdog/watchdog.c.obj
                0x10002230                watchdog_start_tick
 .text.watchdog_update
                0x10002240       0x14 HW5/CMakeFiles/HW5.dir/C_/Program_Files/Raspberry_Pi/Pico_SDK_v1.5.1/pico-sdk/src/rp2_common/hardware_watchdog/watchdog.c.obj
                0x10002240                watchdog_update
 .text._watchdog_enable
                0x10002254       0x78 HW5/CMakeFiles/HW5.dir/C_/Program_Files/Raspberry_Pi/Pico_SDK_v1.5.1/pico-sdk/src/rp2_common/hardware_watchdog/watchdog.c.obj
                0x10002254                _watchdog_enable
 .text.watchdog_reboot
                0x100022cc       0x48 HW5/CMakeFiles/HW5.dir/C_/Program_Files/Raspberry_Pi/Pico_SDK_v1.5.1/pico-sdk/src/rp2_common/hardware_watchdog/watchdog.c.obj
                0x100022cc                watchdog_reboot
 .text.xosc_init
                0x10002314       0x28 HW5/CMakeFiles/HW5.dir/C_/Program_Files/Raspberry_Pi/Pico_SDK_v1.5.1/pico-sdk/src/rp2_common/hardware_xosc/xosc.c.obj
                0x10002314                xosc_init
 .text._exit    0x1000233c        0x4 HW5/CMakeFiles/HW5.dir/C_/Program_Files/Raspberry_Pi/Pico_SDK_v1.5.1/pico-sdk/src/rp2_common/pico_runtime/runtime.c.obj
                0x1000233c                _exit
 .text.exit     0x10002340        0x6 HW5/CMakeFiles/HW5.dir/C_/Program_Files/Raspberry_Pi/Pico_SDK_v1.5.1/pico-sdk/src/rp2_common/pico_runtime/runtime.c.obj
                0x10002340                exit
 *fill*         0x10002346        0x2 
 .text.__assert_func
                0x10002348       0x3c HW5/CMakeFiles/HW5.dir/C_/Program_Files/Raspberry_Pi/Pico_SDK_v1.5.1/pico-sdk/src/rp2_common/pico_runtime/runtime.c.obj
                0x10002348                __assert_func
 .text.runtime_init
                0x10002384       0xf8 HW5/CMakeFiles/HW5.dir/C_/Program_Files/Raspberry_Pi/Pico_SDK_v1.5.1/pico-sdk/src/rp2_common/pico_runtime/runtime.c.obj
                0x10002384                runtime_init
 .text.panic    0x1000247c       0x30 HW5/CMakeFiles/HW5.dir/C_/Program_Files/Raspberry_Pi/Pico_SDK_v1.5.1/pico-sdk/src/rp2_common/pico_runtime/runtime.c.obj
                0x1000247c                panic
 .text._out_null
                0x100024ac        0x2 HW5/CMakeFiles/HW5.dir/C_/Program_Files/Raspberry_Pi/Pico_SDK_v1.5.1/pico-sdk/src/rp2_common/pico_printf/printf.c.obj
 .text._out_fct
                0x100024ae        0xe HW5/CMakeFiles/HW5.dir/C_/Program_Files/Raspberry_Pi/Pico_SDK_v1.5.1/pico-sdk/src/rp2_common/pico_printf/printf.c.obj
 .text._atoi    0x100024bc       0x24 HW5/CMakeFiles/HW5.dir/C_/Program_Files/Raspberry_Pi/Pico_SDK_v1.5.1/pico-sdk/src/rp2_common/pico_printf/printf.c.obj
 .text._out_rev
                0x100024e0       0xae HW5/CMakeFiles/HW5.dir/C_/Program_Files/Raspberry_Pi/Pico_SDK_v1.5.1/pico-sdk/src/rp2_common/pico_printf/printf.c.obj
 .text._ntoa_format
                0x1000258e      0x112 HW5/CMakeFiles/HW5.dir/C_/Program_Files/Raspberry_Pi/Pico_SDK_v1.5.1/pico-sdk/src/rp2_common/pico_printf/printf.c.obj
 .text._ntoa_long
                0x100026a0       0xbc HW5/CMakeFiles/HW5.dir/C_/Program_Files/Raspberry_Pi/Pico_SDK_v1.5.1/pico-sdk/src/rp2_common/pico_printf/printf.c.obj
 .text._ntoa_long_long
                0x1000275c       0xe2 HW5/CMakeFiles/HW5.dir/C_/Program_Files/Raspberry_Pi/Pico_SDK_v1.5.1/pico-sdk/src/rp2_common/pico_printf/printf.c.obj
 *fill*         0x1000283e        0x2 
 .text._etoa    0x10002840      0x414 HW5/CMakeFiles/HW5.dir/C_/Program_Files/Raspberry_Pi/Pico_SDK_v1.5.1/pico-sdk/src/rp2_common/pico_printf/printf.c.obj
 .text._ftoa    0x10002c54      0x354 HW5/CMakeFiles/HW5.dir/C_/Program_Files/Raspberry_Pi/Pico_SDK_v1.5.1/pico-sdk/src/rp2_common/pico_printf/printf.c.obj
 .text._vsnprintf
                0x10002fa8      0x624 HW5/CMakeFiles/HW5.dir/C_/Program_Files/Raspberry_Pi/Pico_SDK_v1.5.1/pico-sdk/src/rp2_common/pico_printf/printf.c.obj
 .text.vfctprintf
                0x100035cc       0x20 HW5/CMakeFiles/HW5.dir/C_/Program_Files/Raspberry_Pi/Pico_SDK_v1.5.1/pico-sdk/src/rp2_common/pico_printf/printf.c.obj
                0x100035cc                vfctprintf
 .text          0x100035ec       0x10 HW5/CMakeFiles/HW5.dir/C_/Program_Files/Raspberry_Pi/Pico_SDK_v1.5.1/pico-sdk/src/rp2_common/pico_bit_ops/bit_ops_aeabi.S.obj
 .text.rom_func_lookup
                0x100035fc       0x10 HW5/CMakeFiles/HW5.dir/C_/Program_Files/Raspberry_Pi/Pico_SDK_v1.5.1/pico-sdk/src/rp2_common/pico_bootrom/bootrom.c.obj
                0x100035fc                rom_func_lookup
 .text.rom_data_lookup
                0x1000360c       0x10 HW5/CMakeFiles/HW5.dir/C_/Program_Files/Raspberry_Pi/Pico_SDK_v1.5.1/pico-sdk/src/rp2_common/pico_bootrom/bootrom.c.obj
                0x1000360c                rom_data_lookup
 .text.rom_funcs_lookup
                0x1000361c       0x36 HW5/CMakeFiles/HW5.dir/C_/Program_Files/Raspberry_Pi/Pico_SDK_v1.5.1/pico-sdk/src/rp2_common/pico_bootrom/bootrom.c.obj
                0x1000361c                rom_funcs_lookup
 *fill*         0x10003652        0x2 
 .text.__wrap___aeabi_idiv
                0x10003654       0x50 HW5/CMakeFiles/HW5.dir/C_/Program_Files/Raspberry_Pi/Pico_SDK_v1.5.1/pico-sdk/src/rp2_common/pico_divider/divider.S.obj
                0x10003654                __wrap___aeabi_idivmod
                0x10003654                divmod_s32s32
                0x10003654                div_s32s32
                0x10003654                __wrap___aeabi_idiv
                0x1000365c                divmod_s32s32_unsafe
                0x10003688                divmod_s32s32_savestate
 .text.__wrap___aeabi_uidiv
                0x100036a4       0x4c HW5/CMakeFiles/HW5.dir/C_/Program_Files/Raspberry_Pi/Pico_SDK_v1.5.1/pico-sdk/src/rp2_common/pico_divider/divider.S.obj
                0x100036a4                __wrap___aeabi_uidiv
                0x100036a4                __wrap___aeabi_uidivmod
                0x100036a4                div_u32u32
                0x100036a4                divmod_u32u32
                0x100036ac                divmod_u32u32_unsafe
                0x100036d4                divmod_u32u32_savestate
 .text.__wrap___aeabi_ldiv
                0x100036f0      0x424 HW5/CMakeFiles/HW5.dir/C_/Program_Files/Raspberry_Pi/Pico_SDK_v1.5.1/pico-sdk/src/rp2_common/pico_divider/divider.S.obj
                0x100036f0                div_s64s64
                0x100036f0                divmod_s64s64
                0x100036f0                __wrap___aeabi_ldivmod
                0x10003720                divmod_u64u64
                0x10003720                div_u64u64
                0x10003720                __wrap___aeabi_uldivmod
                0x10003730                divmod_u64u64_savestate
                0x10003750                divmod_s64s64_unsafe
                0x100037d8                divmod_u64u64_unsafe
 .text.__wrap___aeabi_darithmetic
                0x10003b14       0x80 HW5/CMakeFiles/HW5.dir/C_/Program_Files/Raspberry_Pi/Pico_SDK_v1.5.1/pico-sdk/src/rp2_common/pico_double/double_aeabi.S.obj
                0x10003b14                __wrap___aeabi_drsub
                0x10003b1a                __wrap___aeabi_dsub
                0x10003b2c                __wrap___aeabi_dadd
                0x10003b3e                __wrap___aeabi_ddiv
                0x10003b7a                __wrap___aeabi_dmul
 .text.__wrap___aeabi_cdcmple
                0x10003b94       0x6c HW5/CMakeFiles/HW5.dir/C_/Program_Files/Raspberry_Pi/Pico_SDK_v1.5.1/pico-sdk/src/rp2_common/pico_double/double_aeabi.S.obj
                0x10003b94                __wrap___aeabi_cdrcmple
                0x10003ba4                __wrap___aeabi_cdcmpeq
                0x10003ba4                __wrap___aeabi_cdcmple
 .text.__wrap___aeabi_dcmplt
                0x10003c00        0xc HW5/CMakeFiles/HW5.dir/C_/Program_Files/Raspberry_Pi/Pico_SDK_v1.5.1/pico-sdk/src/rp2_common/pico_double/double_aeabi.S.obj
                0x10003c00                __wrap___aeabi_dcmplt
 .text.__wrap___aeabi_dcmple
                0x10003c0c       0x10 HW5/CMakeFiles/HW5.dir/C_/Program_Files/Raspberry_Pi/Pico_SDK_v1.5.1/pico-sdk/src/rp2_common/pico_double/double_aeabi.S.obj
                0x10003c0c                __wrap___aeabi_dcmple
 .text.__wrap___aeabi_dcmpge
                0x10003c1c       0x10 HW5/CMakeFiles/HW5.dir/C_/Program_Files/Raspberry_Pi/Pico_SDK_v1.5.1/pico-sdk/src/rp2_common/pico_double/double_aeabi.S.obj
                0x10003c1c                __wrap___aeabi_dcmpge
 .text.__wrap___aeabi_dcmpgt
                0x10003c2c        0xa HW5/CMakeFiles/HW5.dir/C_/Program_Files/Raspberry_Pi/Pico_SDK_v1.5.1/pico-sdk/src/rp2_common/pico_double/double_aeabi.S.obj
                0x10003c2c                __wrap___aeabi_dcmpgt
 .text.__wrap___aeabi_dcmpun
                0x10003c36       0x1c HW5/CMakeFiles/HW5.dir/C_/Program_Files/Raspberry_Pi/Pico_SDK_v1.5.1/pico-sdk/src/rp2_common/pico_double/double_aeabi.S.obj
                0x10003c36                __wrap___aeabi_dcmpun
 *fill*         0x10003c52        0x2 
 .text.__wrap___aeabi_i2d
                0x10003c54       0x38 HW5/CMakeFiles/HW5.dir/C_/Program_Files/Raspberry_Pi/Pico_SDK_v1.5.1/pico-sdk/src/rp2_common/pico_double/double_aeabi.S.obj
                0x10003c54                __wrap___aeabi_ui2d
                0x10003c5c                __wrap___aeabi_i2d
 .text.__wrap___aeabi_d2iz
                0x10003c8c       0x48 HW5/CMakeFiles/HW5.dir/C_/Program_Files/Raspberry_Pi/Pico_SDK_v1.5.1/pico-sdk/src/rp2_common/pico_double/double_aeabi.S.obj
                0x10003c8c                double2int_z
                0x10003c8c                __wrap___aeabi_d2iz
 .text.__wrap___aeabi_d2uiz
                0x10003cd4       0x18 HW5/CMakeFiles/HW5.dir/C_/Program_Files/Raspberry_Pi/Pico_SDK_v1.5.1/pico-sdk/src/rp2_common/pico_double/double_aeabi.S.obj
                0x10003cd4                __wrap___aeabi_d2uiz
                0x10003cd4                double2uint
 .text.__aeabi_double_init
                0x10003cec       0xc8 HW5/CMakeFiles/HW5.dir/C_/Program_Files/Raspberry_Pi/Pico_SDK_v1.5.1/pico-sdk/src/rp2_common/pico_double/double_init_rom.c.obj
                0x10003cec                __aeabi_double_init
 .text.double_table_shim_on_use_helper
                0x10003db4       0x34 HW5/CMakeFiles/HW5.dir/C_/Program_Files/Raspberry_Pi/Pico_SDK_v1.5.1/pico-sdk/src/rp2_common/pico_double/double_v1_rom_shim.S.obj
                0x10003db4                double_table_shim_on_use_helper
 .text.__wrap___aeabi_dsub
                0x10003de8       0x10 HW5/CMakeFiles/HW5.dir/C_/Program_Files/Raspberry_Pi/Pico_SDK_v1.5.1/pico-sdk/src/rp2_common/pico_double/double_v1_rom_shim.S.obj
                0x10003de8                drsub_shim
                0x10003dee                dsub_shim
 .text.dadd_shim
                0x10003df8      0x15c HW5/CMakeFiles/HW5.dir/C_/Program_Files/Raspberry_Pi/Pico_SDK_v1.5.1/pico-sdk/src/rp2_common/pico_double/double_v1_rom_shim.S.obj
                0x10003df8                dadd_shim
 .text.dmul_shim
                0x10003f54      0x15c HW5/CMakeFiles/HW5.dir/C_/Program_Files/Raspberry_Pi/Pico_SDK_v1.5.1/pico-sdk/src/rp2_common/pico_double/double_v1_rom_shim.S.obj
                0x10003f54                dmul_shim
 .text.ddiv_shim
                0x100040b0      0x1b0 HW5/CMakeFiles/HW5.dir/C_/Program_Files/Raspberry_Pi/Pico_SDK_v1.5.1/pico-sdk/src/rp2_common/pico_double/double_v1_rom_shim.S.obj
                0x100040b0                ddiv_shim
 .text.double2uint_shim
                0x10004260        0xe HW5/CMakeFiles/HW5.dir/C_/Program_Files/Raspberry_Pi/Pico_SDK_v1.5.1/pico-sdk/src/rp2_common/pico_double/double_v1_rom_shim.S.obj
                0x10004260                double2uint_shim
                0x10004262                double2ufix_shim
 *fill*         0x1000426e        0x2 
 .text.double2uint64_shim
                0x10004270       0x70 HW5/CMakeFiles/HW5.dir/C_/Program_Files/Raspberry_Pi/Pico_SDK_v1.5.1/pico-sdk/src/rp2_common/pico_double/double_v1_rom_shim.S.obj
                0x10004270                double2uint64_shim
                0x10004272                double2ufix64_shim
                0x10004292                d2fix_a
 .text.dunpacks
                0x100042e0       0x3c HW5/CMakeFiles/HW5.dir/C_/Program_Files/Raspberry_Pi/Pico_SDK_v1.5.1/pico-sdk/src/rp2_common/pico_double/double_v1_rom_shim.S.obj
                0x100042e0                dunpacks
 .text.__aeabi_lmul
                0x1000431c       0x32 HW5/CMakeFiles/HW5.dir/C_/Program_Files/Raspberry_Pi/Pico_SDK_v1.5.1/pico-sdk/src/rp2_common/pico_int64_ops/pico_int64_ops_aeabi.S.obj
                0x1000431c                __wrap___aeabi_lmul
 *fill*         0x1000434e        0x2 
 .text.__aeabi_float_init
                0x10004350       0xfc HW5/CMakeFiles/HW5.dir/C_/Program_Files/Raspberry_Pi/Pico_SDK_v1.5.1/pico-sdk/src/rp2_common/pico_float/float_init_rom.c.obj
                0x10004350                __aeabi_float_init
 .text.float_table_shim_on_use_helper
                0x1000444c       0x34 HW5/CMakeFiles/HW5.dir/C_/Program_Files/Raspberry_Pi/Pico_SDK_v1.5.1/pico-sdk/src/rp2_common/pico_float/float_v1_rom_shim.S.obj
                0x1000444c                float_table_shim_on_use_helper
 .text          0x10004480       0x10 HW5/CMakeFiles/HW5.dir/C_/Program_Files/Raspberry_Pi/Pico_SDK_v1.5.1/pico-sdk/src/rp2_common/pico_mem_ops/mem_ops_aeabi.S.obj
                0x10004480                __aeabi_mem_init
 .text.memset   0x10004490        0xc HW5/CMakeFiles/HW5.dir/C_/Program_Files/Raspberry_Pi/Pico_SDK_v1.5.1/pico-sdk/src/rp2_common/pico_mem_ops/mem_ops_aeabi.S.obj
                0x10004490                __wrap_memset
 .text.memcpy   0x1000449c        0xc HW5/CMakeFiles/HW5.dir/C_/Program_Files/Raspberry_Pi/Pico_SDK_v1.5.1/pico-sdk/src/rp2_common/pico_mem_ops/mem_ops_aeabi.S.obj
                0x1000449c                __wrap_memcpy
                0x1000449c                __wrap___aeabi_memcpy
 .text.stdio_out_chars_no_crlf
                0x100044a8        0xe HW5/CMakeFiles/HW5.dir/C_/Program_Files/Raspberry_Pi/Pico_SDK_v1.5.1/pico-sdk/src/rp2_common/pico_stdio/stdio.c.obj
 *fill*         0x100044b6        0x2 
 .text.stdio_out_chars_crlf
                0x100044b8       0x80 HW5/CMakeFiles/HW5.dir/C_/Program_Files/Raspberry_Pi/Pico_SDK_v1.5.1/pico-sdk/src/rp2_common/pico_stdio/stdio.c.obj
 .text.stdio_stack_buffer_flush
                0x10004538       0x44 HW5/CMakeFiles/HW5.dir/C_/Program_Files/Raspberry_Pi/Pico_SDK_v1.5.1/pico-sdk/src/rp2_common/pico_stdio/stdio.c.obj
 .text.stdio_buffered_printer
                0x1000457c       0x20 HW5/CMakeFiles/HW5.dir/C_/Program_Files/Raspberry_Pi/Pico_SDK_v1.5.1/pico-sdk/src/rp2_common/pico_stdio/stdio.c.obj
 .text.stdout_serialize_begin
                0x1000459c       0x5c HW5/CMakeFiles/HW5.dir/C_/Program_Files/Raspberry_Pi/Pico_SDK_v1.5.1/pico-sdk/src/rp2_common/pico_stdio/stdio.c.obj
                0x1000459c                stdout_serialize_begin
 .text.stdout_serialize_end
                0x100045f8       0x10 HW5/CMakeFiles/HW5.dir/C_/Program_Files/Raspberry_Pi/Pico_SDK_v1.5.1/pico-sdk/src/rp2_common/pico_stdio/stdio.c.obj
                0x100045f8                stdout_serialize_end
 .text.stdio_put_string
                0x10004608       0x98 HW5/CMakeFiles/HW5.dir/C_/Program_Files/Raspberry_Pi/Pico_SDK_v1.5.1/pico-sdk/src/rp2_common/pico_stdio/stdio.c.obj
 .text.stdio_set_driver_enabled
                0x100046a0       0x2c HW5/CMakeFiles/HW5.dir/C_/Program_Files/Raspberry_Pi/Pico_SDK_v1.5.1/pico-sdk/src/rp2_common/pico_stdio/stdio.c.obj
                0x100046a0                stdio_set_driver_enabled
 .text.stdio_flush
                0x100046cc       0x20 HW5/CMakeFiles/HW5.dir/C_/Program_Files/Raspberry_Pi/Pico_SDK_v1.5.1/pico-sdk/src/rp2_common/pico_stdio/stdio.c.obj
                0x100046cc                stdio_flush
 .text.__wrap_puts
                0x100046ec       0x1e HW5/CMakeFiles/HW5.dir/C_/Program_Files/Raspberry_Pi/Pico_SDK_v1.5.1/pico-sdk/src/rp2_common/pico_stdio/stdio.c.obj
                0x100046ec                __wrap_puts
 *fill*         0x1000470a        0x2 
 .text.__wrap_vprintf
                0x1000470c       0x40 HW5/CMakeFiles/HW5.dir/C_/Program_Files/Raspberry_Pi/Pico_SDK_v1.5.1/pico-sdk/src/rp2_common/pico_stdio/stdio.c.obj
                0x1000470c                __wrap_vprintf
 .text.__wrap_printf
                0x1000474c       0x18 HW5/CMakeFiles/HW5.dir/C_/Program_Files/Raspberry_Pi/Pico_SDK_v1.5.1/pico-sdk/src/rp2_common/pico_stdio/stdio.c.obj
                0x1000474c                __wrap_printf
 .text.stdio_init_all
                0x10004764        0x8 HW5/CMakeFiles/HW5.dir/C_/Program_Files/Raspberry_Pi/Pico_SDK_v1.5.1/pico-sdk/src/rp2_common/pico_stdio/stdio.c.obj
                0x10004764                stdio_init_all
 .text.resetd_init
                0x1000476c        0x2 HW5/CMakeFiles/HW5.dir/C_/Program_Files/Raspberry_Pi/Pico_SDK_v1.5.1/pico-sdk/src/rp2_common/pico_stdio_usb/reset_interface.c.obj
 *fill*         0x1000476e        0x2 
 .text.resetd_reset
                0x10004770        0xc HW5/CMakeFiles/HW5.dir/C_/Program_Files/Raspberry_Pi/Pico_SDK_v1.5.1/pico-sdk/src/rp2_common/pico_stdio_usb/reset_interface.c.obj
 .text.resetd_open
                0x1000477c       0x34 HW5/CMakeFiles/HW5.dir/C_/Program_Files/Raspberry_Pi/Pico_SDK_v1.5.1/pico-sdk/src/rp2_common/pico_stdio_usb/reset_interface.c.obj
 .text.resetd_xfer_cb
                0x100047b0        0x4 HW5/CMakeFiles/HW5.dir/C_/Program_Files/Raspberry_Pi/Pico_SDK_v1.5.1/pico-sdk/src/rp2_common/pico_stdio_usb/reset_interface.c.obj
 .text.reset_usb_boot
                0x100047b4       0x18 HW5/CMakeFiles/HW5.dir/C_/Program_Files/Raspberry_Pi/Pico_SDK_v1.5.1/pico-sdk/src/rp2_common/pico_stdio_usb/reset_interface.c.obj
 .text.resetd_control_xfer_cb
                0x100047cc       0x5c HW5/CMakeFiles/HW5.dir/C_/Program_Files/Raspberry_Pi/Pico_SDK_v1.5.1/pico-sdk/src/rp2_common/pico_stdio_usb/reset_interface.c.obj
 .text.usbd_app_driver_get_cb
                0x10004828        0xc HW5/CMakeFiles/HW5.dir/C_/Program_Files/Raspberry_Pi/Pico_SDK_v1.5.1/pico-sdk/src/rp2_common/pico_stdio_usb/reset_interface.c.obj
                0x10004828                usbd_app_driver_get_cb
 .text.tud_cdc_line_coding_cb
                0x10004834       0x28 HW5/CMakeFiles/HW5.dir/C_/Program_Files/Raspberry_Pi/Pico_SDK_v1.5.1/pico-sdk/src/rp2_common/pico_stdio_usb/reset_interface.c.obj
                0x10004834                tud_cdc_line_coding_cb
 .text.stdio_usb_set_chars_available_callback
                0x1000485c       0x14 HW5/CMakeFiles/HW5.dir/C_/Program_Files/Raspberry_Pi/Pico_SDK_v1.5.1/pico-sdk/src/rp2_common/pico_stdio_usb/stdio_usb.c.obj
                0x1000485c                stdio_usb_set_chars_available_callback
 .text.usb_irq  0x10004870       0x10 HW5/CMakeFiles/HW5.dir/C_/Program_Files/Raspberry_Pi/Pico_SDK_v1.5.1/pico-sdk/src/rp2_common/pico_stdio_usb/stdio_usb.c.obj
 .text.timer_task
                0x10004880       0x5c HW5/CMakeFiles/HW5.dir/C_/Program_Files/Raspberry_Pi/Pico_SDK_v1.5.1/pico-sdk/src/rp2_common/pico_stdio_usb/stdio_usb.c.obj
 .text.low_priority_worker_irq
                0x100048dc       0xdc HW5/CMakeFiles/HW5.dir/C_/Program_Files/Raspberry_Pi/Pico_SDK_v1.5.1/pico-sdk/src/rp2_common/pico_stdio_usb/stdio_usb.c.obj
 .text.tud_cdc_rx_cb
                0x100049b8       0x20 HW5/CMakeFiles/HW5.dir/C_/Program_Files/Raspberry_Pi/Pico_SDK_v1.5.1/pico-sdk/src/rp2_common/pico_stdio_usb/stdio_usb.c.obj
                0x100049b8                tud_cdc_rx_cb
 .text.stdio_usb_init
                0x100049d8      0x11c HW5/CMakeFiles/HW5.dir/C_/Program_Files/Raspberry_Pi/Pico_SDK_v1.5.1/pico-sdk/src/rp2_common/pico_stdio_usb/stdio_usb.c.obj
                0x100049d8                stdio_usb_init
 .text.stdio_usb_connected
                0x10004af4        0xa HW5/CMakeFiles/HW5.dir/C_/Program_Files/Raspberry_Pi/Pico_SDK_v1.5.1/pico-sdk/src/rp2_common/pico_stdio_usb/stdio_usb.c.obj
                0x10004af4                stdio_usb_connected
 *fill*         0x10004afe        0x2 
 .text.stdio_usb_in_chars
                0x10004b00       0xc4 HW5/CMakeFiles/HW5.dir/C_/Program_Files/Raspberry_Pi/Pico_SDK_v1.5.1/pico-sdk/src/rp2_common/pico_stdio_usb/stdio_usb.c.obj
                0x10004b00                stdio_usb_in_chars
 .text.stdio_usb_out_chars
                0x10004bc4      0x114 HW5/CMakeFiles/HW5.dir/C_/Program_Files/Raspberry_Pi/Pico_SDK_v1.5.1/pico-sdk/src/rp2_common/pico_stdio_usb/stdio_usb.c.obj
 .text.tud_descriptor_device_cb
                0x10004cd8        0x8 HW5/CMakeFiles/HW5.dir/C_/Program_Files/Raspberry_Pi/Pico_SDK_v1.5.1/pico-sdk/src/rp2_common/pico_stdio_usb/stdio_usb_descriptors.c.obj
                0x10004cd8                tud_descriptor_device_cb
 .text.tud_descriptor_configuration_cb
                0x10004ce0        0x8 HW5/CMakeFiles/HW5.dir/C_/Program_Files/Raspberry_Pi/Pico_SDK_v1.5.1/pico-sdk/src/rp2_common/pico_stdio_usb/stdio_usb_descriptors.c.obj
                0x10004ce0                tud_descriptor_configuration_cb
 .text.tud_descriptor_string_cb
                0x10004ce8       0x6c HW5/CMakeFiles/HW5.dir/C_/Program_Files/Raspberry_Pi/Pico_SDK_v1.5.1/pico-sdk/src/rp2_common/pico_stdio_usb/stdio_usb_descriptors.c.obj
                0x10004ce8                tud_descriptor_string_cb
 .text._retrieve_unique_id_on_boot
                0x10004d54       0x10 HW5/CMakeFiles/HW5.dir/C_/Program_Files/Raspberry_Pi/Pico_SDK_v1.5.1/pico-sdk/src/rp2_common/pico_unique_id/unique_id.c.obj
 .text.pico_get_unique_board_id_string
                0x10004d64       0x60 HW5/CMakeFiles/HW5.dir/C_/Program_Files/Raspberry_Pi/Pico_SDK_v1.5.1/pico-sdk/src/rp2_common/pico_unique_id/unique_id.c.obj
                0x10004d64                pico_get_unique_board_id_string
 .text.flash_get_unique_id
                0x10004dc4       0x46 HW5/CMakeFiles/HW5.dir/C_/Program_Files/Raspberry_Pi/Pico_SDK_v1.5.1/pico-sdk/src/rp2_common/hardware_flash/flash.c.obj
                0x10004dc4                flash_get_unique_id
 *fill*         0x10004e0a        0x2 
 .text.hw_endpoint_get_by_addr
                0x10004e0c       0x18 HW5/CMakeFiles/HW5.dir/C_/Program_Files/Raspberry_Pi/Pico_SDK_v1.5.1/pico-sdk/lib/tinyusb/src/portable/raspberrypi/rp2040/dcd_rp2040.c.obj
 .text._hw_endpoint_alloc
                0x10004e24       0x70 HW5/CMakeFiles/HW5.dir/C_/Program_Files/Raspberry_Pi/Pico_SDK_v1.5.1/pico-sdk/lib/tinyusb/src/portable/raspberrypi/rp2040/dcd_rp2040.c.obj
 .text.hw_endpoint_init
                0x10004e94       0x88 HW5/CMakeFiles/HW5.dir/C_/Program_Files/Raspberry_Pi/Pico_SDK_v1.5.1/pico-sdk/lib/tinyusb/src/portable/raspberrypi/rp2040/dcd_rp2040.c.obj
 .text.hw_endpoint_xfer
                0x10004f1c       0x14 HW5/CMakeFiles/HW5.dir/C_/Program_Files/Raspberry_Pi/Pico_SDK_v1.5.1/pico-sdk/lib/tinyusb/src/portable/raspberrypi/rp2040/dcd_rp2040.c.obj
 .text.dcd_int_enable
                0x10004f30       0x2c HW5/CMakeFiles/HW5.dir/C_/Program_Files/Raspberry_Pi/Pico_SDK_v1.5.1/pico-sdk/lib/tinyusb/src/portable/raspberrypi/rp2040/dcd_rp2040.c.obj
                0x10004f30                dcd_int_enable
 .text.dcd_set_address
                0x10004f5c       0x2c HW5/CMakeFiles/HW5.dir/C_/Program_Files/Raspberry_Pi/Pico_SDK_v1.5.1/pico-sdk/lib/tinyusb/src/portable/raspberrypi/rp2040/dcd_rp2040.c.obj
                0x10004f5c                dcd_set_address
 .text.dcd_connect
                0x10004f88       0x10 HW5/CMakeFiles/HW5.dir/C_/Program_Files/Raspberry_Pi/Pico_SDK_v1.5.1/pico-sdk/lib/tinyusb/src/portable/raspberrypi/rp2040/dcd_rp2040.c.obj
                0x10004f88                dcd_connect
 .text.dcd_init
                0x10004f98       0x80 HW5/CMakeFiles/HW5.dir/C_/Program_Files/Raspberry_Pi/Pico_SDK_v1.5.1/pico-sdk/lib/tinyusb/src/portable/raspberrypi/rp2040/dcd_rp2040.c.obj
                0x10004f98                dcd_init
 .text.dcd_edpt0_status_complete
                0x10005018       0x1c HW5/CMakeFiles/HW5.dir/C_/Program_Files/Raspberry_Pi/Pico_SDK_v1.5.1/pico-sdk/lib/tinyusb/src/portable/raspberrypi/rp2040/dcd_rp2040.c.obj
                0x10005018                dcd_edpt0_status_complete
 .text.dcd_edpt_open
                0x10005034       0x40 HW5/CMakeFiles/HW5.dir/C_/Program_Files/Raspberry_Pi/Pico_SDK_v1.5.1/pico-sdk/lib/tinyusb/src/portable/raspberrypi/rp2040/dcd_rp2040.c.obj
                0x10005034                dcd_edpt_open
 .text.dcd_edpt_close_all
                0x10005074        0x8 HW5/CMakeFiles/HW5.dir/C_/Program_Files/Raspberry_Pi/Pico_SDK_v1.5.1/pico-sdk/lib/tinyusb/src/portable/raspberrypi/rp2040/dcd_rp2040.c.obj
                0x10005074                dcd_edpt_close_all
 .text.dcd_edpt_xfer
                0x1000507c       0x34 HW5/CMakeFiles/HW5.dir/C_/Program_Files/Raspberry_Pi/Pico_SDK_v1.5.1/pico-sdk/lib/tinyusb/src/portable/raspberrypi/rp2040/dcd_rp2040.c.obj
                0x1000507c                dcd_edpt_xfer
 .text.dcd_edpt_stall
                0x100050b0       0x2c HW5/CMakeFiles/HW5.dir/C_/Program_Files/Raspberry_Pi/Pico_SDK_v1.5.1/pico-sdk/lib/tinyusb/src/portable/raspberrypi/rp2040/dcd_rp2040.c.obj
                0x100050b0                dcd_edpt_stall
 .text.dcd_edpt_clear_stall
                0x100050dc       0x20 HW5/CMakeFiles/HW5.dir/C_/Program_Files/Raspberry_Pi/Pico_SDK_v1.5.1/pico-sdk/lib/tinyusb/src/portable/raspberrypi/rp2040/dcd_rp2040.c.obj
                0x100050dc                dcd_edpt_clear_stall
 .text.rp2040_usb_init
                0x100050fc       0x4c HW5/CMakeFiles/HW5.dir/C_/Program_Files/Raspberry_Pi/Pico_SDK_v1.5.1/pico-sdk/lib/tinyusb/src/portable/raspberrypi/rp2040/rp2040_usb.c.obj
                0x100050fc                rp2040_usb_init
 .text.hw_endpoint_xfer_start
                0x10005148       0x50 HW5/CMakeFiles/HW5.dir/C_/Program_Files/Raspberry_Pi/Pico_SDK_v1.5.1/pico-sdk/lib/tinyusb/src/portable/raspberrypi/rp2040/rp2040_usb.c.obj
                0x10005148                hw_endpoint_xfer_start
 .text.configuration_reset
                0x10005198       0x84 HW5/CMakeFiles/HW5.dir/C_/Program_Files/Raspberry_Pi/Pico_SDK_v1.5.1/pico-sdk/lib/tinyusb/src/device/usbd.c.obj
 .text.usbd_reset
                0x1000521c        0xc HW5/CMakeFiles/HW5.dir/C_/Program_Files/Raspberry_Pi/Pico_SDK_v1.5.1/pico-sdk/lib/tinyusb/src/device/usbd.c.obj
 .text.invoke_class_control
                0x10005228       0x1a HW5/CMakeFiles/HW5.dir/C_/Program_Files/Raspberry_Pi/Pico_SDK_v1.5.1/pico-sdk/lib/tinyusb/src/device/usbd.c.obj
 *fill*         0x10005242        0x2 
 .text.process_set_config
                0x10005244      0x178 HW5/CMakeFiles/HW5.dir/C_/Program_Files/Raspberry_Pi/Pico_SDK_v1.5.1/pico-sdk/lib/tinyusb/src/device/usbd.c.obj
 .text.process_get_descriptor
                0x100053bc       0xdc HW5/CMakeFiles/HW5.dir/C_/Program_Files/Raspberry_Pi/Pico_SDK_v1.5.1/pico-sdk/lib/tinyusb/src/device/usbd.c.obj
 .text.tud_mounted
                0x10005498       0x10 HW5/CMakeFiles/HW5.dir/C_/Program_Files/Raspberry_Pi/Pico_SDK_v1.5.1/pico-sdk/lib/tinyusb/src/device/usbd.c.obj
                0x10005498                tud_mounted
 .text.tud_suspended
                0x100054a8       0x10 HW5/CMakeFiles/HW5.dir/C_/Program_Files/Raspberry_Pi/Pico_SDK_v1.5.1/pico-sdk/lib/tinyusb/src/device/usbd.c.obj
                0x100054a8                tud_suspended
 .text.tud_inited
                0x100054b8       0x14 HW5/CMakeFiles/HW5.dir/C_/Program_Files/Raspberry_Pi/Pico_SDK_v1.5.1/pico-sdk/lib/tinyusb/src/device/usbd.c.obj
                0x100054b8                tud_inited
 .text.tud_init
                0x100054cc       0xcc HW5/CMakeFiles/HW5.dir/C_/Program_Files/Raspberry_Pi/Pico_SDK_v1.5.1/pico-sdk/lib/tinyusb/src/device/usbd.c.obj
                0x100054cc                tud_init
 .text.usbd_defer_func
                0x10005598       0x2a HW5/CMakeFiles/HW5.dir/C_/Program_Files/Raspberry_Pi/Pico_SDK_v1.5.1/pico-sdk/lib/tinyusb/src/device/usbd.c.obj
                0x10005598                usbd_defer_func
 *fill*         0x100055c2        0x2 
 .text.usbd_edpt_open
                0x100055c4       0x34 HW5/CMakeFiles/HW5.dir/C_/Program_Files/Raspberry_Pi/Pico_SDK_v1.5.1/pico-sdk/lib/tinyusb/src/device/usbd.c.obj
                0x100055c4                usbd_edpt_open
 .text.usbd_open_edpt_pair
                0x100055f8       0x62 HW5/CMakeFiles/HW5.dir/C_/Program_Files/Raspberry_Pi/Pico_SDK_v1.5.1/pico-sdk/lib/tinyusb/src/device/usbd.c.obj
                0x100055f8                usbd_open_edpt_pair
 *fill*         0x1000565a        0x2 
 .text.usbd_edpt_claim
                0x1000565c       0x28 HW5/CMakeFiles/HW5.dir/C_/Program_Files/Raspberry_Pi/Pico_SDK_v1.5.1/pico-sdk/lib/tinyusb/src/device/usbd.c.obj
                0x1000565c                usbd_edpt_claim
 .text.usbd_edpt_release
                0x10005684       0x28 HW5/CMakeFiles/HW5.dir/C_/Program_Files/Raspberry_Pi/Pico_SDK_v1.5.1/pico-sdk/lib/tinyusb/src/device/usbd.c.obj
                0x10005684                usbd_edpt_release
 .text.usbd_edpt_xfer
                0x100056ac       0x78 HW5/CMakeFiles/HW5.dir/C_/Program_Files/Raspberry_Pi/Pico_SDK_v1.5.1/pico-sdk/lib/tinyusb/src/device/usbd.c.obj
                0x100056ac                usbd_edpt_xfer
 .text.usbd_edpt_stall
                0x10005724       0x48 HW5/CMakeFiles/HW5.dir/C_/Program_Files/Raspberry_Pi/Pico_SDK_v1.5.1/pico-sdk/lib/tinyusb/src/device/usbd.c.obj
                0x10005724                usbd_edpt_stall
 .text.usbd_edpt_clear_stall
                0x1000576c       0x48 HW5/CMakeFiles/HW5.dir/C_/Program_Files/Raspberry_Pi/Pico_SDK_v1.5.1/pico-sdk/lib/tinyusb/src/device/usbd.c.obj
                0x1000576c                usbd_edpt_clear_stall
 .text.usbd_edpt_stalled
                0x100057b4       0x1c HW5/CMakeFiles/HW5.dir/C_/Program_Files/Raspberry_Pi/Pico_SDK_v1.5.1/pico-sdk/lib/tinyusb/src/device/usbd.c.obj
                0x100057b4                usbd_edpt_stalled
 .text.process_control_request
                0x100057d0      0x37c HW5/CMakeFiles/HW5.dir/C_/Program_Files/Raspberry_Pi/Pico_SDK_v1.5.1/pico-sdk/lib/tinyusb/src/device/usbd.c.obj
 .text.tud_task_ext
                0x10005b4c      0x1b8 HW5/CMakeFiles/HW5.dir/C_/Program_Files/Raspberry_Pi/Pico_SDK_v1.5.1/pico-sdk/lib/tinyusb/src/device/usbd.c.obj
                0x10005b4c                tud_task_ext
 .text._data_stage_xact
                0x10005d04       0x58 HW5/CMakeFiles/HW5.dir/C_/Program_Files/Raspberry_Pi/Pico_SDK_v1.5.1/pico-sdk/lib/tinyusb/src/device/usbd_control.c.obj
 .text.tud_control_status
                0x10005d5c       0x38 HW5/CMakeFiles/HW5.dir/C_/Program_Files/Raspberry_Pi/Pico_SDK_v1.5.1/pico-sdk/lib/tinyusb/src/device/usbd_control.c.obj
                0x10005d5c                tud_control_status
 .text.tud_control_xfer
                0x10005d94       0x74 HW5/CMakeFiles/HW5.dir/C_/Program_Files/Raspberry_Pi/Pico_SDK_v1.5.1/pico-sdk/lib/tinyusb/src/device/usbd_control.c.obj
                0x10005d94                tud_control_xfer
 .text.usbd_control_reset
                0x10005e08       0x14 HW5/CMakeFiles/HW5.dir/C_/Program_Files/Raspberry_Pi/Pico_SDK_v1.5.1/pico-sdk/lib/tinyusb/src/device/usbd_control.c.obj
                0x10005e08                usbd_control_reset
 .text.usbd_control_set_complete_callback
                0x10005e1c        0xc HW5/CMakeFiles/HW5.dir/C_/Program_Files/Raspberry_Pi/Pico_SDK_v1.5.1/pico-sdk/lib/tinyusb/src/device/usbd_control.c.obj
                0x10005e1c                usbd_control_set_complete_callback
 .text.usbd_control_set_request
                0x10005e28       0x1c HW5/CMakeFiles/HW5.dir/C_/Program_Files/Raspberry_Pi/Pico_SDK_v1.5.1/pico-sdk/lib/tinyusb/src/device/usbd_control.c.obj
                0x10005e28                usbd_control_set_request
 .text.usbd_control_xfer_cb
                0x10005e44       0xcc HW5/CMakeFiles/HW5.dir/C_/Program_Files/Raspberry_Pi/Pico_SDK_v1.5.1/pico-sdk/lib/tinyusb/src/device/usbd_control.c.obj
                0x10005e44                usbd_control_xfer_cb
 .text._prep_out_transaction
                0x10005f10       0x4a HW5/CMakeFiles/HW5.dir/C_/Program_Files/Raspberry_Pi/Pico_SDK_v1.5.1/pico-sdk/lib/tinyusb/src/class/cdc/cdc_device.c.obj
 *fill*         0x10005f5a        0x2 
 .text.tud_cdc_n_connected
                0x10005f5c       0x44 HW5/CMakeFiles/HW5.dir/C_/Program_Files/Raspberry_Pi/Pico_SDK_v1.5.1/pico-sdk/lib/tinyusb/src/class/cdc/cdc_device.c.obj
                0x10005f5c                tud_cdc_n_connected
 .text.tud_cdc_n_available
                0x10005fa0       0x18 HW5/CMakeFiles/HW5.dir/C_/Program_Files/Raspberry_Pi/Pico_SDK_v1.5.1/pico-sdk/lib/tinyusb/src/class/cdc/cdc_device.c.obj
                0x10005fa0                tud_cdc_n_available
 .text.tud_cdc_n_read
                0x10005fb8       0x28 HW5/CMakeFiles/HW5.dir/C_/Program_Files/Raspberry_Pi/Pico_SDK_v1.5.1/pico-sdk/lib/tinyusb/src/class/cdc/cdc_device.c.obj
                0x10005fb8                tud_cdc_n_read
 .text.tud_cdc_n_write_flush
                0x10005fe0       0xb8 HW5/CMakeFiles/HW5.dir/C_/Program_Files/Raspberry_Pi/Pico_SDK_v1.5.1/pico-sdk/lib/tinyusb/src/class/cdc/cdc_device.c.obj
                0x10005fe0                tud_cdc_n_write_flush
 .text.tud_cdc_n_write
                0x10006098       0x38 HW5/CMakeFiles/HW5.dir/C_/Program_Files/Raspberry_Pi/Pico_SDK_v1.5.1/pico-sdk/lib/tinyusb/src/class/cdc/cdc_device.c.obj
                0x10006098                tud_cdc_n_write
 .text.tud_cdc_n_write_available
                0x100060d0       0x1c HW5/CMakeFiles/HW5.dir/C_/Program_Files/Raspberry_Pi/Pico_SDK_v1.5.1/pico-sdk/lib/tinyusb/src/class/cdc/cdc_device.c.obj
                0x100060d0                tud_cdc_n_write_available
 .text.cdcd_init
                0x100060ec       0xbc HW5/CMakeFiles/HW5.dir/C_/Program_Files/Raspberry_Pi/Pico_SDK_v1.5.1/pico-sdk/lib/tinyusb/src/class/cdc/cdc_device.c.obj
                0x100060ec                cdcd_init
 .text.cdcd_reset
                0x100061a8       0x44 HW5/CMakeFiles/HW5.dir/C_/Program_Files/Raspberry_Pi/Pico_SDK_v1.5.1/pico-sdk/lib/tinyusb/src/class/cdc/cdc_device.c.obj
                0x100061a8                cdcd_reset
 .text.cdcd_open
                0x100061ec       0xcc HW5/CMakeFiles/HW5.dir/C_/Program_Files/Raspberry_Pi/Pico_SDK_v1.5.1/pico-sdk/lib/tinyusb/src/class/cdc/cdc_device.c.obj
                0x100061ec                cdcd_open
 .text.cdcd_control_xfer_cb
                0x100062b8      0x134 HW5/CMakeFiles/HW5.dir/C_/Program_Files/Raspberry_Pi/Pico_SDK_v1.5.1/pico-sdk/lib/tinyusb/src/class/cdc/cdc_device.c.obj
                0x100062b8                cdcd_control_xfer_cb
 .text.cdcd_xfer_cb
                0x100063ec      0x130 HW5/CMakeFiles/HW5.dir/C_/Program_Files/Raspberry_Pi/Pico_SDK_v1.5.1/pico-sdk/lib/tinyusb/src/class/cdc/cdc_device.c.obj
                0x100063ec                cdcd_xfer_cb
 .text.tusb_init
                0x1000651c        0xa HW5/CMakeFiles/HW5.dir/C_/Program_Files/Raspberry_Pi/Pico_SDK_v1.5.1/pico-sdk/lib/tinyusb/src/tusb.c.obj
                0x1000651c                tusb_init
 .text.tusb_inited
                0x10006526        0xe HW5/CMakeFiles/HW5.dir/C_/Program_Files/Raspberry_Pi/Pico_SDK_v1.5.1/pico-sdk/lib/tinyusb/src/tusb.c.obj
                0x10006526                tusb_inited
 .text.tu_edpt_claim
                0x10006534       0x50 HW5/CMakeFiles/HW5.dir/C_/Program_Files/Raspberry_Pi/Pico_SDK_v1.5.1/pico-sdk/lib/tinyusb/src/tusb.c.obj
                0x10006534                tu_edpt_claim
 .text.tu_edpt_release
                0x10006584       0x3c HW5/CMakeFiles/HW5.dir/C_/Program_Files/Raspberry_Pi/Pico_SDK_v1.5.1/pico-sdk/lib/tinyusb/src/tusb.c.obj
                0x10006584                tu_edpt_release
 .text.tu_edpt_validate
                0x100065c0       0x78 HW5/CMakeFiles/HW5.dir/C_/Program_Files/Raspberry_Pi/Pico_SDK_v1.5.1/pico-sdk/lib/tinyusb/src/tusb.c.obj
                0x100065c0                tu_edpt_validate
 .text.tu_edpt_bind_driver
                0x10006638       0x26 HW5/CMakeFiles/HW5.dir/C_/Program_Files/Raspberry_Pi/Pico_SDK_v1.5.1/pico-sdk/lib/tinyusb/src/tusb.c.obj
                0x10006638                tu_edpt_bind_driver
 .text.advance_index
                0x1000665e       0x1a HW5/CMakeFiles/HW5.dir/C_/Program_Files/Raspberry_Pi/Pico_SDK_v1.5.1/pico-sdk/lib/tinyusb/src/common/tusb_fifo.c.obj
 .text._tu_fifo_peek
                0x10006678       0x56 HW5/CMakeFiles/HW5.dir/C_/Program_Files/Raspberry_Pi/Pico_SDK_v1.5.1/pico-sdk/lib/tinyusb/src/common/tusb_fifo.c.obj
 .text._ff_pull_const_addr
                0x100066ce       0x4c HW5/CMakeFiles/HW5.dir/C_/Program_Files/Raspberry_Pi/Pico_SDK_v1.5.1/pico-sdk/lib/tinyusb/src/common/tusb_fifo.c.obj
 .text._ff_pull_n
                0x1000671a      0x110 HW5/CMakeFiles/HW5.dir/C_/Program_Files/Raspberry_Pi/Pico_SDK_v1.5.1/pico-sdk/lib/tinyusb/src/common/tusb_fifo.c.obj
 .text._tu_fifo_peek_n
                0x1000682a       0x6a HW5/CMakeFiles/HW5.dir/C_/Program_Files/Raspberry_Pi/Pico_SDK_v1.5.1/pico-sdk/lib/tinyusb/src/common/tusb_fifo.c.obj
 .text._tu_fifo_read_n
                0x10006894       0x4e HW5/CMakeFiles/HW5.dir/C_/Program_Files/Raspberry_Pi/Pico_SDK_v1.5.1/pico-sdk/lib/tinyusb/src/common/tusb_fifo.c.obj
 .text._ff_push_const_addr
                0x100068e2       0x40 HW5/CMakeFiles/HW5.dir/C_/Program_Files/Raspberry_Pi/Pico_SDK_v1.5.1/pico-sdk/lib/tinyusb/src/common/tusb_fifo.c.obj
 .text._ff_push_n
                0x10006922      0x10c HW5/CMakeFiles/HW5.dir/C_/Program_Files/Raspberry_Pi/Pico_SDK_v1.5.1/pico-sdk/lib/tinyusb/src/common/tusb_fifo.c.obj
 .text._tu_fifo_write_n
                0x10006a2e       0xf0 HW5/CMakeFiles/HW5.dir/C_/Program_Files/Raspberry_Pi/Pico_SDK_v1.5.1/pico-sdk/lib/tinyusb/src/common/tusb_fifo.c.obj
 .text.tu_fifo_config
                0x10006b1e       0x7c HW5/CMakeFiles/HW5.dir/C_/Program_Files/Raspberry_Pi/Pico_SDK_v1.5.1/pico-sdk/lib/tinyusb/src/common/tusb_fifo.c.obj
                0x10006b1e                tu_fifo_config
 .text.tu_fifo_count
                0x10006b9a       0x2a HW5/CMakeFiles/HW5.dir/C_/Program_Files/Raspberry_Pi/Pico_SDK_v1.5.1/pico-sdk/lib/tinyusb/src/common/tusb_fifo.c.obj
                0x10006b9a                tu_fifo_count
 .text.tu_fifo_empty
                0x10006bc4       0x10 HW5/CMakeFiles/HW5.dir/C_/Program_Files/Raspberry_Pi/Pico_SDK_v1.5.1/pico-sdk/lib/tinyusb/src/common/tusb_fifo.c.obj
                0x10006bc4                tu_fifo_empty
 .text.tu_fifo_full
                0x10006bd4       0x28 HW5/CMakeFiles/HW5.dir/C_/Program_Files/Raspberry_Pi/Pico_SDK_v1.5.1/pico-sdk/lib/tinyusb/src/common/tusb_fifo.c.obj
                0x10006bd4                tu_fifo_full
 .text.tu_fifo_remaining
                0x10006bfc       0x2c HW5/CMakeFiles/HW5.dir/C_/Program_Files/Raspberry_Pi/Pico_SDK_v1.5.1/pico-sdk/lib/tinyusb/src/common/tusb_fifo.c.obj
                0x10006bfc                tu_fifo_remaining
 .text.tu_fifo_read
                0x10006c28       0x42 HW5/CMakeFiles/HW5.dir/C_/Program_Files/Raspberry_Pi/Pico_SDK_v1.5.1/pico-sdk/lib/tinyusb/src/common/tusb_fifo.c.obj
                0x10006c28                tu_fifo_read
 .text.tu_fifo_read_n
                0x10006c6a        0xa HW5/CMakeFiles/HW5.dir/C_/Program_Files/Raspberry_Pi/Pico_SDK_v1.5.1/pico-sdk/lib/tinyusb/src/common/tusb_fifo.c.obj
                0x10006c6a                tu_fifo_read_n
 .text.tu_fifo_write
                0x10006c74       0x64 HW5/CMakeFiles/HW5.dir/C_/Program_Files/Raspberry_Pi/Pico_SDK_v1.5.1/pico-sdk/lib/tinyusb/src/common/tusb_fifo.c.obj
                0x10006c74                tu_fifo_write
 .text.tu_fifo_write_n
                0x10006cd8        0xa HW5/CMakeFiles/HW5.dir/C_/Program_Files/Raspberry_Pi/Pico_SDK_v1.5.1/pico-sdk/lib/tinyusb/src/common/tusb_fifo.c.obj
                0x10006cd8                tu_fifo_write_n
 .text.tu_fifo_clear
                0x10006ce2       0x3e HW5/CMakeFiles/HW5.dir/C_/Program_Files/Raspberry_Pi/Pico_SDK_v1.5.1/pico-sdk/lib/tinyusb/src/common/tusb_fifo.c.obj
                0x10006ce2                tu_fifo_clear
 .text.tu_fifo_set_overwritable
                0x10006d20       0x46 HW5/CMakeFiles/HW5.dir/C_/Program_Files/Raspberry_Pi/Pico_SDK_v1.5.1/pico-sdk/lib/tinyusb/src/common/tusb_fifo.c.obj
                0x10006d20                tu_fifo_set_overwritable
 .text.i2c_write_blocking_internal
                0x10006d66      0x140 HW5/CMakeFiles/HW5.dir/C_/Program_Files/Raspberry_Pi/Pico_SDK_v1.5.1/pico-sdk/src/rp2_common/hardware_i2c/i2c.c.obj
 .text.i2c_read_blocking_internal
                0x10006ea6       0xe6 HW5/CMakeFiles/HW5.dir/C_/Program_Files/Raspberry_Pi/Pico_SDK_v1.5.1/pico-sdk/src/rp2_common/hardware_i2c/i2c.c.obj
 .text.i2c_set_baudrate
                0x10006f8c       0xf0 HW5/CMakeFiles/HW5.dir/C_/Program_Files/Raspberry_Pi/Pico_SDK_v1.5.1/pico-sdk/src/rp2_common/hardware_i2c/i2c.c.obj
                0x10006f8c                i2c_set_baudrate
 .text.i2c_init
                0x1000707c       0x58 HW5/CMakeFiles/HW5.dir/C_/Program_Files/Raspberry_Pi/Pico_SDK_v1.5.1/pico-sdk/src/rp2_common/hardware_i2c/i2c.c.obj
                0x1000707c                i2c_init
 .text.i2c_write_blocking
                0x100070d4       0x18 HW5/CMakeFiles/HW5.dir/C_/Program_Files/Raspberry_Pi/Pico_SDK_v1.5.1/pico-sdk/src/rp2_common/hardware_i2c/i2c.c.obj
                0x100070d4                i2c_write_blocking
 .text.i2c_read_blocking
                0x100070ec       0x18 HW5/CMakeFiles/HW5.dir/C_/Program_Files/Raspberry_Pi/Pico_SDK_v1.5.1/pico-sdk/src/rp2_common/hardware_i2c/i2c.c.obj
                0x100070ec                i2c_read_blocking
 .text.strlen   0x10007104       0x5c c:/progra~1/raspbe~1/picosd~1.1/gcc-ar~1/bin/../lib/gcc/arm-none-eabi/10.3.1/../../../../arm-none-eabi/lib/thumb/v6-m/nofp\libg.a(lib_a-strlen-stub.o)
                0x10007104                strlen
 *(.fini)
 .fini          0x10007160        0x4 c:/progra~1/raspbe~1/picosd~1.1/gcc-ar~1/bin/../lib/gcc/arm-none-eabi/10.3.1/thumb/v6-m/nofp/crti.o
                0x10007160                _fini
 *fill*         0x10007164        0x4 
 .fini.__stub   0x10007168       0xe0 linker stubs
 *crtbegin.o(.ctors)
 *crtbegin?.o(.ctors)
 *(EXCLUDE_FILE(*crtend.o *crtend?.o) .ctors)
 *(SORT_BY_NAME(.ctors.*))
 *(.ctors)
 *crtbegin.o(.dtors)
 *crtbegin?.o(.dtors)
 *(EXCLUDE_FILE(*crtend.o *crtend?.o) .dtors)
 *(SORT_BY_NAME(.dtors.*))
 *(.dtors)
 *(.eh_frame*)
 .eh_frame      0x10007248        0x0 c:/progra~1/raspbe~1/picosd~1.1/gcc-ar~1/bin/../lib/gcc/arm-none-eabi/10.3.1/thumb/v6-m/nofp/crtbegin.o
                0x10007248                . = ALIGN (0x4)

.glue_7         0x10007248        0x0
 .glue_7        0x10007248        0x0 linker stubs

.glue_7t        0x10007248        0x0
 .glue_7t       0x10007248        0x0 linker stubs

.vfp11_veneer   0x10007248        0x0
 .vfp11_veneer  0x10007248        0x0 linker stubs

.v4_bx          0x10007248        0x0
 .v4_bx         0x10007248        0x0 linker stubs

.iplt           0x10007248        0x0
 .iplt          0x10007248        0x0 c:/progra~1/raspbe~1/picosd~1.1/gcc-ar~1/bin/../lib/gcc/arm-none-eabi/10.3.1/thumb/v6-m/nofp/crtbegin.o

.rodata         0x10007248     0x1818
 *(EXCLUDE_FILE(*libm.a: *libc.a:*lib_a-mem*.o *libgcc.a:) .rodata*)
 .rodata.main.str1.4
                0x10007248       0x62 HW5/CMakeFiles/HW5.dir/I2CMCP23008.c.obj
 *fill*         0x100072aa        0x2 
 .rodata.spin_lock_claim_unused.str1.4
                0x100072ac       0x1b HW5/CMakeFiles/HW5.dir/C_/Program_Files/Raspberry_Pi/Pico_SDK_v1.5.1/pico-sdk/src/rp2_common/hardware_sync/sync.c.obj
 *fill*         0x100072c7        0x1 
 .rodata.make_branch.str1.4
                0x100072c8       0x89 HW5/CMakeFiles/HW5.dir/C_/Program_Files/Raspberry_Pi/Pico_SDK_v1.5.1/pico-sdk/src/rp2_common/hardware_irq/irq.c.obj
 *fill*         0x10007351        0x3 
 .rodata.insert_branch_and_link.str1.4
                0x10007354       0x10 HW5/CMakeFiles/HW5.dir/C_/Program_Files/Raspberry_Pi/Pico_SDK_v1.5.1/pico-sdk/src/rp2_common/hardware_irq/irq.c.obj
 .rodata.irq_set_exclusive_handler.str1.4
                0x10007364       0x36 HW5/CMakeFiles/HW5.dir/C_/Program_Files/Raspberry_Pi/Pico_SDK_v1.5.1/pico-sdk/src/rp2_common/hardware_irq/irq.c.obj
 *fill*         0x1000739a        0x2 
 .rodata.irq_add_shared_handler.str1.4
                0x1000739c       0xd9 HW5/CMakeFiles/HW5.dir/C_/Program_Files/Raspberry_Pi/Pico_SDK_v1.5.1/pico-sdk/src/rp2_common/hardware_irq/irq.c.obj
 *fill*         0x10007475        0x3 
 .rodata.irq_remove_handler.str1.4
                0x10007478       0x3a HW5/CMakeFiles/HW5.dir/C_/Program_Files/Raspberry_Pi/Pico_SDK_v1.5.1/pico-sdk/src/rp2_common/hardware_irq/irq.c.obj
 *fill*         0x100074b2        0x2 
 .rodata.irq_add_tail_to_free_list.str1.4
                0x100074b4       0x3a HW5/CMakeFiles/HW5.dir/C_/Program_Files/Raspberry_Pi/Pico_SDK_v1.5.1/pico-sdk/src/rp2_common/hardware_irq/irq.c.obj
 *fill*         0x100074ee        0x2 
 .rodata.user_irq_claim_unused.str1.4
                0x100074f0       0x1b HW5/CMakeFiles/HW5.dir/C_/Program_Files/Raspberry_Pi/Pico_SDK_v1.5.1/pico-sdk/src/rp2_common/hardware_irq/irq.c.obj
 *fill*         0x1000750b        0x1 
 .rodata.__func__.0
                0x1000750c       0x1a HW5/CMakeFiles/HW5.dir/C_/Program_Files/Raspberry_Pi/Pico_SDK_v1.5.1/pico-sdk/src/rp2_common/hardware_irq/irq.c.obj
 *fill*         0x10007526        0x2 
 .rodata.__func__.1
                0x10007528       0x17 HW5/CMakeFiles/HW5.dir/C_/Program_Files/Raspberry_Pi/Pico_SDK_v1.5.1/pico-sdk/src/rp2_common/hardware_irq/irq.c.obj
 *fill*         0x1000753f        0x1 
 .rodata.__func__.2
                0x10007540       0x13 HW5/CMakeFiles/HW5.dir/C_/Program_Files/Raspberry_Pi/Pico_SDK_v1.5.1/pico-sdk/src/rp2_common/hardware_irq/irq.c.obj
 *fill*         0x10007553        0x1 
 .rodata.__func__.3
                0x10007554        0xc HW5/CMakeFiles/HW5.dir/C_/Program_Files/Raspberry_Pi/Pico_SDK_v1.5.1/pico-sdk/src/rp2_common/hardware_irq/irq.c.obj
 .rodata.__func__.4
                0x10007560        0xf HW5/CMakeFiles/HW5.dir/C_/Program_Files/Raspberry_Pi/Pico_SDK_v1.5.1/pico-sdk/src/rp2_common/hardware_irq/irq.c.obj
 *fill*         0x1000756f        0x1 
 .rodata.__func__.5
                0x10007570       0x17 HW5/CMakeFiles/HW5.dir/C_/Program_Files/Raspberry_Pi/Pico_SDK_v1.5.1/pico-sdk/src/rp2_common/hardware_irq/irq.c.obj
 *fill*         0x10007587        0x1 
 .rodata.__func__.6
                0x10007588       0x1a HW5/CMakeFiles/HW5.dir/C_/Program_Files/Raspberry_Pi/Pico_SDK_v1.5.1/pico-sdk/src/rp2_common/hardware_irq/irq.c.obj
 *fill*         0x100075a2        0x2 
 .rodata.str1.4
                0x100075a4      0x125 HW5/CMakeFiles/HW5.dir/C_/Program_Files/Raspberry_Pi/Pico_SDK_v1.5.1/pico-sdk/src/common/pico_sync/mutex.c.obj
 *fill*         0x100076c9        0x3 
 .rodata.__func__.1
                0x100076cc        0xb HW5/CMakeFiles/HW5.dir/C_/Program_Files/Raspberry_Pi/Pico_SDK_v1.5.1/pico-sdk/src/common/pico_sync/mutex.c.obj
 *fill*         0x100076d7        0x1 
 .rodata.__func__.3
                0x100076d8       0x18 HW5/CMakeFiles/HW5.dir/C_/Program_Files/Raspberry_Pi/Pico_SDK_v1.5.1/pico-sdk/src/common/pico_sync/mutex.c.obj
 .rodata.__func__.4
                0x100076f0       0x15 HW5/CMakeFiles/HW5.dir/C_/Program_Files/Raspberry_Pi/Pico_SDK_v1.5.1/pico-sdk/src/common/pico_sync/mutex.c.obj
 *fill*         0x10007705        0x3 
 .rodata.repeating_timer_callback.str1.4
                0x10007708       0x67 HW5/CMakeFiles/HW5.dir/C_/Program_Files/Raspberry_Pi/Pico_SDK_v1.5.1/pico-sdk/src/common/pico_time/time.c.obj
 *fill*         0x1000776f        0x1 
 .rodata.timer_pool_entry_comparator.str1.4
                0x10007770       0x22 HW5/CMakeFiles/HW5.dir/C_/Program_Files/Raspberry_Pi/Pico_SDK_v1.5.1/pico-sdk/src/common/pico_time/time.c.obj
 *fill*         0x10007792        0x2 
 .rodata.ph_add_child_node.str1.4
                0x10007794       0xb2 HW5/CMakeFiles/HW5.dir/C_/Program_Files/Raspberry_Pi/Pico_SDK_v1.5.1/pico-sdk/src/common/pico_time/time.c.obj
 *fill*         0x10007846        0x2 
 .rodata.add_alarm_under_lock.str1.4
                0x10007848       0x28 HW5/CMakeFiles/HW5.dir/C_/Program_Files/Raspberry_Pi/Pico_SDK_v1.5.1/pico-sdk/src/common/pico_time/time.c.obj
                                 0x2b (size before relaxing)
 .rodata.alarm_pool_alarm_callback.str1.4
                0x10007870       0x98 HW5/CMakeFiles/HW5.dir/C_/Program_Files/Raspberry_Pi/Pico_SDK_v1.5.1/pico-sdk/src/common/pico_time/time.c.obj
                                0x118 (size before relaxing)
 .rodata.alarm_pool_get_default.str1.4
                0x10007908       0x21 HW5/CMakeFiles/HW5.dir/C_/Program_Files/Raspberry_Pi/Pico_SDK_v1.5.1/pico-sdk/src/common/pico_time/time.c.obj
 *fill*         0x10007929        0x3 
 .rodata.alarm_pool_cancel_alarm.str1.4
                0x1000792c       0x27 HW5/CMakeFiles/HW5.dir/C_/Program_Files/Raspberry_Pi/Pico_SDK_v1.5.1/pico-sdk/src/common/pico_time/time.c.obj
 *fill*         0x10007953        0x1 
 .rodata.sleep_until.str1.4
                0x10007954       0x4d HW5/CMakeFiles/HW5.dir/C_/Program_Files/Raspberry_Pi/Pico_SDK_v1.5.1/pico-sdk/src/common/pico_time/time.c.obj
 *fill*         0x100079a1        0x3 
 .rodata.__func__.1
                0x100079a4       0x18 HW5/CMakeFiles/HW5.dir/C_/Program_Files/Raspberry_Pi/Pico_SDK_v1.5.1/pico-sdk/src/common/pico_time/time.c.obj
 .rodata.__func__.10
                0x100079bc       0x15 HW5/CMakeFiles/HW5.dir/C_/Program_Files/Raspberry_Pi/Pico_SDK_v1.5.1/pico-sdk/src/common/pico_time/time.c.obj
 *fill*         0x100079d1        0x3 
 .rodata.__func__.11
                0x100079d4       0x1a HW5/CMakeFiles/HW5.dir/C_/Program_Files/Raspberry_Pi/Pico_SDK_v1.5.1/pico-sdk/src/common/pico_time/time.c.obj
 *fill*         0x100079ee        0x2 
 .rodata.__func__.12
                0x100079f0        0xa HW5/CMakeFiles/HW5.dir/C_/Program_Files/Raspberry_Pi/Pico_SDK_v1.5.1/pico-sdk/src/common/pico_time/time.c.obj
 *fill*         0x100079fa        0x2 
 .rodata.__func__.3
                0x100079fc       0x17 HW5/CMakeFiles/HW5.dir/C_/Program_Files/Raspberry_Pi/Pico_SDK_v1.5.1/pico-sdk/src/common/pico_time/time.c.obj
 *fill*         0x10007a13        0x1 
 .rodata.__func__.4
                0x10007a14       0x12 HW5/CMakeFiles/HW5.dir/C_/Program_Files/Raspberry_Pi/Pico_SDK_v1.5.1/pico-sdk/src/common/pico_time/time.c.obj
 *fill*         0x10007a26        0x2 
 .rodata.__func__.5
                0x10007a28        0xd HW5/CMakeFiles/HW5.dir/C_/Program_Files/Raspberry_Pi/Pico_SDK_v1.5.1/pico-sdk/src/common/pico_time/time.c.obj
 *fill*         0x10007a35        0x3 
 .rodata.__func__.6
                0x10007a38       0x12 HW5/CMakeFiles/HW5.dir/C_/Program_Files/Raspberry_Pi/Pico_SDK_v1.5.1/pico-sdk/src/common/pico_time/time.c.obj
 *fill*         0x10007a4a        0x2 
 .rodata.__func__.7
                0x10007a4c        0xf HW5/CMakeFiles/HW5.dir/C_/Program_Files/Raspberry_Pi/Pico_SDK_v1.5.1/pico-sdk/src/common/pico_time/time.c.obj
 *fill*         0x10007a5b        0x1 
 .rodata.__func__.8
                0x10007a5c        0xc HW5/CMakeFiles/HW5.dir/C_/Program_Files/Raspberry_Pi/Pico_SDK_v1.5.1/pico-sdk/src/common/pico_time/time.c.obj
 .rodata.__func__.9
                0x10007a68       0x15 HW5/CMakeFiles/HW5.dir/C_/Program_Files/Raspberry_Pi/Pico_SDK_v1.5.1/pico-sdk/src/common/pico_time/time.c.obj
 *fill*         0x10007a7d        0x3 
 .rodata.hardware_alarm_claim.str1.4
                0x10007a80       0x22 HW5/CMakeFiles/HW5.dir/C_/Program_Files/Raspberry_Pi/Pico_SDK_v1.5.1/pico-sdk/src/rp2_common/hardware_timer/timer.c.obj
 *fill*         0x10007aa2        0x2 
 .rodata.hardware_alarm_set_target.str1.4
                0x10007aa4       0x81 HW5/CMakeFiles/HW5.dir/C_/Program_Files/Raspberry_Pi/Pico_SDK_v1.5.1/pico-sdk/src/rp2_common/hardware_timer/timer.c.obj
 *fill*         0x10007b25        0x3 
 .rodata.__func__.0
                0x10007b28       0x1a HW5/CMakeFiles/HW5.dir/C_/Program_Files/Raspberry_Pi/Pico_SDK_v1.5.1/pico-sdk/src/rp2_common/hardware_timer/timer.c.obj
 .rodata.ph_add_child_node.str1.4
                0x10007b42       0xb2 HW5/CMakeFiles/HW5.dir/C_/Program_Files/Raspberry_Pi/Pico_SDK_v1.5.1/pico-sdk/src/common/pico_util/pheap.c.obj
 *fill*         0x10007b42        0x2 
 .rodata.ph_remove_any_head.str1.4
                0x10007b44       0xa8 HW5/CMakeFiles/HW5.dir/C_/Program_Files/Raspberry_Pi/Pico_SDK_v1.5.1/pico-sdk/src/common/pico_util/pheap.c.obj
                                 0xbc (size before relaxing)
 .rodata.ph_remove_and_free_node.str1.4
                0x10007bec       0x1e HW5/CMakeFiles/HW5.dir/C_/Program_Files/Raspberry_Pi/Pico_SDK_v1.5.1/pico-sdk/src/common/pico_util/pheap.c.obj
                                 0x26 (size before relaxing)
 *fill*         0x10007c0a        0x2 
 .rodata.__func__.0
                0x10007c0c       0x18 HW5/CMakeFiles/HW5.dir/C_/Program_Files/Raspberry_Pi/Pico_SDK_v1.5.1/pico-sdk/src/common/pico_util/pheap.c.obj
 .rodata.__func__.1
                0x10007c24       0x13 HW5/CMakeFiles/HW5.dir/C_/Program_Files/Raspberry_Pi/Pico_SDK_v1.5.1/pico-sdk/src/common/pico_util/pheap.c.obj
 *fill*         0x10007c37        0x1 
 .rodata.__func__.2
                0x10007c38       0x12 HW5/CMakeFiles/HW5.dir/C_/Program_Files/Raspberry_Pi/Pico_SDK_v1.5.1/pico-sdk/src/common/pico_util/pheap.c.obj
 *fill*         0x10007c4a        0x2 
 .rodata.__func__.3
                0x10007c4c        0xc HW5/CMakeFiles/HW5.dir/C_/Program_Files/Raspberry_Pi/Pico_SDK_v1.5.1/pico-sdk/src/common/pico_util/pheap.c.obj
 .rodata.clock_configure.str1.4
                0x10007c58       0x73 HW5/CMakeFiles/HW5.dir/C_/Program_Files/Raspberry_Pi/Pico_SDK_v1.5.1/pico-sdk/src/rp2_common/hardware_clocks/clocks.c.obj
 *fill*         0x10007ccb        0x1 
 .rodata.__func__.1
                0x10007ccc       0x10 HW5/CMakeFiles/HW5.dir/C_/Program_Files/Raspberry_Pi/Pico_SDK_v1.5.1/pico-sdk/src/rp2_common/hardware_clocks/clocks.c.obj
 .rodata.pll_init.str1.4
                0x10007cdc      0x140 HW5/CMakeFiles/HW5.dir/C_/Program_Files/Raspberry_Pi/Pico_SDK_v1.5.1/pico-sdk/src/rp2_common/hardware_pll/pll.c.obj
 .rodata.__func__.0
                0x10007e1c        0x9 HW5/CMakeFiles/HW5.dir/C_/Program_Files/Raspberry_Pi/Pico_SDK_v1.5.1/pico-sdk/src/rp2_common/hardware_pll/pll.c.obj
 *fill*         0x10007e25        0x3 
 .rodata.__assert_func.str1.4
                0x10007e28       0x3f HW5/CMakeFiles/HW5.dir/C_/Program_Files/Raspberry_Pi/Pico_SDK_v1.5.1/pico-sdk/src/rp2_common/pico_runtime/runtime.c.obj
                                 0x43 (size before relaxing)
 *fill*         0x10007e67        0x1 
 .rodata.runtime_init.str1.4
                0x10007e68       0x7d HW5/CMakeFiles/HW5.dir/C_/Program_Files/Raspberry_Pi/Pico_SDK_v1.5.1/pico-sdk/src/rp2_common/pico_runtime/runtime.c.obj
 *fill*         0x10007ee5        0x3 
 .rodata.panic.str1.4
                0x10007ee8       0x10 HW5/CMakeFiles/HW5.dir/C_/Program_Files/Raspberry_Pi/Pico_SDK_v1.5.1/pico-sdk/src/rp2_common/pico_runtime/runtime.c.obj
                                 0x12 (size before relaxing)
 .rodata.__func__.2
                0x10007ef8        0xd HW5/CMakeFiles/HW5.dir/C_/Program_Files/Raspberry_Pi/Pico_SDK_v1.5.1/pico-sdk/src/rp2_common/pico_runtime/runtime.c.obj
 *fill*         0x10007f05        0x3 
 .rodata._ftoa.str1.4
                0x10007f08       0x15 HW5/CMakeFiles/HW5.dir/C_/Program_Files/Raspberry_Pi/Pico_SDK_v1.5.1/pico-sdk/src/rp2_common/pico_printf/printf.c.obj
 *fill*         0x10007f1d        0x3 
 .rodata._vsnprintf
                0x10007f20      0x1e0 HW5/CMakeFiles/HW5.dir/C_/Program_Files/Raspberry_Pi/Pico_SDK_v1.5.1/pico-sdk/src/rp2_common/pico_printf/printf.c.obj
 .rodata.pow10.0
                0x10008100       0x50 HW5/CMakeFiles/HW5.dir/C_/Program_Files/Raspberry_Pi/Pico_SDK_v1.5.1/pico-sdk/src/rp2_common/pico_printf/printf.c.obj
 .rodata.__aeabi_double_init.str1.4
                0x10008150       0xb8 HW5/CMakeFiles/HW5.dir/C_/Program_Files/Raspberry_Pi/Pico_SDK_v1.5.1/pico-sdk/src/rp2_common/pico_double/double_init_rom.c.obj
 .rodata.__func__.0
                0x10008208       0x14 HW5/CMakeFiles/HW5.dir/C_/Program_Files/Raspberry_Pi/Pico_SDK_v1.5.1/pico-sdk/src/rp2_common/pico_double/double_init_rom.c.obj
 .rodata.__aeabi_float_init.str1.4
                0x1000821c       0x96 HW5/CMakeFiles/HW5.dir/C_/Program_Files/Raspberry_Pi/Pico_SDK_v1.5.1/pico-sdk/src/rp2_common/pico_float/float_init_rom.c.obj
                                 0x9a (size before relaxing)
 *fill*         0x100082b2        0x2 
 .rodata.__func__.0
                0x100082b4       0x13 HW5/CMakeFiles/HW5.dir/C_/Program_Files/Raspberry_Pi/Pico_SDK_v1.5.1/pico-sdk/src/rp2_common/pico_float/float_init_rom.c.obj
 *fill*         0x100082c7        0x1 
 .rodata.str1.4
                0x100082c8       0x38 HW5/CMakeFiles/HW5.dir/C_/Program_Files/Raspberry_Pi/Pico_SDK_v1.5.1/pico-sdk/src/rp2_common/pico_standard_link/binary_info.c.obj
 .rodata.__bi_44
                0x10008300        0xc HW5/CMakeFiles/HW5.dir/C_/Program_Files/Raspberry_Pi/Pico_SDK_v1.5.1/pico-sdk/src/rp2_common/pico_standard_link/binary_info.c.obj
 .rodata.__bi_75
                0x1000830c        0xc HW5/CMakeFiles/HW5.dir/C_/Program_Files/Raspberry_Pi/Pico_SDK_v1.5.1/pico-sdk/src/rp2_common/pico_standard_link/binary_info.c.obj
 .rodata.__bi_81
                0x10008318        0xc HW5/CMakeFiles/HW5.dir/C_/Program_Files/Raspberry_Pi/Pico_SDK_v1.5.1/pico-sdk/src/rp2_common/pico_standard_link/binary_info.c.obj
 .rodata.stdout_serialize_begin.str1.4
                0x10008324       0x7d HW5/CMakeFiles/HW5.dir/C_/Program_Files/Raspberry_Pi/Pico_SDK_v1.5.1/pico-sdk/src/rp2_common/pico_stdio/stdio.c.obj
 .rodata.__func__.3
                0x10008324       0x15 HW5/CMakeFiles/HW5.dir/C_/Program_Files/Raspberry_Pi/Pico_SDK_v1.5.1/pico-sdk/src/rp2_common/pico_stdio/stdio.c.obj
 *fill*         0x10008339        0x3 
 .rodata.crlf_str.2
                0x1000833c        0x2 HW5/CMakeFiles/HW5.dir/C_/Program_Files/Raspberry_Pi/Pico_SDK_v1.5.1/pico-sdk/src/rp2_common/pico_stdio/stdio.c.obj
 *fill*         0x1000833e        0x2 
 .rodata._resetd_driver
                0x10008340       0x18 HW5/CMakeFiles/HW5.dir/C_/Program_Files/Raspberry_Pi/Pico_SDK_v1.5.1/pico-sdk/src/rp2_common/pico_stdio_usb/reset_interface.c.obj
 .rodata.low_priority_worker_irq.str1.4
                0x10008358       0x7d HW5/CMakeFiles/HW5.dir/C_/Program_Files/Raspberry_Pi/Pico_SDK_v1.5.1/pico-sdk/src/rp2_common/pico_stdio_usb/stdio_usb.c.obj
 .rodata.stdio_usb_init.str1.4
                0x10008358       0x61 HW5/CMakeFiles/HW5.dir/C_/Program_Files/Raspberry_Pi/Pico_SDK_v1.5.1/pico-sdk/src/rp2_common/pico_stdio_usb/stdio_usb.c.obj
                                 0x69 (size before relaxing)
 *fill*         0x100083b9        0x3 
 .rodata.str1.4
                0x100083bc       0x13 HW5/CMakeFiles/HW5.dir/C_/Program_Files/Raspberry_Pi/Pico_SDK_v1.5.1/pico-sdk/src/rp2_common/pico_stdio_usb/stdio_usb.c.obj
 *fill*         0x100083cf        0x1 
 .rodata.__bi_182.0
                0x100083d0        0xc HW5/CMakeFiles/HW5.dir/C_/Program_Files/Raspberry_Pi/Pico_SDK_v1.5.1/pico-sdk/src/rp2_common/pico_stdio_usb/stdio_usb.c.obj
 .rodata.__func__.1
                0x100083dc        0xf HW5/CMakeFiles/HW5.dir/C_/Program_Files/Raspberry_Pi/Pico_SDK_v1.5.1/pico-sdk/src/rp2_common/pico_stdio_usb/stdio_usb.c.obj
 *fill*         0x100083eb        0x1 
 .rodata.__func__.3
                0x100083ec       0x15 HW5/CMakeFiles/HW5.dir/C_/Program_Files/Raspberry_Pi/Pico_SDK_v1.5.1/pico-sdk/src/rp2_common/pico_stdio_usb/stdio_usb.c.obj
 *fill*         0x10008401        0x3 
 .rodata.str1.4
                0x10008404       0x2a HW5/CMakeFiles/HW5.dir/C_/Program_Files/Raspberry_Pi/Pico_SDK_v1.5.1/pico-sdk/src/rp2_common/pico_stdio_usb/stdio_usb_descriptors.c.obj
 *fill*         0x1000842e        0x2 
 .rodata.usbd_desc_cfg
                0x10008430       0x54 HW5/CMakeFiles/HW5.dir/C_/Program_Files/Raspberry_Pi/Pico_SDK_v1.5.1/pico-sdk/src/rp2_common/pico_stdio_usb/stdio_usb_descriptors.c.obj
 .rodata.usbd_desc_device
                0x10008484       0x12 HW5/CMakeFiles/HW5.dir/C_/Program_Files/Raspberry_Pi/Pico_SDK_v1.5.1/pico-sdk/src/rp2_common/pico_stdio_usb/stdio_usb_descriptors.c.obj
 *fill*         0x10008496        0x2 
 .rodata.usbd_desc_str
                0x10008498       0x18 HW5/CMakeFiles/HW5.dir/C_/Program_Files/Raspberry_Pi/Pico_SDK_v1.5.1/pico-sdk/src/rp2_common/pico_stdio_usb/stdio_usb_descriptors.c.obj
 .rodata.pico_get_unique_board_id_string.str1.4
                0x100084b0       0x69 HW5/CMakeFiles/HW5.dir/C_/Program_Files/Raspberry_Pi/Pico_SDK_v1.5.1/pico-sdk/src/rp2_common/pico_unique_id/unique_id.c.obj
 *fill*         0x10008519        0x3 
 .rodata.__func__.0
                0x1000851c       0x20 HW5/CMakeFiles/HW5.dir/C_/Program_Files/Raspberry_Pi/Pico_SDK_v1.5.1/pico-sdk/src/rp2_common/pico_unique_id/unique_id.c.obj
 .rodata.str1.4
                0x1000853c      0x176 HW5/CMakeFiles/HW5.dir/C_/Program_Files/Raspberry_Pi/Pico_SDK_v1.5.1/pico-sdk/src/rp2_common/hardware_flash/flash.c.obj
 *fill*         0x100086b2        0x2 
 .rodata.__func__.0
                0x100086b4        0xd HW5/CMakeFiles/HW5.dir/C_/Program_Files/Raspberry_Pi/Pico_SDK_v1.5.1/pico-sdk/src/rp2_common/hardware_flash/flash.c.obj
 *fill*         0x100086c1        0x3 
 .rodata._hw_endpoint_alloc.str1.4
                0x100086c4       0xd1 HW5/CMakeFiles/HW5.dir/C_/Program_Files/Raspberry_Pi/Pico_SDK_v1.5.1/pico-sdk/lib/tinyusb/src/portable/raspberrypi/rp2040/dcd_rp2040.c.obj
 *fill*         0x10008795        0x3 
 .rodata.str1.4
                0x10008798       0x14 HW5/CMakeFiles/HW5.dir/C_/Program_Files/Raspberry_Pi/Pico_SDK_v1.5.1/pico-sdk/lib/tinyusb/src/portable/raspberrypi/rp2040/dcd_rp2040.c.obj
 .rodata.dcd_int_enable.str1.4
                0x100087ac        0xc HW5/CMakeFiles/HW5.dir/C_/Program_Files/Raspberry_Pi/Pico_SDK_v1.5.1/pico-sdk/lib/tinyusb/src/portable/raspberrypi/rp2040/dcd_rp2040.c.obj
 .rodata.__func__.0
                0x100087b8        0xe HW5/CMakeFiles/HW5.dir/C_/Program_Files/Raspberry_Pi/Pico_SDK_v1.5.1/pico-sdk/lib/tinyusb/src/portable/raspberrypi/rp2040/dcd_rp2040.c.obj
 *fill*         0x100087c6        0x2 
 .rodata.__func__.1
                0x100087c8        0xe HW5/CMakeFiles/HW5.dir/C_/Program_Files/Raspberry_Pi/Pico_SDK_v1.5.1/pico-sdk/lib/tinyusb/src/portable/raspberrypi/rp2040/dcd_rp2040.c.obj
 *fill*         0x100087d6        0x2 
 .rodata.__func__.3
                0x100087d8       0x10 HW5/CMakeFiles/HW5.dir/C_/Program_Files/Raspberry_Pi/Pico_SDK_v1.5.1/pico-sdk/lib/tinyusb/src/portable/raspberrypi/rp2040/dcd_rp2040.c.obj
 .rodata.__func__.5
                0x100087e8        0xf HW5/CMakeFiles/HW5.dir/C_/Program_Files/Raspberry_Pi/Pico_SDK_v1.5.1/pico-sdk/lib/tinyusb/src/portable/raspberrypi/rp2040/dcd_rp2040.c.obj
 *fill*         0x100087f7        0x1 
 .rodata.__func__.6
                0x100087f8       0x13 HW5/CMakeFiles/HW5.dir/C_/Program_Files/Raspberry_Pi/Pico_SDK_v1.5.1/pico-sdk/lib/tinyusb/src/portable/raspberrypi/rp2040/dcd_rp2040.c.obj
 *fill*         0x1000880b        0x1 
 .rodata.__func__.7
                0x1000880c        0x9 HW5/CMakeFiles/HW5.dir/C_/Program_Files/Raspberry_Pi/Pico_SDK_v1.5.1/pico-sdk/lib/tinyusb/src/portable/raspberrypi/rp2040/dcd_rp2040.c.obj
 *fill*         0x10008815        0x3 
 .rodata.str1.4
                0x10008818      0x103 HW5/CMakeFiles/HW5.dir/C_/Program_Files/Raspberry_Pi/Pico_SDK_v1.5.1/pico-sdk/lib/tinyusb/src/portable/raspberrypi/rp2040/rp2040_usb.c.obj
 *fill*         0x1000891b        0x1 
 .rodata.__func__.0
                0x1000891c        0xf HW5/CMakeFiles/HW5.dir/C_/Program_Files/Raspberry_Pi/Pico_SDK_v1.5.1/pico-sdk/lib/tinyusb/src/portable/raspberrypi/rp2040/rp2040_usb.c.obj
 *fill*         0x1000892b        0x1 
 .rodata.process_get_descriptor
                0x1000892c       0x40 HW5/CMakeFiles/HW5.dir/C_/Program_Files/Raspberry_Pi/Pico_SDK_v1.5.1/pico-sdk/lib/tinyusb/src/device/usbd.c.obj
 .rodata.process_control_request
                0x1000896c       0x28 HW5/CMakeFiles/HW5.dir/C_/Program_Files/Raspberry_Pi/Pico_SDK_v1.5.1/pico-sdk/lib/tinyusb/src/device/usbd.c.obj
 .rodata.tud_task_ext
                0x10008994       0x24 HW5/CMakeFiles/HW5.dir/C_/Program_Files/Raspberry_Pi/Pico_SDK_v1.5.1/pico-sdk/lib/tinyusb/src/device/usbd.c.obj
 .rodata._usbd_driver
                0x100089b8       0x18 HW5/CMakeFiles/HW5.dir/C_/Program_Files/Raspberry_Pi/Pico_SDK_v1.5.1/pico-sdk/lib/tinyusb/src/device/usbd.c.obj
 .rodata.i2c_set_baudrate.str1.4
                0x100089d0       0x79 HW5/CMakeFiles/HW5.dir/C_/Program_Files/Raspberry_Pi/Pico_SDK_v1.5.1/pico-sdk/src/rp2_common/hardware_i2c/i2c.c.obj
 *fill*         0x10008a49        0x3 
 .rodata.__func__.0
                0x10008a4c       0x11 HW5/CMakeFiles/HW5.dir/C_/Program_Files/Raspberry_Pi/Pico_SDK_v1.5.1/pico-sdk/src/rp2_common/hardware_i2c/i2c.c.obj
                0x10008a60                . = ALIGN (0x4)
 *fill*         0x10008a5d        0x3 
 *(SORT_BY_ALIGNMENT(SORT_BY_NAME(.flashdata*)))
                0x10008a60                . = ALIGN (0x4)

.ARM.extab
 *(.ARM.extab* .gnu.linkonce.armextab.*)
                0x10008a60                __exidx_start = .

.ARM.exidx
 *(.ARM.exidx* .gnu.linkonce.armexidx.*)
                0x10008a60                __exidx_end = .
                0x10008a60                . = ALIGN (0x4)
                0x10008a60                __binary_info_start = .

.binary_info    0x10008a60       0x20
 *(.binary_info.keep.*)
 .binary_info.keep.__bi_ptr22
                0x10008a60        0x4 HW5/CMakeFiles/HW5.dir/C_/Program_Files/Raspberry_Pi/Pico_SDK_v1.5.1/pico-sdk/src/rp2_common/pico_standard_link/binary_info.c.obj
 .binary_info.keep.__bi_ptr30
                0x10008a64        0x4 HW5/CMakeFiles/HW5.dir/C_/Program_Files/Raspberry_Pi/Pico_SDK_v1.5.1/pico-sdk/src/rp2_common/pico_standard_link/binary_info.c.obj
 .binary_info.keep.__bi_ptr38
                0x10008a68        0x4 HW5/CMakeFiles/HW5.dir/C_/Program_Files/Raspberry_Pi/Pico_SDK_v1.5.1/pico-sdk/src/rp2_common/pico_standard_link/binary_info.c.obj
 .binary_info.keep.__bi_ptr44
                0x10008a6c        0x4 HW5/CMakeFiles/HW5.dir/C_/Program_Files/Raspberry_Pi/Pico_SDK_v1.5.1/pico-sdk/src/rp2_common/pico_standard_link/binary_info.c.obj
 .binary_info.keep.__bi_ptr50
                0x10008a70        0x4 HW5/CMakeFiles/HW5.dir/C_/Program_Files/Raspberry_Pi/Pico_SDK_v1.5.1/pico-sdk/src/rp2_common/pico_standard_link/binary_info.c.obj
 .binary_info.keep.__bi_ptr75
                0x10008a74        0x4 HW5/CMakeFiles/HW5.dir/C_/Program_Files/Raspberry_Pi/Pico_SDK_v1.5.1/pico-sdk/src/rp2_common/pico_standard_link/binary_info.c.obj
 .binary_info.keep.__bi_ptr81
                0x10008a78        0x4 HW5/CMakeFiles/HW5.dir/C_/Program_Files/Raspberry_Pi/Pico_SDK_v1.5.1/pico-sdk/src/rp2_common/pico_standard_link/binary_info.c.obj
 *(.binary_info.*)
 .binary_info.__bi_ptr182
                0x10008a7c        0x4 HW5/CMakeFiles/HW5.dir/C_/Program_Files/Raspberry_Pi/Pico_SDK_v1.5.1/pico-sdk/src/rp2_common/pico_stdio_usb/stdio_usb.c.obj
                0x10008a80                __binary_info_end = .

.rel.dyn        0x10008a80        0x0
 .rel.iplt      0x10008a80        0x0 c:/progra~1/raspbe~1/picosd~1.1/gcc-ar~1/bin/../lib/gcc/arm-none-eabi/10.3.1/thumb/v6-m/nofp/crtbegin.o
                0x10008a80                . = ALIGN (0x4)

.ram_vector_table
                0x20000000       0xc0
 *(.ram_vector_table)
 .ram_vector_table
                0x20000000       0xc0 HW5/CMakeFiles/HW5.dir/C_/Program_Files/Raspberry_Pi/Pico_SDK_v1.5.1/pico-sdk/src/rp2_common/pico_runtime/runtime.c.obj
                0x20000000                ram_vector_table

.data           0x200000c0      0xbf8 load address 0x10008a80
                0x200000c0                __data_start__ = .
 *(vtable)
 *(.time_critical*)
 .time_critical.mutex_try_enter
                0x200000c0       0x46 HW5/CMakeFiles/HW5.dir/C_/Program_Files/Raspberry_Pi/Pico_SDK_v1.5.1/pico-sdk/src/common/pico_sync/mutex.c.obj
                0x200000c0                mutex_try_enter
 *fill*         0x20000106        0x2 
 .time_critical.mutex_enter_block_until
                0x20000108       0x8c HW5/CMakeFiles/HW5.dir/C_/Program_Files/Raspberry_Pi/Pico_SDK_v1.5.1/pico-sdk/src/common/pico_sync/mutex.c.obj
                0x20000108                mutex_enter_block_until
 .time_critical.mutex_try_enter_block_until
                0x20000194       0x34 HW5/CMakeFiles/HW5.dir/C_/Program_Files/Raspberry_Pi/Pico_SDK_v1.5.1/pico-sdk/src/common/pico_sync/mutex.c.obj
                0x20000194                mutex_try_enter_block_until
 .time_critical.mutex_enter_timeout_ms
                0x200001c8       0x68 HW5/CMakeFiles/HW5.dir/C_/Program_Files/Raspberry_Pi/Pico_SDK_v1.5.1/pico-sdk/src/common/pico_sync/mutex.c.obj
                0x200001c8                mutex_enter_timeout_ms
 .time_critical.mutex_exit
                0x20000230       0x4c HW5/CMakeFiles/HW5.dir/C_/Program_Files/Raspberry_Pi/Pico_SDK_v1.5.1/pico-sdk/src/common/pico_sync/mutex.c.obj
                0x20000230                mutex_exit
 .time_critical.flash_init_boot2_copyout
                0x2000027c       0x30 HW5/CMakeFiles/HW5.dir/C_/Program_Files/Raspberry_Pi/Pico_SDK_v1.5.1/pico-sdk/src/rp2_common/hardware_flash/flash.c.obj
 .time_critical.flash_enable_xip_via_boot2
                0x200002ac       0x10 HW5/CMakeFiles/HW5.dir/C_/Program_Files/Raspberry_Pi/Pico_SDK_v1.5.1/pico-sdk/src/rp2_common/hardware_flash/flash.c.obj
 .time_critical.flash_cs_force
                0x200002bc       0x28 HW5/CMakeFiles/HW5.dir/C_/Program_Files/Raspberry_Pi/Pico_SDK_v1.5.1/pico-sdk/src/rp2_common/hardware_flash/flash.c.obj
 .time_critical.flash_do_cmd
                0x200002e4       0xd8 HW5/CMakeFiles/HW5.dir/C_/Program_Files/Raspberry_Pi/Pico_SDK_v1.5.1/pico-sdk/src/rp2_common/hardware_flash/flash.c.obj
                0x200002e4                flash_do_cmd
 .time_critical.reset_non_control_endpoints
                0x200003bc       0x40 HW5/CMakeFiles/HW5.dir/C_/Program_Files/Raspberry_Pi/Pico_SDK_v1.5.1/pico-sdk/lib/tinyusb/src/portable/raspberrypi/rp2040/dcd_rp2040.c.obj
 .time_critical.hw_handle_buff_status
                0x200003fc       0xa4 HW5/CMakeFiles/HW5.dir/C_/Program_Files/Raspberry_Pi/Pico_SDK_v1.5.1/pico-sdk/lib/tinyusb/src/portable/raspberrypi/rp2040/dcd_rp2040.c.obj
 .time_critical.dcd_rp2040_irq
                0x200004a0      0x1cc HW5/CMakeFiles/HW5.dir/C_/Program_Files/Raspberry_Pi/Pico_SDK_v1.5.1/pico-sdk/lib/tinyusb/src/portable/raspberrypi/rp2040/dcd_rp2040.c.obj
 .time_critical.e15_is_bulkin_ep
                0x2000066c       0x2c HW5/CMakeFiles/HW5.dir/C_/Program_Files/Raspberry_Pi/Pico_SDK_v1.5.1/pico-sdk/lib/tinyusb/src/portable/raspberrypi/rp2040/rp2040_usb.c.obj
 .time_critical.e15_is_critical_frame_period
                0x20000698       0x30 HW5/CMakeFiles/HW5.dir/C_/Program_Files/Raspberry_Pi/Pico_SDK_v1.5.1/pico-sdk/lib/tinyusb/src/portable/raspberrypi/rp2040/rp2040_usb.c.obj
 .time_critical.prepare_ep_buffer
                0x200006c8       0x70 HW5/CMakeFiles/HW5.dir/C_/Program_Files/Raspberry_Pi/Pico_SDK_v1.5.1/pico-sdk/lib/tinyusb/src/portable/raspberrypi/rp2040/rp2040_usb.c.obj
 .time_critical.sync_ep_buffer
                0x20000738       0x80 HW5/CMakeFiles/HW5.dir/C_/Program_Files/Raspberry_Pi/Pico_SDK_v1.5.1/pico-sdk/lib/tinyusb/src/portable/raspberrypi/rp2040/rp2040_usb.c.obj
 .time_critical._hw_endpoint_xfer_sync
                0x200007b8       0x28 HW5/CMakeFiles/HW5.dir/C_/Program_Files/Raspberry_Pi/Pico_SDK_v1.5.1/pico-sdk/lib/tinyusb/src/portable/raspberrypi/rp2040/rp2040_usb.c.obj
 .time_critical.hw_endpoint_reset_transfer
                0x200007e0        0xc HW5/CMakeFiles/HW5.dir/C_/Program_Files/Raspberry_Pi/Pico_SDK_v1.5.1/pico-sdk/lib/tinyusb/src/portable/raspberrypi/rp2040/rp2040_usb.c.obj
                0x200007e0                hw_endpoint_reset_transfer
 .time_critical._hw_endpoint_buffer_control_update32
                0x200007ec       0x58 HW5/CMakeFiles/HW5.dir/C_/Program_Files/Raspberry_Pi/Pico_SDK_v1.5.1/pico-sdk/lib/tinyusb/src/portable/raspberrypi/rp2040/rp2040_usb.c.obj
                0x200007ec                _hw_endpoint_buffer_control_update32
 .time_critical.hw_endpoint_start_next_buffer
                0x20000844       0x88 HW5/CMakeFiles/HW5.dir/C_/Program_Files/Raspberry_Pi/Pico_SDK_v1.5.1/pico-sdk/lib/tinyusb/src/portable/raspberrypi/rp2040/rp2040_usb.c.obj
                0x20000844                hw_endpoint_start_next_buffer
 .time_critical.hw_endpoint_xfer_continue
                0x200008cc       0x50 HW5/CMakeFiles/HW5.dir/C_/Program_Files/Raspberry_Pi/Pico_SDK_v1.5.1/pico-sdk/lib/tinyusb/src/portable/raspberrypi/rp2040/rp2040_usb.c.obj
                0x200008cc                hw_endpoint_xfer_continue
 .time_critical.tinyusb
                0x2000091c      0x200 HW5/CMakeFiles/HW5.dir/C_/Program_Files/Raspberry_Pi/Pico_SDK_v1.5.1/pico-sdk/lib/tinyusb/src/device/usbd.c.obj
                0x2000091c                dcd_event_handler
 *(.text*)
 .text          0x20000b1c        0x4 c:/progra~1/raspbe~1/picosd~1.1/gcc-ar~1/bin/../lib/gcc/arm-none-eabi/10.3.1/thumb/v6-m/nofp\libgcc.a(_dvmd_tls.o)
                0x20000b1c                __aeabi_idiv0
                0x20000b1c                __aeabi_ldiv0
 .text.__stub   0x20000b20       0x90 linker stubs
                0x20000bb0                . = ALIGN (0x4)
 *(.rodata*)
                0x20000bb0                . = ALIGN (0x4)
 *(.data*)
 .data.striped_spin_lock_num