Archive member included to satisfy reference by file (symbol)

c:/progra~1/raspbe~1/picosd~1.1/gcc-ar~1/bin/../lib/gcc/arm-none-eabi/10.3.1/thumb/v6-m/nofp\libgcc.a(_dvmd_tls.o)
                              HW6/CMakeFiles/HW6.dir/C_/Program_Files/Raspberry_Pi/Pico_SDK_v1.5.1/pico-sdk/src/rp2_common/pico_divider/divider.S.obj (__aeabi_idiv0)
c:/progra~1/raspbe~1/picosd~1.1/gcc-ar~1/bin/../lib/gcc/arm-none-eabi/10.3.1/../../../../arm-none-eabi/lib/thumb/v6-m/nofp\libg.a(lib_a-calloc.o)
                              HW6/CMakeFiles/HW6.dir/C_/Program_Files/Raspberry_Pi/Pico_SDK_v1.5.1/pico-sdk/src/rp2_common/pico_malloc/pico_malloc.c.obj (calloc)
c:/progra~1/raspbe~1/picosd~1.1/gcc-ar~1/bin/../lib/gcc/arm-none-eabi/10.3.1/../../../../arm-none-eabi/lib/thumb/v6-m/nofp\libg.a(lib_a-callocr.o)
                              c:/progra~1/raspbe~1/picosd~1.1/gcc-ar~1/bin/../lib/gcc/arm-none-eabi/10.3.1/../../../../arm-none-eabi/lib/thumb/v6-m/nofp\libg.a(lib_a-calloc.o) (_calloc_r)
c:/progra~1/raspbe~1/picosd~1.1/gcc-ar~1/bin/../lib/gcc/arm-none-eabi/10.3.1/../../../../arm-none-eabi/lib/thumb/v6-m/nofp\libg.a(lib_a-errno.o)
                              c:/progra~1/raspbe~1/picosd~1.1/gcc-ar~1/bin/../lib/gcc/arm-none-eabi/10.3.1/../../../../arm-none-eabi/lib/thumb/v6-m/nofp\libg.a(lib_a-callocr.o) (__errno)
c:/progra~1/raspbe~1/picosd~1.1/gcc-ar~1/bin/../lib/gcc/arm-none-eabi/10.3.1/../../../../arm-none-eabi/lib/thumb/v6-m/nofp\libg.a(lib_a-impure.o)
                              c:/progra~1/raspbe~1/picosd~1.1/gcc-ar~1/bin/../lib/gcc/arm-none-eabi/10.3.1/../../../../arm-none-eabi/lib/thumb/v6-m/nofp\libg.a(lib_a-calloc.o) (_impure_ptr)
c:/progra~1/raspbe~1/picosd~1.1/gcc-ar~1/bin/../lib/gcc/arm-none-eabi/10.3.1/../../../../arm-none-eabi/lib/thumb/v6-m/nofp\libg.a(lib_a-init.o)
                              c:/progra~1/raspbe~1/picosd~1.1/gcc-ar~1/bin/../lib/gcc/arm-none-eabi/10.3.1/../../../../arm-none-eabi/lib/thumb/v6-m/nofp/crt0.o (__libc_init_array)
c:/progra~1/raspbe~1/picosd~1.1/gcc-ar~1/bin/../lib/gcc/arm-none-eabi/10.3.1/../../../../arm-none-eabi/lib/thumb/v6-m/nofp\libg.a(lib_a-malloc.o)
                              HW6/CMakeFiles/HW6.dir/C_/Program_Files/Raspberry_Pi/Pico_SDK_v1.5.1/pico-sdk/src/rp2_common/pico_malloc/pico_malloc.c.obj (malloc)
c:/progra~1/raspbe~1/picosd~1.1/gcc-ar~1/bin/../lib/gcc/arm-none-eabi/10.3.1/../../../../arm-none-eabi/lib/thumb/v6-m/nofp\libg.a(lib_a-mallocr.o)
                              c:/progra~1/raspbe~1/picosd~1.1/gcc-ar~1/bin/../lib/gcc/arm-none-eabi/10.3.1/../../../../arm-none-eabi/lib/thumb/v6-m/nofp\libg.a(lib_a-callocr.o) (_malloc_r)
c:/progra~1/raspbe~1/picosd~1.1/gcc-ar~1/bin/../lib/gcc/arm-none-eabi/10.3.1/../../../../arm-none-eabi/lib/thumb/v6-m/nofp\libg.a(lib_a-mlock.o)
                              c:/progra~1/raspbe~1/picosd~1.1/gcc-ar~1/bin/../lib/gcc/arm-none-eabi/10.3.1/../../../../arm-none-eabi/lib/thumb/v6-m/nofp\libg.a(lib_a-mallocr.o) (__malloc_lock)
c:/progra~1/raspbe~1/picosd~1.1/gcc-ar~1/bin/../lib/gcc/arm-none-eabi/10.3.1/../../../../arm-none-eabi/lib/thumb/v6-m/nofp\libg.a(lib_a-realloc.o)
                              HW6/CMakeFiles/HW6.dir/C_/Program_Files/Raspberry_Pi/Pico_SDK_v1.5.1/pico-sdk/src/rp2_common/pico_malloc/pico_malloc.c.obj (realloc)
c:/progra~1/raspbe~1/picosd~1.1/gcc-ar~1/bin/../lib/gcc/arm-none-eabi/10.3.1/../../../../arm-none-eabi/lib/thumb/v6-m/nofp\libg.a(lib_a-reallocr.o)
                              c:/progra~1/raspbe~1/picosd~1.1/gcc-ar~1/bin/../lib/gcc/arm-none-eabi/10.3.1/../../../../arm-none-eabi/lib/thumb/v6-m/nofp\libg.a(lib_a-realloc.o) (_realloc_r)
c:/progra~1/raspbe~1/picosd~1.1/gcc-ar~1/bin/../lib/gcc/arm-none-eabi/10.3.1/../../../../arm-none-eabi/lib/thumb/v6-m/nofp\libg.a(lib_a-sbrkr.o)
                              c:/progra~1/raspbe~1/picosd~1.1/gcc-ar~1/bin/../lib/gcc/arm-none-eabi/10.3.1/../../../../arm-none-eabi/lib/thumb/v6-m/nofp\libg.a(lib_a-mallocr.o) (_sbrk_r)
c:/progra~1/raspbe~1/picosd~1.1/gcc-ar~1/bin/../lib/gcc/arm-none-eabi/10.3.1/../../../../arm-none-eabi/lib/thumb/v6-m/nofp\libg.a(lib_a-strlen-stub.o)
                              HW6/CMakeFiles/HW6.dir/C_/Program_Files/Raspberry_Pi/Pico_SDK_v1.5.1/pico-sdk/src/rp2_common/pico_stdio/stdio.c.obj (strlen)
c:/progra~1/raspbe~1/picosd~1.1/gcc-ar~1/bin/../lib/gcc/arm-none-eabi/10.3.1/../../../../arm-none-eabi/lib/thumb/v6-m/nofp\libg.a(lib_a-freer.o)
                              c:/progra~1/raspbe~1/picosd~1.1/gcc-ar~1/bin/../lib/gcc/arm-none-eabi/10.3.1/../../../../arm-none-eabi/lib/thumb/v6-m/nofp\libg.a(lib_a-malloc.o) (_free_r)
c:/progra~1/raspbe~1/picosd~1.1/gcc-ar~1/bin/../lib/gcc/arm-none-eabi/10.3.1/../../../../arm-none-eabi/lib/thumb/v6-m/nofp\libg.a(lib_a-lock.o)
                              c:/progra~1/raspbe~1/picosd~1.1/gcc-ar~1/bin/../lib/gcc/arm-none-eabi/10.3.1/../../../../arm-none-eabi/lib/thumb/v6-m/nofp\libg.a(lib_a-mlock.o) (__retarget_lock_acquire_recursive)
[...]
Memory Configuration

Name             Origin             Length             Attributes
FLASH            0x10000000         0x00200000         xr
RAM              0x20000000         0x00040000         xrw
SCRATCH_X        0x20040000         0x00001000         xrw
SCRATCH_Y        0x20041000         0x00001000         xrw
*default*        0x00000000         0xffffffff

Linker script and memory map

LOAD c:/progra~1/raspbe~1/picosd~1.1/gcc-ar~1/bin/../lib/gcc/arm-none-eabi/10.3.1/thumb/v6-m/nofp/crti.o
LOAD c:/progra~1/raspbe~1/picosd~1.1/gcc-ar~1/bin/../lib/gcc/arm-none-eabi/10.3.1/thumb/v6-m/nofp/crtbegin.o
LOAD c:/progra~1/raspbe~1/picosd~1.1/gcc-ar~1/bin/../lib/gcc/arm-none-eabi/10.3.1/../../../../arm-none-eabi/lib/thumb/v6-m/nofp/crt0.o

.flash_begin    0x10000000        0x0
                0x10000000                __flash_binary_start = .

.boot2          0x10000000      0x100
                0x10000000                __boot2_start__ = .
 *(.boot2)
 .boot2         0x10000000      0x100 C:\Users\alext\AppData\Local\Temp\ccy7JHMZ.o
                0x10000100                __boot2_end__ = .
                0x00000001                ASSERT (((__boot2_end__ - __boot2_start__) == 0x100), ERROR: Pico second stage bootloader must be 256 bytes in size)

.text           0x10000100     0x74b8
                0x10000100                __logical_binary_start = .
 *(.vectors)
 .vectors       0x10000100       0xd4 HW6/CMakeFiles/HW6.dir/C_/Program_Files/Raspberry_Pi/Pico_SDK_v1.5.1/pico-sdk/src/rp2_common/pico_standard_link/crt0.S.obj
                0x10000100                __VECTOR_TABLE
                0x10000100                __vectors
                0x100001c0                isr_invalid
                0x100001c0                __default_isrs_start
                0x100001c2                isr_nmi
                0x100001c4                isr_hardfault
                0x100001c6                isr_svcall
                0x100001c8                isr_pendsv
                0x100001ca                isr_systick
                0x100001cc                isr_irq23
                0x100001cc                isr_irq18
                0x100001cc                isr_irq11
                0x100001cc                isr_irq28
                0x100001cc                isr_irq19
                0x100001cc                isr_irq0
                0x100001cc                isr_irq6
                0x100001cc                isr_irq5
                0x100001cc                isr_irq12
                0x100001cc                isr_irq22
                0x100001cc                isr_irq31
                0x100001cc                isr_irq17
                0x100001cc                isr_irq27
                0x100001cc                isr_irq30
                0x100001cc                isr_irq2
                0x100001cc                isr_irq10
                0x100001cc                isr_irq8
                0x100001cc                isr_irq24
                0x100001cc                isr_irq1
                0x100001cc                isr_irq7
                0x100001cc                isr_irq21
                0x100001cc                isr_irq20
                0x100001cc                isr_irq15
                0x100001cc                isr_irq25
                0x100001cc                isr_irq13
                0x100001cc                __unhandled_user_irq
                0x100001cc                isr_irq4
                0x100001cc                isr_irq16
                0x100001cc                isr_irq29
                0x100001cc                isr_irq26
                0x100001cc                __default_isrs_end
                0x100001cc                isr_irq3
                0x100001cc                isr_irq14
                0x100001cc                isr_irq9
                0x100001d2                unhandled_user_irq_num_in_r0
 *(.binary_info_header)
 .binary_info_header
                0x100001d4       0x14 HW6/CMakeFiles/HW6.dir/C_/Program_Files/Raspberry_Pi/Pico_SDK_v1.5.1/pico-sdk/src/rp2_common/pico_standard_link/crt0.S.obj
                0x100001e8                __binary_info_header_end = .
 *(.reset)
 .reset         0x100001e8       0xa0 HW6/CMakeFiles/HW6.dir/C_/Program_Files/Raspberry_Pi/Pico_SDK_v1.5.1/pico-sdk/src/rp2_common/pico_standard_link/crt0.S.obj
                0x100001e8                _entry_point
 .reset         0x10000288       0x30 HW6/CMakeFiles/HW6.dir/C_/Program_Files/Raspberry_Pi/Pico_SDK_v1.5.1/pico-sdk/src/rp2_common/pico_standard_link/binary_info.c.obj
 *(.init)
 .init          0x100002b8        0x4 c:/progra~1/raspbe~1/picosd~1.1/gcc-ar~1/bin/../lib/gcc/arm-none-eabi/10.3.1/thumb/v6-m/nofp/crti.o
                0x100002b8                _init
 *(EXCLUDE_FILE(*libm.a: *libc.a:*lib_a-mem*.o *libgcc.a:) .text*)
 .text          0x100002bc       0x48 c:/progra~1/raspbe~1/picosd~1.1/gcc-ar~1/bin/../lib/gcc/arm-none-eabi/10.3.1/thumb/v6-m/nofp/crtbegin.o
 .text.drawVoltageAndFPS
                0x10000304      0x12c HW6/CMakeFiles/HW6.dir/ssd1306_i2c.c.obj
                0x10000304                drawVoltageAndFPS
 .text.main     0x10000430       0x98 HW6/CMakeFiles/HW6.dir/ssd1306_i2c.c.obj
                0x10000430                main
 .text.ssd1306_command
                0x100004c8       0x28 HW6/CMakeFiles/HW6.dir/ssd1306fuctions.c.obj
                0x100004c8                ssd1306_command
 .text.ssd1306_update
                0x100004f0       0x50 HW6/CMakeFiles/HW6.dir/ssd1306fuctions.c.obj
                0x100004f0                ssd1306_update
 .text.ssd1306_drawPixel
                0x10000540       0x44 HW6/CMakeFiles/HW6.dir/ssd1306fuctions.c.obj
                0x10000540                ssd1306_drawPixel
 .text.ssd1306_clear
                0x10000584       0x1c HW6/CMakeFiles/HW6.dir/ssd1306fuctions.c.obj
                0x10000584                ssd1306_clear
 .text.ssd1306_setup
                0x100005a0       0xa8 HW6/CMakeFiles/HW6.dir/ssd1306fuctions.c.obj
                0x100005a0                ssd1306_setup
 .text.drawChar
                0x10000648       0x7c HW6/CMakeFiles/HW6.dir/ssd1306fuctions.c.obj
                0x10000648                drawChar
 .text.drawString
                0x100006c4       0x2e HW6/CMakeFiles/HW6.dir/ssd1306fuctions.c.obj
                0x100006c4                drawString
 *fill*         0x100006f2        0x2 
 .text.gpio_set_function
                0x100006f4       0x30 HW6/CMakeFiles/HW6.dir/C_/Program_Files/Raspberry_Pi/Pico_SDK_v1.5.1/pico-sdk/src/rp2_common/hardware_gpio/gpio.c.obj
                0x100006f4                gpio_set_function
 .text.gpio_set_pulls
                0x10000724       0x34 HW6/CMakeFiles/HW6.dir/C_/Program_Files/Raspberry_Pi/Pico_SDK_v1.5.1/pico-sdk/src/rp2_common/hardware_gpio/gpio.c.obj
                0x10000724                gpio_set_pulls
 .text.gpio_set_input_enabled
                0x10000758       0x30 HW6/CMakeFiles/HW6.dir/C_/Program_Files/Raspberry_Pi/Pico_SDK_v1.5.1/pico-sdk/src/rp2_common/hardware_gpio/gpio.c.obj
                0x10000758                gpio_set_input_enabled
 .text.gpio_init
                0x10000788       0x16 HW6/CMakeFiles/HW6.dir/C_/Program_Files/Raspberry_Pi/Pico_SDK_v1.5.1/pico-sdk/src/rp2_common/hardware_gpio/gpio.c.obj
                0x10000788                gpio_init
 *fill*         0x1000079e        0x2 
 .text.running_on_fpga
                0x100007a0       0x14 HW6/CMakeFiles/HW6.dir/C_/Program_Files/Raspberry_Pi/Pico_SDK_v1.5.1/pico-sdk/src/rp2_common/pico_platform/platform.c.obj
                0x100007a0                running_on_fpga
 .text.hw_claim_lock
                0x100007b4       0x18 HW6/CMakeFiles/HW6.dir/C_/Program_Files/Raspberry_Pi/Pico_SDK_v1.5.1/pico-sdk/src/rp2_common/hardware_claim/claim.c.obj
                0x100007b4                hw_claim_lock
 .text.hw_claim_unlock
                0x100007cc       0x14 HW6/CMakeFiles/HW6.dir/C_/Program_Files/Raspberry_Pi/Pico_SDK_v1.5.1/pico-sdk/src/rp2_common/hardware_claim/claim.c.obj
                0x100007cc                hw_claim_unlock
 .text.hw_claim_or_assert
                0x100007e0       0x32 HW6/CMakeFiles/HW6.dir/C_/Program_Files/Raspberry_Pi/Pico_SDK_v1.5.1/pico-sdk/src/rp2_common/hardware_claim/claim.c.obj
                0x100007e0                hw_claim_or_assert
 .text.hw_claim_unused_from_range
                0x10000812       0x50 HW6/CMakeFiles/HW6.dir/C_/Program_Files/Raspberry_Pi/Pico_SDK_v1.5.1/pico-sdk/src/rp2_common/hardware_claim/claim.c.obj
                0x10000812                hw_claim_unused_from_range
 *fill*         0x10000862        0x2 
 .text.spin_locks_reset
                0x10000864       0x20 HW6/CMakeFiles/HW6.dir/C_/Program_Files/Raspberry_Pi/Pico_SDK_v1.5.1/pico-sdk/src/rp2_common/hardware_sync/sync.c.obj
                0x10000864                spin_locks_reset
 .text.next_striped_spin_lock_num
                0x10000884       0x1c HW6/CMakeFiles/HW6.dir/C_/Program_Files/Raspberry_Pi/Pico_SDK_v1.5.1/pico-sdk/src/rp2_common/hardware_sync/sync.c.obj
                0x10000884                next_striped_spin_lock_num
 .text.spin_lock_claim_unused
                0x100008a0       0x20 HW6/CMakeFiles/HW6.dir/C_/Program_Files/Raspberry_Pi/Pico_SDK_v1.5.1/pico-sdk/src/rp2_common/hardware_sync/sync.c.obj
                0x100008a0                spin_lock_claim_unused
 .text.set_raw_irq_handler_and_unlock
                0x100008c0       0x28 HW6/CMakeFiles/HW6.dir/C_/Program_Files/Raspberry_Pi/Pico_SDK_v1.5.1/pico-sdk/src/rp2_common/hardware_irq/irq.c.obj
 .text.make_branch
                0x100008e8       0x48 HW6/CMakeFiles/HW6.dir/C_/Program_Files/Raspberry_Pi/Pico_SDK_v1.5.1/pico-sdk/src/rp2_common/hardware_irq/irq.c.obj
 .text.insert_branch_and_link
                0x10000930       0x40 HW6/CMakeFiles/HW6.dir/C_/Program_Files/Raspberry_Pi/Pico_SDK_v1.5.1/pico-sdk/src/rp2_common/hardware_irq/irq.c.obj
 .text.irq_is_enabled
                0x10000970       0x18 HW6/CMakeFiles/HW6.dir/C_/Program_Files/Raspberry_Pi/Pico_SDK_v1.5.1/pico-sdk/src/rp2_common/hardware_irq/irq.c.obj
                0x10000970                irq_is_enabled
 .text.irq_set_mask_enabled
                0x10000988       0x20 HW6/CMakeFiles/HW6.dir/C_/Program_Files/Raspberry_Pi/Pico_SDK_v1.5.1/pico-sdk/src/rp2_common/hardware_irq/irq.c.obj
                0x10000988                irq_set_mask_enabled
 .text.irq_set_enabled
                0x100009a8        0xe HW6/CMakeFiles/HW6.dir/C_/Program_Files/Raspberry_Pi/Pico_SDK_v1.5.1/pico-sdk/src/rp2_common/hardware_irq/irq.c.obj
                0x100009a8                irq_set_enabled
 *fill*         0x100009b6        0x2 
 .text.irq_set_pending
                0x100009b8       0x10 HW6/CMakeFiles/HW6.dir/C_/Program_Files/Raspberry_Pi/Pico_SDK_v1.5.1/pico-sdk/src/rp2_common/hardware_irq/irq.c.obj
                0x100009b8                irq_set_pending
 .text.irq_get_vtable_handler
                0x100009c8       0x10 HW6/CMakeFiles/HW6.dir/C_/Program_Files/Raspberry_Pi/Pico_SDK_v1.5.1/pico-sdk/src/rp2_common/hardware_irq/irq.c.obj
                0x100009c8                irq_get_vtable_handler
 .text.irq_has_shared_handler
                0x100009d8       0x24 HW6/CMakeFiles/HW6.dir/C_/Program_Files/Raspberry_Pi/Pico_SDK_v1.5.1/pico-sdk/src/rp2_common/hardware_irq/irq.c.obj
                0x100009d8                irq_has_shared_handler
 .text.irq_set_exclusive_handler
                0x100009fc       0x54 HW6/CMakeFiles/HW6.dir/C_/Program_Files/Raspberry_Pi/Pico_SDK_v1.5.1/pico-sdk/src/rp2_common/hardware_irq/irq.c.obj
                0x100009fc                irq_set_exclusive_handler
 .text.irq_add_shared_handler
                0x10000a50      0x234 HW6/CMakeFiles/HW6.dir/C_/Program_Files/Raspberry_Pi/Pico_SDK_v1.5.1/pico-sdk/src/rp2_common/hardware_irq/irq.c.obj
                0x10000a50                irq_add_shared_handler
 .text.irq_remove_handler
                0x10000c84      0x1ac HW6/CMakeFiles/HW6.dir/C_/Program_Files/Raspberry_Pi/Pico_SDK_v1.5.1/pico-sdk/src/rp2_common/hardware_irq/irq.c.obj
                0x10000c84                irq_remove_handler
 .text.irq_add_tail_to_free_list
                0x10000e30       0xf0 HW6/CMakeFiles/HW6.dir/C_/Program_Files/Raspberry_Pi/Pico_SDK_v1.5.1/pico-sdk/src/rp2_common/hardware_irq/irq.c.obj
                0x10000e30                irq_add_tail_to_free_list
 .text.irq_init_priorities
                0x10000f20       0x1c HW6/CMakeFiles/HW6.dir/C_/Program_Files/Raspberry_Pi/Pico_SDK_v1.5.1/pico-sdk/src/rp2_common/hardware_irq/irq.c.obj
                0x10000f20                irq_init_priorities
 .text.user_irq_claim_unused
                0x10000f3c       0x28 HW6/CMakeFiles/HW6.dir/C_/Program_Files/Raspberry_Pi/Pico_SDK_v1.5.1/pico-sdk/src/rp2_common/hardware_irq/irq.c.obj
                0x10000f3c                user_irq_claim_unused
 .text.lock_init
                0x10000f64       0x10 HW6/CMakeFiles/HW6.dir/C_/Program_Files/Raspberry_Pi/Pico_SDK_v1.5.1/pico-sdk/src/common/pico_sync/lock_core.c.obj
                0x10000f64                lock_init
 .text.mutex_init
                0x10000f74       0x1a HW6/CMakeFiles/HW6.dir/C_/Program_Files/Raspberry_Pi/Pico_SDK_v1.5.1/pico-sdk/src/common/pico_sync/mutex.c.obj
                0x10000f74                mutex_init
 .text.recursive_mutex_init
                0x10000f8e       0x1e HW6/CMakeFiles/HW6.dir/C_/Program_Files/Raspberry_Pi/Pico_SDK_v1.5.1/pico-sdk/src/common/pico_sync/mutex.c.obj
                0x10000f8e                recursive_mutex_init
 .text.critical_section_init_with_lock_num
                0x10000fac       0x14 HW6/CMakeFiles/HW6.dir/C_/Program_Files/Raspberry_Pi/Pico_SDK_v1.5.1/pico-sdk/src/common/pico_sync/critical_section.c.obj
                0x10000fac                critical_section_init_with_lock_num
 .text.critical_section_init
                0x10000fc0       0x14 HW6/CMakeFiles/HW6.dir/C_/Program_Files/Raspberry_Pi/Pico_SDK_v1.5.1/pico-sdk/src/common/pico_sync/critical_section.c.obj
                0x10000fc0                critical_section_init
 .text.alarm_pool_post_alloc_init
                0x10000fd4       0x40 HW6/CMakeFiles/HW6.dir/C_/Program_Files/Raspberry_Pi/Pico_SDK_v1.5.1/pico-sdk/src/common/pico_time/time.c.obj
 .text.sleep_until_callback
                0x10001014       0x30 HW6/CMakeFiles/HW6.dir/C_/Program_Files/Raspberry_Pi/Pico_SDK_v1.5.1/pico-sdk/src/common/pico_time/time.c.obj
 .text.timer_pool_entry_comparator
                0x10001044       0x7c HW6/CMakeFiles/HW6.dir/C_/Program_Files/Raspberry_Pi/Pico_SDK_v1.5.1/pico-sdk/src/common/pico_time/time.c.obj
                0x10001044                timer_pool_entry_comparator
 .text.ph_add_child_node
                0x100010c0       0xa4 HW6/CMakeFiles/HW6.dir/C_/Program_Files/Raspberry_Pi/Pico_SDK_v1.5.1/pico-sdk/src/common/pico_time/time.c.obj
 .text.ph_merge_nodes
                0x10001164       0x3e HW6/CMakeFiles/HW6.dir/C_/Program_Files/Raspberry_Pi/Pico_SDK_v1.5.1/pico-sdk/src/common/pico_time/time.c.obj
 *fill*         0x100011a2        0x2 
 .text.add_alarm_under_lock
                0x100011a4      0x174 HW6/CMakeFiles/HW6.dir/C_/Program_Files/Raspberry_Pi/Pico_SDK_v1.5.1/pico-sdk/src/common/pico_time/time.c.obj
 .text.alarm_pool_alarm_callback
                0x10001318      0x33c HW6/CMakeFiles/HW6.dir/C_/Program_Files/Raspberry_Pi/Pico_SDK_v1.5.1/pico-sdk/src/common/pico_time/time.c.obj
 .text.alarm_pool_init_default
                0x10001654       0x40 HW6/CMakeFiles/HW6.dir/C_/Program_Files/Raspberry_Pi/Pico_SDK_v1.5.1/pico-sdk/src/common/pico_time/time.c.obj
                0x10001654                alarm_pool_init_default
 .text.alarm_pool_get_default
                0x10001694       0x2c HW6/CMakeFiles/HW6.dir/C_/Program_Files/Raspberry_Pi/Pico_SDK_v1.5.1/pico-sdk/src/common/pico_time/time.c.obj
                0x10001694                alarm_pool_get_default
 .text.alarm_pool_add_alarm_at
                0x100016c0      0x168 HW6/CMakeFiles/HW6.dir/C_/Program_Files/Raspberry_Pi/Pico_SDK_v1.5.1/pico-sdk/src/common/pico_time/time.c.obj
                0x100016c0                alarm_pool_add_alarm_at
 .text.alarm_pool_cancel_alarm
                0x10001828       0xf8 HW6/CMakeFiles/HW6.dir/C_/Program_Files/Raspberry_Pi/Pico_SDK_v1.5.1/pico-sdk/src/common/pico_time/time.c.obj
                0x10001828                alarm_pool_cancel_alarm
 .text.alarm_pool_core_num
                0x10001920        0x4 HW6/CMakeFiles/HW6.dir/C_/Program_Files/Raspberry_Pi/Pico_SDK_v1.5.1/pico-sdk/src/common/pico_time/time.c.obj
                0x10001920                alarm_pool_core_num
 .text.sleep_until
                0x10001924       0xfc HW6/CMakeFiles/HW6.dir/C_/Program_Files/Raspberry_Pi/Pico_SDK_v1.5.1/pico-sdk/src/common/pico_time/time.c.obj
                0x10001924                sleep_until
 .text.sleep_us
                0x10001a20       0x58 HW6/CMakeFiles/HW6.dir/C_/Program_Files/Raspberry_Pi/Pico_SDK_v1.5.1/pico-sdk/src/common/pico_time/time.c.obj
                0x10001a20                sleep_us
 .text.sleep_ms
                0x10001a78       0x14 HW6/CMakeFiles/HW6.dir/C_/Program_Files/Raspberry_Pi/Pico_SDK_v1.5.1/pico-sdk/src/common/pico_time/time.c.obj
                0x10001a78                sleep_ms
 .text.best_effort_wfe_or_timeout
                0x10001a8c       0xac HW6/CMakeFiles/HW6.dir/C_/Program_Files/Raspberry_Pi/Pico_SDK_v1.5.1/pico-sdk/src/common/pico_time/time.c.obj
                0x10001a8c                best_effort_wfe_or_timeout
 .text.hardware_alarm_irq_handler
                0x10001b38       0x90 HW6/CMakeFiles/HW6.dir/C_/Program_Files/Raspberry_Pi/Pico_SDK_v1.5.1/pico-sdk/src/rp2_common/hardware_timer/timer.c.obj
 .text.hardware_alarm_claim
                0x10001bc8       0x18 HW6/CMakeFiles/HW6.dir/C_/Program_Files/Raspberry_Pi/Pico_SDK_v1.5.1/pico-sdk/src/rp2_common/hardware_timer/timer.c.obj
                0x10001bc8                hardware_alarm_claim
 .text.time_us_64
                0x10001be0       0x18 HW6/CMakeFiles/HW6.dir/C_/Program_Files/Raspberry_Pi/Pico_SDK_v1.5.1/pico-sdk/src/rp2_common/hardware_timer/timer.c.obj
                0x10001be0                time_us_64
 .text.busy_wait_until
                0x10001bf8       0x28 HW6/CMakeFiles/HW6.dir/C_/Program_Files/Raspberry_Pi/Pico_SDK_v1.5.1/pico-sdk/src/rp2_common/hardware_timer/timer.c.obj
                0x10001bf8                busy_wait_until
 .text.hardware_alarm_set_callback
                0x10001c20       0x90 HW6/CMakeFiles/HW6.dir/C_/Program_Files/Raspberry_Pi/Pico_SDK_v1.5.1/pico-sdk/src/rp2_common/hardware_timer/timer.c.obj
                0x10001c20                hardware_alarm_set_callback
 .text.hardware_alarm_set_target
                0x10001cb0       0xe8 HW6/CMakeFiles/HW6.dir/C_/Program_Files/Raspberry_Pi/Pico_SDK_v1.5.1/pico-sdk/src/rp2_common/hardware_timer/timer.c.obj
                0x10001cb0                hardware_alarm_set_target
 .text.hardware_alarm_cancel
                0x10001d98       0x40 HW6/CMakeFiles/HW6.dir/C_/Program_Files/Raspberry_Pi/Pico_SDK_v1.5.1/pico-sdk/src/rp2_common/hardware_timer/timer.c.obj
                0x10001d98                hardware_alarm_cancel
 .text.ph_add_child_node
                0x10001dd8       0xa4 HW6/CMakeFiles/HW6.dir/C_/Program_Files/Raspberry_Pi/Pico_SDK_v1.5.1/pico-sdk/src/common/pico_util/pheap.c.obj
 .text.ph_merge_nodes
                0x10001e7c       0x3e HW6/CMakeFiles/HW6.dir/C_/Program_Files/Raspberry_Pi/Pico_SDK_v1.5.1/pico-sdk/src/common/pico_util/pheap.c.obj
 *fill*         0x10001eba        0x2 
 .text.ph_clear
                0x10001ebc       0x70 HW6/CMakeFiles/HW6.dir/C_/Program_Files/Raspberry_Pi/Pico_SDK_v1.5.1/pico-sdk/src/common/pico_util/pheap.c.obj
                0x10001ebc                ph_clear
 .text.ph_post_alloc_init
                0x10001f2c        0xe HW6/CMakeFiles/HW6.dir/C_/Program_Files/Raspberry_Pi/Pico_SDK_v1.5.1/pico-sdk/src/common/pico_util/pheap.c.obj
                0x10001f2c                ph_post_alloc_init
 *fill*         0x10001f3a        0x2 
 .text.ph_merge_two_pass
                0x10001f3c       0xa8 HW6/CMakeFiles/HW6.dir/C_/Program_Files/Raspberry_Pi/Pico_SDK_v1.5.1/pico-sdk/src/common/pico_util/pheap.c.obj
                0x10001f3c                ph_merge_two_pass
 .text.ph_remove_any_head
                0x10001fe4      0x128 HW6/CMakeFiles/HW6.dir/C_/Program_Files/Raspberry_Pi/Pico_SDK_v1.5.1/pico-sdk/src/common/pico_util/pheap.c.obj
 .text.ph_remove_head
                0x1000210c       0x14 HW6/CMakeFiles/HW6.dir/C_/Program_Files/Raspberry_Pi/Pico_SDK_v1.5.1/pico-sdk/src/common/pico_util/pheap.c.obj
                0x1000210c                ph_remove_head
 .text.ph_remove_and_free_node
                0x10002120       0xf8 HW6/CMakeFiles/HW6.dir/C_/Program_Files/Raspberry_Pi/Pico_SDK_v1.5.1/pico-sdk/src/common/pico_util/pheap.c.obj
                0x10002120                ph_remove_and_free_node
 .text.clock_configure
                0x10002218      0x108 HW6/CMakeFiles/HW6.dir/C_/Program_Files/Raspberry_Pi/Pico_SDK_v1.5.1/pico-sdk/src/rp2_common/hardware_clocks/clocks.c.obj
                0x10002218                clock_configure
 .text.clocks_init
                0x10002320      0x100 HW6/CMakeFiles/HW6.dir/C_/Program_Files/Raspberry_Pi/Pico_SDK_v1.5.1/pico-sdk/src/rp2_common/hardware_clocks/clocks.c.obj
                0x10002320                clocks_init
 .text.clock_get_hz
                0x10002420        0xc HW6/CMakeFiles/HW6.dir/C_/Program_Files/Raspberry_Pi/Pico_SDK_v1.5.1/pico-sdk/src/rp2_common/hardware_clocks/clocks.c.obj
                0x10002420                clock_get_hz
 .text.pll_init
                0x1000242c      0x120 HW6/CMakeFiles/HW6.dir/C_/Program_Files/Raspberry_Pi/Pico_SDK_v1.5.1/pico-sdk/src/rp2_common/hardware_pll/pll.c.obj
                0x1000242c                pll_init
 .text.watchdog_start_tick
                0x1000254c       0x10 HW6/CMakeFiles/HW6.dir/C_/Program_Files/Raspberry_Pi/Pico_SDK_v1.5.1/pico-sdk/src/rp2_common/hardware_watchdog/watchdog.c.obj
                0x1000254c                watchdog_start_tick
 .text.watchdog_update
                0x1000255c       0x14 HW6/CMakeFiles/HW6.dir/C_/Program_Files/Raspberry_Pi/Pico_SDK_v1.5.1/pico-sdk/src/rp2_common/hardware_watchdog/watchdog.c.obj
                0x1000255c                watchdog_update
 .text._watchdog_enable
                0x10002570       0x78 HW6/CMakeFiles/HW6.dir/C_/Program_Files/Raspberry_Pi/Pico_SDK_v1.5.1/pico-sdk/src/rp2_common/hardware_watchdog/watchdog.c.obj
                0x10002570                _watchdog_enable
 .text.watchdog_reboot
                0x100025e8       0x48 HW6/CMakeFiles/HW6.dir/C_/Program_Files/Raspberry_Pi/Pico_SDK_v1.5.1/pico-sdk/src/rp2_common/hardware_watchdog/watchdog.c.obj
                0x100025e8                watchdog_reboot
 .text.xosc_init
                0x10002630       0x28 HW6/CMakeFiles/HW6.dir/C_/Program_Files/Raspberry_Pi/Pico_SDK_v1.5.1/pico-sdk/src/rp2_common/hardware_xosc/xosc.c.obj
                0x10002630                xosc_init
 .text._exit    0x10002658        0x4 HW6/CMakeFiles/HW6.dir/C_/Program_Files/Raspberry_Pi/Pico_SDK_v1.5.1/pico-sdk/src/rp2_common/pico_runtime/runtime.c.obj
                0x10002658                _exit
 .text.exit     0x1000265c        0x6 HW6/CMakeFiles/HW6.dir/C_/Program_Files/Raspberry_Pi/Pico_SDK_v1.5.1/pico-sdk/src/rp2_common/pico_runtime/runtime.c.obj
                0x1000265c                exit
 *fill*         0x10002662        0x2 
 .text.__assert_func
                0x10002664       0x3c HW6/CMakeFiles/HW6.dir/C_/Program_Files/Raspberry_Pi/Pico_SDK_v1.5.1/pico-sdk/src/rp2_common/pico_runtime/runtime.c.obj
                0x10002664                __assert_func
 .text.runtime_init
                0x100026a0       0xf8 HW6/CMakeFiles/HW6.dir/C_/Program_Files/Raspberry_Pi/Pico_SDK_v1.5.1/pico-sdk/src/rp2_common/pico_runtime/runtime.c.obj
                0x100026a0                runtime_init
 .text.panic    0x10002798       0x30 HW6/CMakeFiles/HW6.dir/C_/Program_Files/Raspberry_Pi/Pico_SDK_v1.5.1/pico-sdk/src/rp2_common/pico_runtime/runtime.c.obj
                0x10002798                panic
 .text._out_buffer
                0x100027c8        0x8 HW6/CMakeFiles/HW6.dir/C_/Program_Files/Raspberry_Pi/Pico_SDK_v1.5.1/pico-sdk/src/rp2_common/pico_printf/printf.c.obj
 .text._out_null
                0x100027d0        0x2 HW6/CMakeFiles/HW6.dir/C_/Program_Files/Raspberry_Pi/Pico_SDK_v1.5.1/pico-sdk/src/rp2_common/pico_printf/printf.c.obj
 .text._out_fct
                0x100027d2        0xe HW6/CMakeFiles/HW6.dir/C_/Program_Files/Raspberry_Pi/Pico_SDK_v1.5.1/pico-sdk/src/rp2_common/pico_printf/printf.c.obj
 .text._atoi    0x100027e0       0x24 HW6/CMakeFiles/HW6.dir/C_/Program_Files/Raspberry_Pi/Pico_SDK_v1.5.1/pico-sdk/src/rp2_common/pico_printf/printf.c.obj
 .text._out_rev
                0x10002804       0xae HW6/CMakeFiles/HW6.dir/C_/Program_Files/Raspberry_Pi/Pico_SDK_v1.5.1/pico-sdk/src/rp2_common/pico_printf/printf.c.obj
 .text._ntoa_format
                0x100028b2      0x112 HW6/CMakeFiles/HW6.dir/C_/Program_Files/Raspberry_Pi/Pico_SDK_v1.5.1/pico-sdk/src/rp2_common/pico_printf/printf.c.obj
 .text._ntoa_long
                0x100029c4       0xbc HW6/CMakeFiles/HW6.dir/C_/Program_Files/Raspberry_Pi/Pico_SDK_v1.5.1/pico-sdk/src/rp2_common/pico_printf/printf.c.obj
 .text._ntoa_long_long
                0x10002a80       0xe2 HW6/CMakeFiles/HW6.dir/C_/Program_Files/Raspberry_Pi/Pico_SDK_v1.5.1/pico-sdk/src/rp2_common/pico_printf/printf.c.obj
 *fill*         0x10002b62        0x2 
 .text._etoa    0x10002b64      0x414 HW6/CMakeFiles/HW6.dir/C_/Program_Files/Raspberry_Pi/Pico_SDK_v1.5.1/pico-sdk/src/rp2_common/pico_printf/printf.c.obj
 .text._ftoa    0x10002f78      0x354 HW6/CMakeFiles/HW6.dir/C_/Program_Files/Raspberry_Pi/Pico_SDK_v1.5.1/pico-sdk/src/rp2_common/pico_printf/printf.c.obj
 .text._vsnprintf
                0x100032cc      0x624 HW6/CMakeFiles/HW6.dir/C_/Program_Files/Raspberry_Pi/Pico_SDK_v1.5.1/pico-sdk/src/rp2_common/pico_printf/printf.c.obj
 .text.__wrap_sprintf
                0x100038f0       0x28 HW6/CMakeFiles/HW6.dir/C_/Program_Files/Raspberry_Pi/Pico_SDK_v1.5.1/pico-sdk/src/rp2_common/pico_printf/printf.c.obj
                0x100038f0                __wrap_sprintf
 .text.vfctprintf
                0x10003918       0x20 HW6/CMakeFiles/HW6.dir/C_/Program_Files/Raspberry_Pi/Pico_SDK_v1.5.1/pico-sdk/src/rp2_common/pico_printf/printf.c.obj
                0x10003918                vfctprintf
 .text          0x10003938       0x10 HW6/CMakeFiles/HW6.dir/C_/Program_Files/Raspberry_Pi/Pico_SDK_v1.5.1/pico-sdk/src/rp2_common/pico_bit_ops/bit_ops_aeabi.S.obj
 .text.rom_func_lookup
                0x10003948       0x10 HW6/CMakeFiles/HW6.dir/C_/Program_Files/Raspberry_Pi/Pico_SDK_v1.5.1/pico-sdk/src/rp2_common/pico_bootrom/bootrom.c.obj
                0x10003948                rom_func_lookup
 .text.rom_data_lookup
                0x10003958       0x10 HW6/CMakeFiles/HW6.dir/C_/Program_Files/Raspberry_Pi/Pico_SDK_v1.5.1/pico-sdk/src/rp2_common/pico_bootrom/bootrom.c.obj
                0x10003958                rom_data_lookup
 .text.rom_funcs_lookup
                0x10003968       0x36 HW6/CMakeFiles/HW6.dir/C_/Program_Files/Raspberry_Pi/Pico_SDK_v1.5.1/pico-sdk/src/rp2_common/pico_bootrom/bootrom.c.obj
                0x10003968                rom_funcs_lookup
 *fill*         0x1000399e        0x2 
 .text.__wrap___aeabi_idiv
                0x100039a0       0x50 HW6/CMakeFiles/HW6.dir/C_/Program_Files/Raspberry_Pi/Pico_SDK_v1.5.1/pico-sdk/src/rp2_common/pico_divider/divider.S.obj
                0x100039a0                __wrap___aeabi_idivmod
                0x100039a0                divmod_s32s32
                0x100039a0                div_s32s32
                0x100039a0                __wrap___aeabi_idiv
                0x100039a8                divmod_s32s32_unsafe
                0x100039d4                divmod_s32s32_savestate
 .text.__wrap___aeabi_uidiv
                0x100039f0       0x4c HW6/CMakeFiles/HW6.dir/C_/Program_Files/Raspberry_Pi/Pico_SDK_v1.5.1/pico-sdk/src/rp2_common/pico_divider/divider.S.obj
                0x100039f0                __wrap___aeabi_uidiv
                0x100039f0                __wrap___aeabi_uidivmod
                0x100039f0                div_u32u32
                0x100039f0                divmod_u32u32
                0x100039f8                divmod_u32u32_unsafe
                0x10003a20                divmod_u32u32_savestate
 .text.__wrap___aeabi_ldiv
                0x10003a3c      0x424 HW6/CMakeFiles/HW6.dir/C_/Program_Files/Raspberry_Pi/Pico_SDK_v1.5.1/pico-sdk/src/rp2_common/pico_divider/divider.S.obj
                0x10003a3c                div_s64s64
                0x10003a3c                divmod_s64s64
                0x10003a3c                __wrap___aeabi_ldivmod
                0x10003a6c                divmod_u64u64
                0x10003a6c                div_u64u64
                0x10003a6c                __wrap___aeabi_uldivmod
                0x10003a7c                divmod_u64u64_savestate
                0x10003a9c                divmod_s64s64_unsafe
                0x10003b24                divmod_u64u64_unsafe
 .text.__wrap___aeabi_darithmetic
                0x10003e60       0x80 HW6/CMakeFiles/HW6.dir/C_/Program_Files/Raspberry_Pi/Pico_SDK_v1.5.1/pico-sdk/src/rp2_common/pico_double/double_aeabi.S.obj
                0x10003e60                __wrap___aeabi_drsub
                0x10003e66                __wrap___aeabi_dsub
                0x10003e78                __wrap___aeabi_dadd
                0x10003e8a                __wrap___aeabi_ddiv
                0x10003ec6                __wrap___aeabi_dmul
 .text.__wrap___aeabi_cdcmple
                0x10003ee0       0x6c HW6/CMakeFiles/HW6.dir/C_/Program_Files/Raspberry_Pi/Pico_SDK_v1.5.1/pico-sdk/src/rp2_common/pico_double/double_aeabi.S.obj
                0x10003ee0                __wrap___aeabi_cdrcmple
                0x10003ef0                __wrap___aeabi_cdcmpeq
                0x10003ef0                __wrap___aeabi_cdcmple
 .text.__wrap___aeabi_dcmplt
                0x10003f4c        0xc HW6/CMakeFiles/HW6.dir/C_/Program_Files/Raspberry_Pi/Pico_SDK_v1.5.1/pico-sdk/src/rp2_common/pico_double/double_aeabi.S.obj
                0x10003f4c                __wrap___aeabi_dcmplt
 .text.__wrap___aeabi_dcmple
                0x10003f58       0x10 HW6/CMakeFiles/HW6.dir/C_/Program_Files/Raspberry_Pi/Pico_SDK_v1.5.1/pico-sdk/src/rp2_common/pico_double/double_aeabi.S.obj
                0x10003f58                __wrap___aeabi_dcmple
 .text.__wrap___aeabi_dcmpge
                0x10003f68       0x10 HW6/CMakeFiles/HW6.dir/C_/Program_Files/Raspberry_Pi/Pico_SDK_v1.5.1/pico-sdk/src/rp2_common/pico_double/double_aeabi.S.obj
                0x10003f68                __wrap___aeabi_dcmpge
 .text.__wrap___aeabi_dcmpgt
                0x10003f78        0xa HW6/CMakeFiles/HW6.dir/C_/Program_Files/Raspberry_Pi/Pico_SDK_v1.5.1/pico-sdk/src/rp2_common/pico_double/double_aeabi.S.obj
                0x10003f78                __wrap___aeabi_dcmpgt
 .text.__wrap___aeabi_dcmpun
                0x10003f82       0x1c HW6/CMakeFiles/HW6.dir/C_/Program_Files/Raspberry_Pi/Pico_SDK_v1.5.1/pico-sdk/src/rp2_common/pico_double/double_aeabi.S.obj
                0x10003f82                __wrap___aeabi_dcmpun
 *fill*         0x10003f9e        0x2 
 .text.__wrap___aeabi_i2d
                0x10003fa0       0x38 HW6/CMakeFiles/HW6.dir/C_/Program_Files/Raspberry_Pi/Pico_SDK_v1.5.1/pico-sdk/src/rp2_common/pico_double/double_aeabi.S.obj
                0x10003fa0                __wrap___aeabi_ui2d
                0x10003fa8                __wrap___aeabi_i2d
 .text.__wrap___aeabi_d2iz
                0x10003fd8       0x48 HW6/CMakeFiles/HW6.dir/C_/Program_Files/Raspberry_Pi/Pico_SDK_v1.5.1/pico-sdk/src/rp2_common/pico_double/double_aeabi.S.obj
                0x10003fd8                double2int_z
                0x10003fd8                __wrap___aeabi_d2iz
 .text.__wrap___aeabi_d2uiz
                0x10004020       0x18 HW6/CMakeFiles/HW6.dir/C_/Program_Files/Raspberry_Pi/Pico_SDK_v1.5.1/pico-sdk/src/rp2_common/pico_double/double_aeabi.S.obj
                0x10004020                __wrap___aeabi_d2uiz
                0x10004020                double2uint
 .text.__aeabi_double_init
                0x10004038       0xc8 HW6/CMakeFiles/HW6.dir/C_/Program_Files/Raspberry_Pi/Pico_SDK_v1.5.1/pico-sdk/src/rp2_common/pico_double/double_init_rom.c.obj
                0x10004038                __aeabi_double_init
 .text.double_table_shim_on_use_helper
                0x10004100       0x34 HW6/CMakeFiles/HW6.dir/C_/Program_Files/Raspberry_Pi/Pico_SDK_v1.5.1/pico-sdk/src/rp2_common/pico_double/double_v1_rom_shim.S.obj
                0x10004100                double_table_shim_on_use_helper
 .text.__wrap___aeabi_dsub
                0x10004134       0x10 HW6/CMakeFiles/HW6.dir/C_/Program_Files/Raspberry_Pi/Pico_SDK_v1.5.1/pico-sdk/src/rp2_common/pico_double/double_v1_rom_shim.S.obj
                0x10004134                drsub_shim
                0x1000413a                dsub_shim
 .text.dadd_shim
                0x10004144      0x15c HW6/CMakeFiles/HW6.dir/C_/Program_Files/Raspberry_Pi/Pico_SDK_v1.5.1/pico-sdk/src/rp2_common/pico_double/double_v1_rom_shim.S.obj
                0x10004144                dadd_shim
 .text.dmul_shim
                0x100042a0      0x15c HW6/CMakeFiles/HW6.dir/C_/Program_Files/Raspberry_Pi/Pico_SDK_v1.5.1/pico-sdk/src/rp2_common/pico_double/double_v1_rom_shim.S.obj
                0x100042a0                dmul_shim
 .text.ddiv_shim
                0x100043fc      0x1b0 HW6/CMakeFiles/HW6.dir/C_/Program_Files/Raspberry_Pi/Pico_SDK_v1.5.1/pico-sdk/src/rp2_common/pico_double/double_v1_rom_shim.S.obj
                0x100043fc                ddiv_shim
 .text.double2uint_shim
                0x100045ac        0xe HW6/CMakeFiles/HW6.dir/C_/Program_Files/Raspberry_Pi/Pico_SDK_v1.5.1/pico-sdk/src/rp2_common/pico_double/double_v1_rom_shim.S.obj
                0x100045ac                double2uint_shim
                0x100045ae                double2ufix_shim
 *fill*         0x100045ba        0x2 
 .text.double2uint64_shim
                0x100045bc       0x70 HW6/CMakeFiles/HW6.dir/C_/Program_Files/Raspberry_Pi/Pico_SDK_v1.5.1/pico-sdk/src/rp2_common/pico_double/double_v1_rom_shim.S.obj
                0x100045bc                double2uint64_shim
                0x100045be                double2ufix64_shim
                0x100045de                d2fix_a
 .text.dunpacks
                0x1000462c       0x3c HW6/CMakeFiles/HW6.dir/C_/Program_Files/Raspberry_Pi/Pico_SDK_v1.5.1/pico-sdk/src/rp2_common/pico_double/double_v1_rom_shim.S.obj
                0x1000462c                dunpacks
 .text.__aeabi_lmul
                0x10004668       0x32 HW6/CMakeFiles/HW6.dir/C_/Program_Files/Raspberry_Pi/Pico_SDK_v1.5.1/pico-sdk/src/rp2_common/pico_int64_ops/pico_int64_ops_aeabi.S.obj
                0x10004668                __wrap___aeabi_lmul
 *fill*         0x1000469a        0x2 
 .text.__wrap___aeabi_farithmetic
                0x1000469c       0x58 HW6/CMakeFiles/HW6.dir/C_/Program_Files/Raspberry_Pi/Pico_SDK_v1.5.1/pico-sdk/src/rp2_common/pico_float/float_aeabi.S.obj
                0x1000469c                __wrap___aeabi_frsub
                0x100046a2                __wrap___aeabi_fsub
                0x100046ac                __wrap___aeabi_fadd
                0x100046b6                __wrap___aeabi_fdiv
                0x100046e2                __wrap___aeabi_fmul
 .text.__wrap___aeabi_ui2f
                0x100046f4        0xa HW6/CMakeFiles/HW6.dir/C_/Program_Files/Raspberry_Pi/Pico_SDK_v1.5.1/pico-sdk/src/rp2_common/pico_float/float_aeabi.S.obj
                0x100046f4                __wrap___aeabi_ui2f
 *fill*         0x100046fe        0x2 
 .text.__wrap___aeabi_i2f
                0x10004700       0x44 HW6/CMakeFiles/HW6.dir/C_/Program_Files/Raspberry_Pi/Pico_SDK_v1.5.1/pico-sdk/src/rp2_common/pico_float/float_aeabi.S.obj
                0x10004700                __wrap___aeabi_i2f
 .text.__wrap___aeabi_f2d
                0x10004744       0x14 HW6/CMakeFiles/HW6.dir/C_/Program_Files/Raspberry_Pi/Pico_SDK_v1.5.1/pico-sdk/src/rp2_common/pico_float/float_aeabi.S.obj
                0x10004744                __wrap___aeabi_f2d
 .text.__aeabi_float_init
                0x10004758       0xfc HW6/CMakeFiles/HW6.dir/C_/Program_Files/Raspberry_Pi/Pico_SDK_v1.5.1/pico-sdk/src/rp2_common/pico_float/float_init_rom.c.obj
                0x10004758                __aeabi_float_init
 .text.float_table_shim_on_use_helper
                0x10004854       0x34 HW6/CMakeFiles/HW6.dir/C_/Program_Files/Raspberry_Pi/Pico_SDK_v1.5.1/pico-sdk/src/rp2_common/pico_float/float_v1_rom_shim.S.obj
                0x10004854                float_table_shim_on_use_helper
 .text.float2double_shim
                0x10004888       0x30 HW6/CMakeFiles/HW6.dir/C_/Program_Files/Raspberry_Pi/Pico_SDK_v1.5.1/pico-sdk/src/rp2_common/pico_float/float_v1_rom_shim.S.obj
                0x10004888                float2double_shim
 .text          0x100048b8       0x10 HW6/CMakeFiles/HW6.dir/C_/Program_Files/Raspberry_Pi/Pico_SDK_v1.5.1/pico-sdk/src/rp2_common/pico_mem_ops/mem_ops_aeabi.S.obj
                0x100048b8                __aeabi_mem_init
 .text.memset   0x100048c8        0xc HW6/CMakeFiles/HW6.dir/C_/Program_Files/Raspberry_Pi/Pico_SDK_v1.5.1/pico-sdk/src/rp2_common/pico_mem_ops/mem_ops_aeabi.S.obj
                0x100048c8                __wrap_memset
 .text.memcpy   0x100048d4        0xc HW6/CMakeFiles/HW6.dir/C_/Program_Files/Raspberry_Pi/Pico_SDK_v1.5.1/pico-sdk/src/rp2_common/pico_mem_ops/mem_ops_aeabi.S.obj
                0x100048d4                __wrap_memcpy
                0x100048d4                __wrap___aeabi_memcpy
 .text.stdio_out_chars_no_crlf
                0x100048e0        0xe HW6/CMakeFiles/HW6.dir/C_/Program_Files/Raspberry_Pi/Pico_SDK_v1.5.1/pico-sdk/src/rp2_common/pico_stdio/stdio.c.obj
 *fill*         0x100048ee        0x2 
 .text.stdio_out_chars_crlf
                0x100048f0       0x80 HW6/CMakeFiles/HW6.dir/C_/Program_Files/Raspberry_Pi/Pico_SDK_v1.5.1/pico-sdk/src/rp2_common/pico_stdio/stdio.c.obj
 .text.stdio_stack_buffer_flush
                0x10004970       0x44 HW6/CMakeFiles/HW6.dir/C_/Program_Files/Raspberry_Pi/Pico_SDK_v1.5.1/pico-sdk/src/rp2_common/pico_stdio/stdio.c.obj
 .text.stdio_buffered_printer
                0x100049b4       0x20 HW6/CMakeFiles/HW6.dir/C_/Program_Files/Raspberry_Pi/Pico_SDK_v1.5.1/pico-sdk/src/rp2_common/pico_stdio/stdio.c.obj
 .text.stdout_serialize_begin
                0x100049d4       0x5c HW6/CMakeFiles/HW6.dir/C_/Program_Files/Raspberry_Pi/Pico_SDK_v1.5.1/pico-sdk/src/rp2_common/pico_stdio/stdio.c.obj
                0x100049d4                stdout_serialize_begin
 .text.stdout_serialize_end
                0x10004a30       0x10 HW6/CMakeFiles/HW6.dir/C_/Program_Files/Raspberry_Pi/Pico_SDK_v1.5.1/pico-sdk/src/rp2_common/pico_stdio/stdio.c.obj
                0x10004a30                stdout_serialize_end
 .text.stdio_put_string
                0x10004a40       0x98 HW6/CMakeFiles/HW6.dir/C_/Program_Files/Raspberry_Pi/Pico_SDK_v1.5.1/pico-sdk/src/rp2_common/pico_stdio/stdio.c.obj
 .text.stdio_set_driver_enabled
                0x10004ad8       0x2c HW6/CMakeFiles/HW6.dir/C_/Program_Files/Raspberry_Pi/Pico_SDK_v1.5.1/pico-sdk/src/rp2_common/pico_stdio/stdio.c.obj
                0x10004ad8                stdio_set_driver_enabled
 .text.stdio_flush
                0x10004b04       0x20 HW6/CMakeFiles/HW6.dir/C_/Program_Files/Raspberry_Pi/Pico_SDK_v1.5.1/pico-sdk/src/rp2_common/pico_stdio/stdio.c.obj
                0x10004b04                stdio_flush
 .text.__wrap_puts
                0x10004b24       0x1e HW6/CMakeFiles/HW6.dir/C_/Program_Files/Raspberry_Pi/Pico_SDK_v1.5.1/pico-sdk/src/rp2_common/pico_stdio/stdio.c.obj
                0x10004b24                __wrap_puts
 *fill*         0x10004b42        0x2 
 .text.__wrap_vprintf
                0x10004b44       0x40 HW6/CMakeFiles/HW6.dir/C_/Program_Files/Raspberry_Pi/Pico_SDK_v1.5.1/pico-sdk/src/rp2_common/pico_stdio/stdio.c.obj
                0x10004b44                __wrap_vprintf
 .text.__wrap_printf
                0x10004b84       0x18 HW6/CMakeFiles/HW6.dir/C_/Program_Files/Raspberry_Pi/Pico_SDK_v1.5.1/pico-sdk/src/rp2_common/pico_stdio/stdio.c.obj
                0x10004b84                __wrap_printf
 .text.stdio_init_all
                0x10004b9c        0x8 HW6/CMakeFiles/HW6.dir/C_/Program_Files/Raspberry_Pi/Pico_SDK_v1.5.1/pico-sdk/src/rp2_common/pico_stdio/stdio.c.obj
                0x10004b9c                stdio_init_all
 .text.resetd_init
                0x10004ba4        0x2 HW6/CMakeFiles/HW6.dir/C_/Program_Files/Raspberry_Pi/Pico_SDK_v1.5.1/pico-sdk/src/rp2_common/pico_stdio_usb/reset_interface.c.obj
 *fill*         0x10004ba6        0x2 
 .text.resetd_reset
                0x10004ba8        0xc HW6/CMakeFiles/HW6.dir/C_/Program_Files/Raspberry_Pi/Pico_SDK_v1.5.1/pico-sdk/src/rp2_common/pico_stdio_usb/reset_interface.c.obj
 .text.resetd_open
                0x10004bb4       0x34 HW6/CMakeFiles/HW6.dir/C_/Program_Files/Raspberry_Pi/Pico_SDK_v1.5.1/pico-sdk/src/rp2_common/pico_stdio_usb/reset_interface.c.obj
 .text.resetd_xfer_cb
                0x10004be8        0x4 HW6/CMakeFiles/HW6.dir/C_/Program_Files/Raspberry_Pi/Pico_SDK_v1.5.1/pico-sdk/src/rp2_common/pico_stdio_usb/reset_interface.c.obj
 .text.reset_usb_boot
                0x10004bec       0x18 HW6/CMakeFiles/HW6.dir/C_/Program_Files/Raspberry_Pi/Pico_SDK_v1.5.1/pico-sdk/src/rp2_common/pico_stdio_usb/reset_interface.c.obj
 .text.resetd_control_xfer_cb
                0x10004c04       0x5c HW6/CMakeFiles/HW6.dir/C_/Program_Files/Raspberry_Pi/Pico_SDK_v1.5.1/pico-sdk/src/rp2_common/pico_stdio_usb/reset_interface.c.obj
 .text.usbd_app_driver_get_cb
                0x10004c60        0xc HW6/CMakeFiles/HW6.dir/C_/Program_Files/Raspberry_Pi/Pico_SDK_v1.5.1/pico-sdk/src/rp2_common/pico_stdio_usb/reset_interface.c.obj
                0x10004c60                usbd_app_driver_get_cb
 .text.tud_cdc_line_coding_cb
                0x10004c6c       0x28 HW6/CMakeFiles/HW6.dir/C_/Program_Files/Raspberry_Pi/Pico_SDK_v1.5.1/pico-sdk/src/rp2_common/pico_stdio_usb/reset_interface.c.obj
                0x10004c6c                tud_cdc_line_coding_cb
 .text.stdio_usb_set_chars_available_callback
                0x10004c94       0x14 HW6/CMakeFiles/HW6.dir/C_/Program_Files/Raspberry_Pi/Pico_SDK_v1.5.1/pico-sdk/src/rp2_common/pico_stdio_usb/stdio_usb.c.obj
                0x10004c94                stdio_usb_set_chars_available_callback
 .text.usb_irq  0x10004ca8       0x10 HW6/CMakeFiles/HW6.dir/C_/Program_Files/Raspberry_Pi/Pico_SDK_v1.5.1/pico-sdk/src/rp2_common/pico_stdio_usb/stdio_usb.c.obj
 .text.timer_task
                0x10004cb8       0x5c HW6/CMakeFiles/HW6.dir/C_/Program_Files/Raspberry_Pi/Pico_SDK_v1.5.1/pico-sdk/src/rp2_common/pico_stdio_usb/stdio_usb.c.obj
 .text.low_priority_worker_irq
                0x10004d14       0xdc HW6/CMakeFiles/HW6.dir/C_/Program_Files/Raspberry_Pi/Pico_SDK_v1.5.1/pico-sdk/src/rp2_common/pico_stdio_usb/stdio_usb.c.obj
 .text.tud_cdc_rx_cb
                0x10004df0       0x20 HW6/CMakeFiles/HW6.dir/C_/Program_Files/Raspberry_Pi/Pico_SDK_v1.5.1/pico-sdk/src/rp2_common/pico_stdio_usb/stdio_usb.c.obj
                0x10004df0                tud_cdc_rx_cb
 .text.stdio_usb_init
                0x10004e10      0x11c HW6/CMakeFiles/HW6.dir/C_/Program_Files/Raspberry_Pi/Pico_SDK_v1.5.1/pico-sdk/src/rp2_common/pico_stdio_usb/stdio_usb.c.obj
                0x10004e10                stdio_usb_init
 .text.stdio_usb_connected
                0x10004f2c        0xa HW6/CMakeFiles/HW6.dir/C_/Program_Files/Raspberry_Pi/Pico_SDK_v1.5.1/pico-sdk/src/rp2_common/pico_stdio_usb/stdio_usb.c.obj
                0x10004f2c                stdio_usb_connected
 *fill*         0x10004f36        0x2 
 .text.stdio_usb_in_chars
                0x10004f38       0xc4 HW6/CMakeFiles/HW6.dir/C_/Program_Files/Raspberry_Pi/Pico_SDK_v1.5.1/pico-sdk/src/rp2_common/pico_stdio_usb/stdio_usb.c.obj
                0x10004f38                stdio_usb_in_chars
 .text.stdio_usb_out_chars
                0x10004ffc      0x114 HW6/CMakeFiles/HW6.dir/C_/Program_Files/Raspberry_Pi/Pico_SDK_v1.5.1/pico-sdk/src/rp2_common/pico_stdio_usb/stdio_usb.c.obj
 .text.tud_descriptor_device_cb
                0x10005110        0x8 HW6/CMakeFiles/HW6.dir/C_/Program_Files/Raspberry_Pi/Pico_SDK_v1.5.1/pico-sdk/src/rp2_common/pico_stdio_usb/stdio_usb_descriptors.c.obj
                0x10005110                tud_descriptor_device_cb
 .text.tud_descriptor_configuration_cb
                0x10005118        0x8 HW6/CMakeFiles/HW6.dir/C_/Program_Files/Raspberry_Pi/Pico_SDK_v1.5.1/pico-sdk/src/rp2_common/pico_stdio_usb/stdio_usb_descriptors.c.obj
                0x10005118                tud_descriptor_configuration_cb
 .text.tud_descriptor_string_cb
                0x10005120       0x6c HW6/CMakeFiles/HW6.dir/C_/Program_Files/Raspberry_Pi/Pico_SDK_v1.5.1/pico-sdk/src/rp2_common/pico_stdio_usb/stdio_usb_descriptors.c.obj
                0x10005120                tud_descriptor_string_cb
 .text._retrieve_unique_id_on_boot
                0x1000518c       0x10 HW6/CMakeFiles/HW6.dir/C_/Program_Files/Raspberry_Pi/Pico_SDK_v1.5.1/pico-sdk/src/rp2_common/pico_unique_id/unique_id.c.obj
 .text.pico_get_unique_board_id_string
                0x1000519c       0x60 HW6/CMakeFiles/HW6.dir/C_/Program_Files/Raspberry_Pi/Pico_SDK_v1.5.1/pico-sdk/src/rp2_common/pico_unique_id/unique_id.c.obj
                0x1000519c                pico_get_unique_board_id_string
 .text.flash_get_unique_id
                0x100051fc       0x46 HW6/CMakeFiles/HW6.dir/C_/Program_Files/Raspberry_Pi/Pico_SDK_v1.5.1/pico-sdk/src/rp2_common/hardware_flash/flash.c.obj
                0x100051fc                flash_get_unique_id
 *fill*         0x10005242        0x2 
 .text.hw_endpoint_get_by_addr
                0x10005244       0x18 HW6/CMakeFiles/HW6.dir/C_/Program_Files/Raspberry_Pi/Pico_SDK_v1.5.1/pico-sdk/lib/tinyusb/src/portable/raspberrypi/rp2040/dcd_rp2040.c.obj
 .text._hw_endpoint_alloc
                0x1000525c       0x70 HW6/CMakeFiles/HW6.dir/C_/Program_Files/Raspberry_Pi/Pico_SDK_v1.5.1/pico-sdk/lib/tinyusb/src/portable/raspberrypi/rp2040/dcd_rp2040.c.obj
 .text.hw_endpoint_init
                0x100052cc       0x88 HW6/CMakeFiles/HW6.dir/C_/Program_Files/Raspberry_Pi/Pico_SDK_v1.5.1/pico-sdk/lib/tinyusb/src/portable/raspberrypi/rp2040/dcd_rp2040.c.obj
 .text.hw_endpoint_xfer
                0x10005354       0x14 HW6/CMakeFiles/HW6.dir/C_/Program_Files/Raspberry_Pi/Pico_SDK_v1.5.1/pico-sdk/lib/tinyusb/src/portable/raspberrypi/rp2040/dcd_rp2040.c.obj
 .text.dcd_int_enable
                0x10005368       0x2c HW6/CMakeFiles/HW6.dir/C_/Program_Files/Raspberry_Pi/Pico_SDK_v1.5.1/pico-sdk/lib/tinyusb/src/portable/raspberrypi/rp2040/dcd_rp2040.c.obj
                0x10005368                dcd_int_enable
 .text.dcd_set_address
                0x10005394       0x2c HW6/CMakeFiles/HW6.dir/C_/Program_Files/Raspberry_Pi/Pico_SDK_v1.5.1/pico-sdk/lib/tinyusb/src/portable/raspberrypi/rp2040/dcd_rp2040.c.obj
                0x10005394                dcd_set_address
 .text.dcd_connect
                0x100053c0       0x10 HW6/CMakeFiles/HW6.dir/C_/Program_Files/Raspberry_Pi/Pico_SDK_v1.5.1/pico-sdk/lib/tinyusb/src/portable/raspberrypi/rp2040/dcd_rp2040.c.obj
                0x100053c0                dcd_connect
 .text.dcd_init
                0x100053d0       0x80 HW6/CMakeFiles/HW6.dir/C_/Program_Files/Raspberry_Pi/Pico_SDK_v1.5.1/pico-sdk/lib/tinyusb/src/portable/raspberrypi/rp2040/dcd_rp2040.c.obj
                0x100053d0                dcd_init
 .text.dcd_edpt0_status_complete
                0x10005450       0x1c HW6/CMakeFiles/HW6.dir/C_/Program_Files/Raspberry_Pi/Pico_SDK_v1.5.1/pico-sdk/lib/tinyusb/src/portable/raspberrypi/rp2040/dcd_rp2040.c.obj
                0x10005450                dcd_edpt0_status_complete
 .text.dcd_edpt_open
                0x1000546c       0x40 HW6/CMakeFiles/HW6.dir/C_/Program_Files/Raspberry_Pi/Pico_SDK_v1.5.1/pico-sdk/lib/tinyusb/src/portable/raspberrypi/rp2040/dcd_rp2040.c.obj
                0x1000546c                dcd_edpt_open
 .text.dcd_edpt_close_all
                0x100054ac        0x8 HW6/CMakeFiles/HW6.dir/C_/Program_Files/Raspberry_Pi/Pico_SDK_v1.5.1/pico-sdk/lib/tinyusb/src/portable/raspberrypi/rp2040/dcd_rp2040.c.obj
                0x100054ac                dcd_edpt_close_all
 .text.dcd_edpt_xfer
                0x100054b4       0x34 HW6/CMakeFiles/HW6.dir/C_/Program_Files/Raspberry_Pi/Pico_SDK_v1.5.1/pico-sdk/lib/tinyusb/src/portable/raspberrypi/rp2040/dcd_rp2040.c.obj
                0x100054b4                dcd_edpt_xfer
 .text.dcd_edpt_stall
                0x100054e8       0x2c HW6/CMakeFiles/HW6.dir/C_/Program_Files/Raspberry_Pi/Pico_SDK_v1.5.1/pico-sdk/lib/tinyusb/src/portable/raspberrypi/rp2040/dcd_rp2040.c.obj
                0x100054e8                dcd_edpt_stall
 .text.dcd_edpt_clear_stall
                0x10005514       0x20 HW6/CMakeFiles/HW6.dir/C_/Program_Files/Raspberry_Pi/Pico_SDK_v1.5.1/pico-sdk/lib/tinyusb/src/portable/raspberrypi/rp2040/dcd_rp2040.c.obj
                0x10005514                dcd_edpt_clear_stall
 .text.rp2040_usb_init
                0x10005534       0x4c HW6/CMakeFiles/HW6.dir/C_/Program_Files/Raspberry_Pi/Pico_SDK_v1.5.1/pico-sdk/lib/tinyusb/src/portable/raspberrypi/rp2040/rp2040_usb.c.obj
                0x10005534                rp2040_usb_init
 .text.hw_endpoint_xfer_start
                0x10005580       0x50 HW6/CMakeFiles/HW6.dir/C_/Program_Files/Raspberry_Pi/Pico_SDK_v1.5.1/pico-sdk/lib/tinyusb/src/portable/raspberrypi/rp2040/rp2040_usb.c.obj
                0x10005580                hw_endpoint_xfer_start
 .text.configuration_reset
                0x100055d0       0x84 HW6/CMakeFiles/HW6.dir/C_/Program_Files/Raspberry_Pi/Pico_SDK_v1.5.1/pico-sdk/lib/tinyusb/src/device/usbd.c.obj
 .text.usbd_reset
                0x10005654        0xc HW6/CMakeFiles/HW6.dir/C_/Program_Files/Raspberry_Pi/Pico_SDK_v1.5.1/pico-sdk/lib/tinyusb/src/device/usbd.c.obj
 .text.invoke_class_control
                0x10005660       0x1a HW6/CMakeFiles/HW6.dir/C_/Program_Files/Raspberry_Pi/Pico_SDK_v1.5.1/pico-sdk/lib/tinyusb/src/device/usbd.c.obj
 *fill*         0x1000567a        0x2 
 .text.process_set_config
                0x1000567c      0x178 HW6/CMakeFiles/HW6.dir/C_/Program_Files/Raspberry_Pi/Pico_SDK_v1.5.1/pico-sdk/lib/tinyusb/src/device/usbd.c.obj
 .text.process_get_descriptor
                0x100057f4       0xdc HW6/CMakeFiles/HW6.dir/C_/Program_Files/Raspberry_Pi/Pico_SDK_v1.5.1/pico-sdk/lib/tinyusb/src/device/usbd.c.obj
 .text.tud_mounted
                0x100058d0       0x10 HW6/CMakeFiles/HW6.dir/C_/Program_Files/Raspberry_Pi/Pico_SDK_v1.5.1/pico-sdk/lib/tinyusb/src/device/usbd.c.obj
                0x100058d0                tud_mounted
 .text.tud_suspended
                0x100058e0       0x10 HW6/CMakeFiles/HW6.dir/C_/Program_Files/Raspberry_Pi/Pico_SDK_v1.5.1/pico-sdk/lib/tinyusb/src/device/usbd.c.obj
                0x100058e0                tud_suspended
 .text.tud_inited
                0x100058f0       0x14 HW6/CMakeFiles/HW6.dir/C_/Program_Files/Raspberry_Pi/Pico_SDK_v1.5.1/pico-sdk/lib/tinyusb/src/device/usbd.c.obj
                0x100058f0                tud_inited
 .text.tud_init
                0x10005904       0xcc HW6/CMakeFiles/HW6.dir/C_/Program_Files/Raspberry_Pi/Pico_SDK_v1.5.1/pico-sdk/lib/tinyusb/src/device/usbd.c.obj
                0x10005904                tud_init
 .text.usbd_defer_func
                0x100059d0       0x2a HW6/CMakeFiles/HW6.dir/C_/Program_Files/Raspberry_Pi/Pico_SDK_v1.5.1/pico-sdk/lib/tinyusb/src/device/usbd.c.obj
                0x100059d0                usbd_defer_func
 *fill*         0x100059fa        0x2 
 .text.usbd_edpt_open
                0x100059fc       0x34 HW6/CMakeFiles/HW6.dir/C_/Program_Files/Raspberry_Pi/Pico_SDK_v1.5.1/pico-sdk/lib/tinyusb/src/device/usbd.c.obj
                0x100059fc                usbd_edpt_open
 .text.usbd_open_edpt_pair
                0x10005a30       0x62 HW6/CMakeFiles/HW6.dir/C_/Program_Files/Raspberry_Pi/Pico_SDK_v1.5.1/pico-sdk/lib/tinyusb/src/device/usbd.c.obj
                0x10005a30                usbd_open_edpt_pair
 *fill*         0x10005a92        0x2 
 .text.usbd_edpt_claim
                0x10005a94       0x28 HW6/CMakeFiles/HW6.dir/C_/Program_Files/Raspberry_Pi/Pico_SDK_v1.5.1/pico-sdk/lib/tinyusb/src/device/usbd.c.obj
                0x10005a94                usbd_edpt_claim
 .text.usbd_edpt_release
                0x10005abc       0x28 HW6/CMakeFiles/HW6.dir/C_/Program_Files/Raspberry_Pi/Pico_SDK_v1.5.1/pico-sdk/lib/tinyusb/src/device/usbd.c.obj
                0x10005abc                usbd_edpt_release
 .text.usbd_edpt_xfer
                0x10005ae4       0x78 HW6/CMakeFiles/HW6.dir/C_/Program_Files/Raspberry_Pi/Pico_SDK_v1.5.1/pico-sdk/lib/tinyusb/src/device/usbd.c.obj
                0x10005ae4                usbd_edpt_xfer
 .text.usbd_edpt_stall
                0x10005b5c       0x48 HW6/CMakeFiles/HW6.dir/C_/Program_Files/Raspberry_Pi/Pico_SDK_v1.5.1/pico-sdk/lib/tinyusb/src/device/usbd.c.obj
                0x10005b5c                usbd_edpt_stall
 .text.usbd_edpt_clear_stall
                0x10005ba4       0x48 HW6/CMakeFiles/HW6.dir/C_/Program_Files/Raspberry_Pi/Pico_SDK_v1.5.1/pico-sdk/lib/tinyusb/src/device/usbd.c.obj
                0x10005ba4                usbd_edpt_clear_stall
 .text.usbd_edpt_stalled
                0x10005bec       0x1c HW6/CMakeFiles/HW6.dir/C_/Program_Files/Raspberry_Pi/Pico_SDK_v1.5.1/pico-sdk/lib/tinyusb/src/device/usbd.c.obj
                0x10005bec                usbd_edpt_stalled
 .text.process_control_request
                0x10005c08      0x37c HW6/CMakeFiles/HW6.dir/C_/Program_Files/Raspberry_Pi/Pico_SDK_v1.5.1/pico-sdk/lib/tinyusb/src/device/usbd.c.obj
 .text.tud_task_ext
                0x10005f84      0x1b8 HW6/CMakeFiles/HW6.dir/C_/Program_Files/Raspberry_Pi/Pico_SDK_v1.5.1/pico-sdk/lib/tinyusb/src/device/usbd.c.obj
                0x10005f84                tud_task_ext
 .text._data_stage_xact
                0x1000613c       0x58 HW6/CMakeFiles/HW6.dir/C_/Program_Files/Raspberry_Pi/Pico_SDK_v1.5.1/pico-sdk/lib/tinyusb/src/device/usbd_control.c.obj
 .text.tud_control_status
                0x10006194       0x38 HW6/CMakeFiles/HW6.dir/C_/Program_Files/Raspberry_Pi/Pico_SDK_v1.5.1/pico-sdk/lib/tinyusb/src/device/usbd_control.c.obj
                0x10006194                tud_control_status
 .text.tud_control_xfer
                0x100061cc       0x74 HW6/CMakeFiles/HW6.dir/C_/Program_Files/Raspberry_Pi/Pico_SDK_v1.5.1/pico-sdk/lib/tinyusb/src/device/usbd_control.c.obj
                0x100061cc                tud_control_xfer
 .text.usbd_control_reset
                0x10006240       0x14 HW6/CMakeFiles/HW6.dir/C_/Program_Files/Raspberry_Pi/Pico_SDK_v1.5.1/pico-sdk/lib/tinyusb/src/device/usbd_control.c.obj
                0x10006240                usbd_control_reset
 .text.usbd_control_set_complete_callback
                0x10006254        0xc HW6/CMakeFiles/HW6.dir/C_/Program_Files/Raspberry_Pi/Pico_SDK_v1.5.1/pico-sdk/lib/tinyusb/src/device/usbd_control.c.obj
                0x10006254                usbd_control_set_complete_callback
 .text.usbd_control_set_request
                0x10006260       0x1c HW6/CMakeFiles/HW6.dir/C_/Program_Files/Raspberry_Pi/Pico_SDK_v1.5.1/pico-sdk/lib/tinyusb/src/device/usbd_control.c.obj
                0x10006260                usbd_control_set_request
 .text.usbd_control_xfer_cb
                0x1000627c       0xcc HW6/CMakeFiles/HW6.dir/C_/Program_Files/Raspberry_Pi/Pico_SDK_v1.5.1/pico-sdk/lib/tinyusb/src/device/usbd_control.c.obj
                0x1000627c                usbd_control_xfer_cb
 .text._prep_out_transaction
                0x10006348       0x4a HW6/CMakeFiles/HW6.dir/C_/Program_Files/Raspberry_Pi/Pico_SDK_v1.5.1/pico-sdk/lib/tinyusb/src/class/cdc/cdc_device.c.obj
 *fill*         0x10006392        0x2 
 .text.tud_cdc_n_connected
                0x10006394       0x44 HW6/CMakeFiles/HW6.dir/C_/Program_Files/Raspberry_Pi/Pico_SDK_v1.5.1/pico-sdk/lib/tinyusb/src/class/cdc/cdc_device.c.obj
                0x10006394                tud_cdc_n_connected
 .text.tud_cdc_n_available
                0x100063d8       0x18 HW6/CMakeFiles/HW6.dir/C_/Program_Files/Raspberry_Pi/Pico_SDK_v1.5.1/pico-sdk/lib/tinyusb/src/class/cdc/cdc_device.c.obj
                0x100063d8                tud_cdc_n_available
 .text.tud_cdc_n_read
                0x100063f0       0x28 HW6/CMakeFiles/HW6.dir/C_/Program_Files/Raspberry_Pi/Pico_SDK_v1.5.1/pico-sdk/lib/tinyusb/src/class/cdc/cdc_device.c.obj
                0x100063f0                tud_cdc_n_read
 .text.tud_cdc_n_write_flush
                0x10006418       0xb8 HW6/CMakeFiles/HW6.dir/C_/Program_Files/Raspberry_Pi/Pico_SDK_v1.5.1/pico-sdk/lib/tinyusb/src/class/cdc/cdc_device.c.obj
                0x10006418                tud_cdc_n_write_flush
 .text.tud_cdc_n_write
                0x100064d0       0x38 HW6/CMakeFiles/HW6.dir/C_/Program_Files/Raspberry_Pi/Pico_SDK_v1.5.1/pico-sdk/lib/tinyusb/src/class/cdc/cdc_device.c.obj
                0x100064d0                tud_cdc_n_write
 .text.tud_cdc_n_write_available
                0x10006508       0x1c HW6/CMakeFiles/HW6.dir/C_/Program_Files/Raspberry_Pi/Pico_SDK_v1.5.1/pico-sdk/lib/tinyusb/src/class/cdc/cdc_device.c.obj
                0x10006508                tud_cdc_n_write_available
 .text.cdcd_init
                0x10006524       0xbc HW6/CMakeFiles/HW6.dir/C_/Program_Files/Raspberry_Pi/Pico_SDK_v1.5.1/pico-sdk/lib/tinyusb/src/class/cdc/cdc_device.c.obj
                0x10006524                cdcd_init
 .text.cdcd_reset
                0x100065e0       0x44 HW6/CMakeFiles/HW6.dir/C_/Program_Files/Raspberry_Pi/Pico_SDK_v1.5.1/pico-sdk/lib/tinyusb/src/class/cdc/cdc_device.c.obj
                0x100065e0                cdcd_reset
 .text.cdcd_open
                0x10006624       0xcc HW6/CMakeFiles/HW6.dir/C_/Program_Files/Raspberry_Pi/Pico_SDK_v1.5.1/pico-sdk/lib/tinyusb/src/class/cdc/cdc_device.c.obj
                0x10006624                cdcd_open
 .text.cdcd_control_xfer_cb
                0x100066f0      0x134 HW6/CMakeFiles/HW6.dir/C_/Program_Files/Raspberry_Pi/Pico_SDK_v1.5.1/pico-sdk/lib/tinyusb/src/class/cdc/cdc_device.c.obj
                0x100066f0                cdcd_control_xfer_cb
 .text.cdcd_xfer_cb
                0x10006824      0x130 HW6/CMakeFiles/HW6.dir/C_/Program_Files/Raspberry_Pi/Pico_SDK_v1.5.1/pico-sdk/lib/tinyusb/src/class/cdc/cdc_device.c.obj
                0x10006824                cdcd_xfer_cb
 .text.tusb_init
                0x10006954        0xa HW6/CMakeFiles/HW6.dir/C_/Program_Files/Raspberry_Pi/Pico_SDK_v1.5.1/pico-sdk/lib/tinyusb/src/tusb.c.obj
                0x10006954                tusb_init
 .text.tusb_inited
                0x1000695e        0xe HW6/CMakeFiles/HW6.dir/C_/Program_Files/Raspberry_Pi/Pico_SDK_v1.5.1/pico-sdk/lib/tinyusb/src/tusb.c.obj
                0x1000695e                tusb_inited
 .text.tu_edpt_claim
                0x1000696c       0x50 HW6/CMakeFiles/HW6.dir/C_/Program_Files/Raspberry_Pi/Pico_SDK_v1.5.1/pico-sdk/lib/tinyusb/src/tusb.c.obj
                0x1000696c                tu_edpt_claim
 .text.tu_edpt_release
                0x100069bc       0x3c HW6/CMakeFiles/HW6.dir/C_/Program_Files/Raspberry_Pi/Pico_SDK_v1.5.1/pico-sdk/lib/tinyusb/src/tusb.c.obj
                0x100069bc                tu_edpt_release
 .text.tu_edpt_validate
                0x100069f8       0x78 HW6/CMakeFiles/HW6.dir/C_/Program_Files/Raspberry_Pi/Pico_SDK_v1.5.1/pico-sdk/lib/tinyusb/src/tusb.c.obj
                0x100069f8                tu_edpt_validate
 .text.tu_edpt_bind_driver
                0x10006a70       0x26 HW6/CMakeFiles/HW6.dir/C_/Program_Files/Raspberry_Pi/Pico_SDK_v1.5.1/pico-sdk/lib/tinyusb/src/tusb.c.obj
                0x10006a70                tu_edpt_bind_driver
 .text.advance_index
                0x10006a96       0x1a HW6/CMakeFiles/HW6.dir/C_/Program_Files/Raspberry_Pi/Pico_SDK_v1.5.1/pico-sdk/lib/tinyusb/src/common/tusb_fifo.c.obj
 .text._tu_fifo_peek
                0x10006ab0       0x56 HW6/CMakeFiles/HW6.dir/C_/Program_Files/Raspberry_Pi/Pico_SDK_v1.5.1/pico-sdk/lib/tinyusb/src/common/tusb_fifo.c.obj
 .text._ff_pull_const_addr
                0x10006b06       0x4c HW6/CMakeFiles/HW6.dir/C_/Program_Files/Raspberry_Pi/Pico_SDK_v1.5.1/pico-sdk/lib/tinyusb/src/common/tusb_fifo.c.obj
 .text._ff_pull_n
                0x10006b52      0x110 HW6/CMakeFiles/HW6.dir/C_/Program_Files/Raspberry_Pi/Pico_SDK_v1.5.1/pico-sdk/lib/tinyusb/src/common/tusb_fifo.c.obj
 .text._tu_fifo_peek_n
                0x10006c62       0x6a HW6/CMakeFiles/HW6.dir/C_/Program_Files/Raspberry_Pi/Pico_SDK_v1.5.1/pico-sdk/lib/tinyusb/src/common/tusb_fifo.c.obj
 .text._tu_fifo_read_n
                0x10006ccc       0x4e HW6/CMakeFiles/HW6.dir/C_/Program_Files/Raspberry_Pi/Pico_SDK_v1.5.1/pico-sdk/lib/tinyusb/src/common/tusb_fifo.c.obj
 .text._ff_push_const_addr
                0x10006d1a       0x40 HW6/CMakeFiles/HW6.dir/C_/Program_Files/Raspberry_Pi/Pico_SDK_v1.5.1/pico-sdk/lib/tinyusb/src/common/tusb_fifo.c.obj
 .text._ff_push_n
                0x10006d5a      0x10c HW6/CMakeFiles/HW6.dir/C_/Program_Files/Raspberry_Pi/Pico_SDK_v1.5.1/pico-sdk/lib/tinyusb/src/common/tusb_fifo.c.obj
 .text._tu_fifo_write_n
                0x10006e66       0xf0 HW6/CMakeFiles/HW6.dir/C_/Program_Files/Raspberry_Pi/Pico_SDK_v1.5.1/pico-sdk/lib/tinyusb/src/common/tusb_fifo.c.obj
 .text.tu_fifo_config
                0x10006f56       0x7c HW6/CMakeFiles/HW6.dir/C_/Program_Files/Raspberry_Pi/Pico_SDK_v1.5.1/pico-sdk/lib/tinyusb/src/common/tusb_fifo.c.obj
                0x10006f56                tu_fifo_config
 .text.tu_fifo_count
                0x10006fd2       0x2a HW6/CMakeFiles/HW6.dir/C_/Program_Files/Raspberry_Pi/Pico_SDK_v1.5.1/pico-sdk/lib/tinyusb/src/common/tusb_fifo.c.obj
                0x10006fd2                tu_fifo_count
 .text.tu_fifo_empty
                0x10006ffc       0x10 HW6/CMakeFiles/HW6.dir/C_/Program_Files/Raspberry_Pi/Pico_SDK_v1.5.1/pico-sdk/lib/tinyusb/src/common/tusb_fifo.c.obj
                0x10006ffc                tu_fifo_empty
 .text.tu_fifo_full
                0x1000700c       0x28 HW6/CMakeFiles/HW6.dir/C_/Program_Files/Raspberry_Pi/Pico_SDK_v1.5.1/pico-sdk/lib/tinyusb/src/common/tusb_fifo.c.obj
                0x1000700c                tu_fifo_full
 .text.tu_fifo_remaining
                0x10007034       0x2c HW6/CMakeFiles/HW6.dir/C_/Program_Files/Raspberry_Pi/Pico_SDK_v1.5.1/pico-sdk/lib/tinyusb/src/common/tusb_fifo.c.obj
                0x10007034                tu_fifo_remaining
 .text.tu_fifo_read
                0x10007060       0x42 HW6/CMakeFiles/HW6.dir/C_/Program_Files/Raspberry_Pi/Pico_SDK_v1.5.1/pico-sdk/lib/tinyusb/src/common/tusb_fifo.c.obj
                0x10007060                tu_fifo_read
 .text.tu_fifo_read_n
                0x100070a2        0xa HW6/CMakeFiles/HW6.dir/C_/Program_Files/Raspberry_Pi/Pico_SDK_v1.5.1/pico-sdk/lib/tinyusb/src/common/tusb_fifo.c.obj
                0x100070a2                tu_fifo_read_n
 .text.tu_fifo_write
                0x100070ac       0x64 HW6/CMakeFiles/HW6.dir/C_/Program_Files/Raspberry_Pi/Pico_SDK_v1.5.1/pico-sdk/lib/tinyusb/src/common/tusb_fifo.c.obj
                0x100070ac                tu_fifo_write
 .text.tu_fifo_write_n
                0x10007110        0xa HW6/CMakeFiles/HW6.dir/C_/Program_Files/Raspberry_Pi/Pico_SDK_v1.5.1/pico-sdk/lib/tinyusb/src/common/tusb_fifo.c.obj
                0x10007110                tu_fifo_write_n
 .text.tu_fifo_clear
                0x1000711a       0x3e HW6/CMakeFiles/HW6.dir/C_/Program_Files/Raspberry_Pi/Pico_SDK_v1.5.1/pico-sdk/lib/tinyusb/src/common/tusb_fifo.c.obj
                0x1000711a                tu_fifo_clear
 .text.tu_fifo_set_overwritable
                0x10007158       0x46 HW6/CMakeFiles/HW6.dir/C_/Program_Files/Raspberry_Pi/Pico_SDK_v1.5.1/pico-sdk/lib/tinyusb/src/common/tusb_fifo.c.obj
                0x10007158                tu_fifo_set_overwritable
 .text.i2c_write_blocking_internal
                0x1000719e      0x140 HW6/CMakeFiles/HW6.dir/C_/Program_Files/Raspberry_Pi/Pico_SDK_v1.5.1/pico-sdk/src/rp2_common/hardware_i2c/i2c.c.obj
 *fill*         0x100072de        0x2 
 .text.i2c_set_baudrate
                0x100072e0       0xf0 HW6/CMakeFiles/HW6.dir/C_/Program_Files/Raspberry_Pi/Pico_SDK_v1.5.1/pico-sdk/src/rp2_common/hardware_i2c/i2c.c.obj
                0x100072e0                i2c_set_baudrate
 .text.i2c_init
                0x100073d0       0x58 HW6/CMakeFiles/HW6.dir/C_/Program_Files/Raspberry_Pi/Pico_SDK_v1.5.1/pico-sdk/src/rp2_common/hardware_i2c/i2c.c.obj
                0x100073d0                i2c_init
 .text.i2c_write_blocking
                0x10007428       0x18 HW6/CMakeFiles/HW6.dir/C_/Program_Files/Raspberry_Pi/Pico_SDK_v1.5.1/pico-sdk/src/rp2_common/hardware_i2c/i2c.c.obj
                0x10007428                i2c_write_blocking
 .text.adc_init
                0x10007440       0x34 HW6/CMakeFiles/HW6.dir/C_/Program_Files/Raspberry_Pi/Pico_SDK_v1.5.1/pico-sdk/src/rp2_common/hardware_adc/adc.c.obj
                0x10007440                adc_init
 .text.strlen   0x10007474       0x5c c:/progra~1/raspbe~1/picosd~1.1/gcc-ar~1/bin/../lib/gcc/arm-none-eabi/10.3.1/../../../../arm-none-eabi/lib/thumb/v6-m/nofp\libg.a(lib_a-strlen-stub.o)
                0x10007474                strlen
 *(.fini)
 .fini          0x100074d0        0x4 c:/progra~1/raspbe~1/picosd~1.1/gcc-ar~1/bin/../lib/gcc/arm-none-eabi/10.3.1/thumb/v6-m/nofp/crti.o
                0x100074d0                _fini
 *fill*         0x100074d4        0x4 
 .fini.__stub   0x100074d8       0xe0 linker stubs
 *crtbegin.o(.ctors)
 *crtbegin?.o(.ctors)
 *(EXCLUDE_FILE(*crtend.o *crtend?.o) .ctors)
 *(SORT_BY_NAME(.ctors.*))
 *(.ctors)
 *crtbegin.o(.dtors)
 *crtbegin?.o(.dtors)
 *(EXCLUDE_FILE(*crtend.o *crtend?.o) .dtors)
 *(SORT_BY_NAME(.dtors.*))
 *(.dtors)
 *(.eh_frame*)
 .eh_frame      0x100075b8        0x0 c:/progra~1/raspbe~1/picosd~1.1/gcc-ar~1/bin/../lib/gcc/arm-none-eabi/10.3.1/thumb/v6-m/nofp/crtbegin.o
                0x100075b8                . = ALIGN (0x4)

.glue_7         0x100075b8        0x0
 .glue_7        0x100075b8        0x0 linker stubs

.glue_7t        0x100075b8        0x0
 .glue_7t       0x100075b8        0x0 linker stubs

.vfp11_veneer   0x100075b8        0x0
 .vfp11_veneer  0x100075b8        0x0 linker stubs

.v4_bx          0x100075b8        0x0
 .v4_bx         0x100075b8        0x0 linker stubs

.iplt           0x100075b8        0x0
 .iplt          0x100075b8        0x0 c:/progra~1/raspbe~1/picosd~1.1/gcc-ar~1/bin/../lib/gcc/arm-none-eabi/10.3.1/thumb/v6-m/nofp/crtbegin.o

.rodata         0x100075b8     0x1a40
 *(EXCLUDE_FILE(*libm.a: *libc.a:*lib_a-mem*.o *libgcc.a:) .rodata*)
 .rodata.drawVoltageAndFPS.str1.4
                0x100075b8       0xd3 HW6/CMakeFiles/HW6.dir/ssd1306_i2c.c.obj
 *fill*         0x1000768b        0x1 
 .rodata.main.str1.4
                0x1000768c       0x36 HW6/CMakeFiles/HW6.dir/ssd1306_i2c.c.obj
 *fill*         0x100076c2        0x2 
 .rodata.__func__.0
                0x100076c4       0x15 HW6/CMakeFiles/HW6.dir/ssd1306_i2c.c.obj
 *fill*         0x100076d9        0x3 
 .rodata.ASCII  0x100076dc      0x1e0 HW6/CMakeFiles/HW6.dir/ssd1306fuctions.c.obj
 .rodata.spin_lock_claim_unused.str1.4
                0x100078bc       0x1b HW6/CMakeFiles/HW6.dir/C_/Program_Files/Raspberry_Pi/Pico_SDK_v1.5.1/pico-sdk/src/rp2_common/hardware_sync/sync.c.obj
 *fill*         0x100078d7        0x1 
 .rodata.make_branch.str1.4
                0x100078d8       0x89 HW6/CMakeFiles/HW6.dir/C_/Program_Files/Raspberry_Pi/Pico_SDK_v1.5.1/pico-sdk/src/rp2_common/hardware_irq/irq.c.obj
 *fill*         0x10007961        0x3 
 .rodata.insert_branch_and_link.str1.4
                0x10007964       0x10 HW6/CMakeFiles/HW6.dir/C_/Program_Files/Raspberry_Pi/Pico_SDK_v1.5.1/pico-sdk/src/rp2_common/hardware_irq/irq.c.obj
 .rodata.irq_set_exclusive_handler.str1.4
                0x10007974       0x36 HW6/CMakeFiles/HW6.dir/C_/Program_Files/Raspberry_Pi/Pico_SDK_v1.5.1/pico-sdk/src/rp2_common/hardware_irq/irq.c.obj
 *fill*         0x100079aa        0x2 
 .rodata.irq_add_shared_handler.str1.4
                0x100079ac       0xd9 HW6/CMakeFiles/HW6.dir/C_/Program_Files/Raspberry_Pi/Pico_SDK_v1.5.1/pico-sdk/src/rp2_common/hardware_irq/irq.c.obj
 *fill*         0x10007a85        0x3 
 .rodata.irq_remove_handler.str1.4
                0x10007a88       0x3a HW6/CMakeFiles/HW6.dir/C_/Program_Files/Raspberry_Pi/Pico_SDK_v1.5.1/pico-sdk/src/rp2_common/hardware_irq/irq.c.obj
 *fill*         0x10007ac2        0x2 
 .rodata.irq_add_tail_to_free_list.str1.4
                0x10007ac4       0x3a HW6/CMakeFiles/HW6.dir/C_/Program_Files/Raspberry_Pi/Pico_SDK_v1.5.1/pico-sdk/src/rp2_common/hardware_irq/irq.c.obj
 *fill*         0x10007afe        0x2 
 .rodata.user_irq_claim_unused.str1.4
                0x10007b00       0x1b HW6/CMakeFiles/HW6.dir/C_/Program_Files/Raspberry_Pi/Pico_SDK_v1.5.1/pico-sdk/src/rp2_common/hardware_irq/irq.c.obj
 *fill*         0x10007b1b        0x1 
 .rodata.__func__.0
                0x10007b1c       0x1a HW6/CMakeFiles/HW6.dir/C_/Program_Files/Raspberry_Pi/Pico_SDK_v1.5.1/pico-sdk/src/rp2_common/hardware_irq/irq.c.obj
 *fill*         0x10007b36        0x2 
 .rodata.__func__.1
                0x10007b38       0x17 HW6/CMakeFiles/HW6.dir/C_/Program_Files/Raspberry_Pi/Pico_SDK_v1.5.1/pico-sdk/src/rp2_common/hardware_irq/irq.c.obj
 *fill*         0x10007b4f        0x1 
 .rodata.__func__.2
                0x10007b50       0x13 HW6/CMakeFiles/HW6.dir/C_/Program_Files/Raspberry_Pi/Pico_SDK_v1.5.1/pico-sdk/src/rp2_common/hardware_irq/irq.c.obj
 *fill*         0x10007b63        0x1 
 .rodata.__func__.3
                0x10007b64        0xc HW6/CMakeFiles/HW6.dir/C_/Program_Files/Raspberry_Pi/Pico_SDK_v1.5.1/pico-sdk/src/rp2_common/hardware_irq/irq.c.obj
 .rodata.__func__.4
                0x10007b70        0xf HW6/CMakeFiles/HW6.dir/C_/Program_Files/Raspberry_Pi/Pico_SDK_v1.5.1/pico-sdk/src/rp2_common/hardware_irq/irq.c.obj
 *fill*         0x10007b7f        0x1 
 .rodata.__func__.5
                0x10007b80       0x17 HW6/CMakeFiles/HW6.dir/C_/Program_Files/Raspberry_Pi/Pico_SDK_v1.5.1/pico-sdk/src/rp2_common/hardware_irq/irq.c.obj
 *fill*         0x10007b97        0x1 
 .rodata.__func__.6
                0x10007b98       0x1a HW6/CMakeFiles/HW6.dir/C_/Program_Files/Raspberry_Pi/Pico_SDK_v1.5.1/pico-sdk/src/rp2_common/hardware_irq/irq.c.obj
 *fill*         0x10007bb2        0x2 
 .rodata.str1.4
                0x10007bb4       0xa5 HW6/CMakeFiles/HW6.dir/C_/Program_Files/Raspberry_Pi/Pico_SDK_v1.5.1/pico-sdk/src/common/pico_sync/mutex.c.obj
                                0x125 (size before relaxing)
 *fill*         0x10007c59        0x3 
 .rodata.__func__.1
                0x10007c5c        0xb HW6/CMakeFiles/HW6.dir/C_/Program_Files/Raspberry_Pi/Pico_SDK_v1.5.1/pico-sdk/src/common/pico_sync/mutex.c.obj
 *fill*         0x10007c67        0x1 
 .rodata.__func__.3
                0x10007c68       0x18 HW6/CMakeFiles/HW6.dir/C_/Program_Files/Raspberry_Pi/Pico_SDK_v1.5.1/pico-sdk/src/common/pico_sync/mutex.c.obj
 .rodata.__func__.4
                0x10007c80       0x15 HW6/CMakeFiles/HW6.dir/C_/Program_Files/Raspberry_Pi/Pico_SDK_v1.5.1/pico-sdk/src/common/pico_sync/mutex.c.obj
 *fill*         0x10007c95        0x3 
 .rodata.repeating_timer_callback.str1.4
                0x10007c98       0x67 HW6/CMakeFiles/HW6.dir/C_/Program_Files/Raspberry_Pi/Pico_SDK_v1.5.1/pico-sdk/src/common/pico_time/time.c.obj
 *fill*         0x10007cff        0x1 
 .rodata.timer_pool_entry_comparator.str1.4
                0x10007d00       0x22 HW6/CMakeFiles/HW6.dir/C_/Program_Files/Raspberry_Pi/Pico_SDK_v1.5.1/pico-sdk/src/common/pico_time/time.c.obj
 *fill*         0x10007d22        0x2 
 .rodata.ph_add_child_node.str1.4
                0x10007d24       0xb2 HW6/CMakeFiles/HW6.dir/C_/Program_Files/Raspberry_Pi/Pico_SDK_v1.5.1/pico-sdk/src/common/pico_time/time.c.obj
 *fill*         0x10007dd6        0x2 
 .rodata.add_alarm_under_lock.str1.4
                0x10007dd8       0x28 HW6/CMakeFiles/HW6.dir/C_/Program_Files/Raspberry_Pi/Pico_SDK_v1.5.1/pico-sdk/src/common/pico_time/time.c.obj
                                 0x2b (size before relaxing)
 .rodata.alarm_pool_alarm_callback.str1.4
                0x10007e00       0x98 HW6/CMakeFiles/HW6.dir/C_/Program_Files/Raspberry_Pi/Pico_SDK_v1.5.1/pico-sdk/src/common/pico_time/time.c.obj
                                0x118 (size before relaxing)
 .rodata.alarm_pool_get_default.str1.4
                0x10007e98       0x21 HW6/CMakeFiles/HW6.dir/C_/Program_Files/Raspberry_Pi/Pico_SDK_v1.5.1/pico-sdk/src/common/pico_time/time.c.obj
 *fill*         0x10007eb9        0x3 
 .rodata.alarm_pool_cancel_alarm.str1.4
                0x10007ebc       0x27 HW6/CMakeFiles/HW6.dir/C_/Program_Files/Raspberry_Pi/Pico_SDK_v1.5.1/pico-sdk/src/common/pico_time/time.c.obj
 *fill*         0x10007ee3        0x1 
 .rodata.sleep_until.str1.4
                0x10007ee4       0x4d HW6/CMakeFiles/HW6.dir/C_/Program_Files/Raspberry_Pi/Pico_SDK_v1.5.1/pico-sdk/src/common/pico_time/time.c.obj
 *fill*         0x10007f31        0x3 
 .rodata.__func__.1
                0x10007f34       0x18 HW6/CMakeFiles/HW6.dir/C_/Program_Files/Raspberry_Pi/Pico_SDK_v1.5.1/pico-sdk/src/common/pico_time/time.c.obj
 .rodata.__func__.10
                0x10007f4c       0x15 HW6/CMakeFiles/HW6.dir/C_/Program_Files/Raspberry_Pi/Pico_SDK_v1.5.1/pico-sdk/src/common/pico_time/time.c.obj
 *fill*         0x10007f61        0x3 
 .rodata.__func__.11
                0x10007f64       0x1a HW6/CMakeFiles/HW6.dir/C_/Program_Files/Raspberry_Pi/Pico_SDK_v1.5.1/pico-sdk/src/common/pico_time/time.c.obj
 *fill*         0x10007f7e        0x2 
 .rodata.__func__.12
                0x10007f80        0xa HW6/CMakeFiles/HW6.dir/C_/Program_Files/Raspberry_Pi/Pico_SDK_v1.5.1/pico-sdk/src/common/pico_time/time.c.obj
 *fill*         0x10007f8a        0x2 
 .rodata.__func__.3
                0x10007f8c       0x17 HW6/CMakeFiles/HW6.dir/C_/Program_Files/Raspberry_Pi/Pico_SDK_v1.5.1/pico-sdk/src/common/pico_time/time.c.obj
 *fill*         0x10007fa3        0x1 
 .rodata.__func__.4
                0x10007fa4       0x12 HW6/CMakeFiles/HW6.dir/C_/Program_Files/Raspberry_Pi/Pico_SDK_v1.5.1/pico-sdk/src/common/pico_time/time.c.obj
 *fill*         0x10007fb6        0x2 
 .rodata.__func__.5
                0x10007fb8        0xd HW6/CMakeFiles/HW6.dir/C_/Program_Files/Raspberry_Pi/Pico_SDK_v1.5.1/pico-sdk/src/common/pico_time/time.c.obj
 *fill*         0x10007fc5        0x3 
 .rodata.__func__.6
                0x10007fc8       0x12 HW6/CMakeFiles/HW6.dir/C_/Program_Files/Raspberry_Pi/Pico_SDK_v1.5.1/pico-sdk/src/common/pico_time/time.c.obj
 *fill*         0x10007fda        0x2 
 .rodata.__func__.7
                0x10007fdc        0xf HW6/CMakeFiles/HW6.dir/C_/Program_Files/Raspberry_Pi/Pico_SDK_v1.5.1/pico-sdk/src/common/pico_time/time.c.obj
 *fill*         0x10007feb        0x1 
 .rodata.__func__.8
                0x10007fec        0xc HW6/CMakeFiles/HW6.dir/C_/Program_Files/Raspberry_Pi/Pico_SDK_v1.5.1/pico-sdk/src/common/pico_time/time.c.obj
 .rodata.__func__.9
                0x10007ff8       0x15 HW6/CMakeFiles/HW6.dir/C_/Program_Files/Raspberry_Pi/Pico_SDK_v1.5.1/pico-sdk/src/common/pico_time/time.c.obj
 *fill*         0x1000800d        0x3 
 .rodata.hardware_alarm_claim.str1.4
                0x10008010       0x22 HW6/CMakeFiles/HW6.dir/C_/Program_Files/Raspberry_Pi/Pico_SDK_v1.5.1/pico-sdk/src/rp2_common/hardware_timer/timer.c.obj
 *fill*         0x10008032        0x2 
 .rodata.hardware_alarm_set_target.str1.4
                0x10008034       0x81 HW6/CMakeFiles/HW6.dir/C_/Program_Files/Raspberry_Pi/Pico_SDK_v1.5.1/pico-sdk/src/rp2_common/hardware_timer/timer.c.obj
 *fill*         0x100080b5        0x3 
 .rodata.__func__.0
                0x100080b8       0x1a HW6/CMakeFiles/HW6.dir/C_/Program_Files/Raspberry_Pi/Pico_SDK_v1.5.1/pico-sdk/src/rp2_common/hardware_timer/timer.c.obj
 .rodata.ph_add_child_node.str1.4
                0x100080d2       0xb2 HW6/CMakeFiles/HW6.dir/C_/Program_Files/Raspberry_Pi/Pico_SDK_v1.5.1/pico-sdk/src/common/pico_util/pheap.c.obj
 *fill*         0x100080d2        0x2 
 .rodata.ph_remove_any_head.str1.4
                0x100080d4       0xa8 HW6/CMakeFiles/HW6.dir/C_/Program_Files/Raspberry_Pi/Pico_SDK_v1.5.1/pico-sdk/src/common/pico_util/pheap.c.obj
                                 0xbc (size before relaxing)
 .rodata.ph_remove_and_free_node.str1.4
                0x1000817c       0x1e HW6/CMakeFiles/HW6.dir/C_/Program_Files/Raspberry_Pi/Pico_SDK_v1.5.1/pico-sdk/src/common/pico_util/pheap.c.obj
                                 0x26 (size before relaxing)
 *fill*         0x1000819a        0x2 
 .rodata.__func__.0
                0x1000819c       0x18 HW6/CMakeFiles/HW6.dir/C_/Program_Files/Raspberry_Pi/Pico_SDK_v1.5.1/pico-sdk/src/common/pico_util/pheap.c.obj
 .rodata.__func__.1
                0x100081b4       0x13 HW6/CMakeFiles/HW6.dir/C_/Program_Files/Raspberry_Pi/Pico_SDK_v1.5.1/pico-sdk/src/common/pico_util/pheap.c.obj
 *fill*         0x100081c7        0x1 
 .rodata.__func__.2
                0x100081c8       0x12 HW6/CMakeFiles/HW6.dir/C_/Program_Files/Raspberry_Pi/Pico_SDK_v1.5.1/pico-sdk/src/common/pico_util/pheap.c.obj
 *fill*         0x100081da        0x2 
 .rodata.__func__.3
                0x100081dc        0xc HW6/CMakeFiles/HW6.dir/C_/Program_Files/Raspberry_Pi/Pico_SDK_v1.5.1/pico-sdk/src/common/pico_util/pheap.c.obj
 .rodata.clock_configure.str1.4
                0x100081e8       0x73 HW6/CMakeFiles/HW6.dir/C_/Program_Files/Raspberry_Pi/Pico_SDK_v1.5.1/pico-sdk/src/rp2_common/hardware_clocks/clocks.c.obj
 *fill*         0x1000825b        0x1 
 .rodata.__func__.1
                0x1000825c       0x10 HW6/CMakeFiles/HW6.dir/C_/Program_Files/Raspberry_Pi/Pico_SDK_v1.5.1/pico-sdk/src/rp2_common/hardware_clocks/clocks.c.obj
 .rodata.pll_init.str1.4
                0x1000826c      0x140 HW6/CMakeFiles/HW6.dir/C_/Program_Files/Raspberry_Pi/Pico_SDK_v1.5.1/pico-sdk/src/rp2_common/hardware_pll/pll.c.obj
 .rodata.__func__.0
                0x100083ac        0x9 HW6/CMakeFiles/HW6.dir/C_/Program_Files/Raspberry_Pi/Pico_SDK_v1.5.1/pico-sdk/src/rp2_common/hardware_pll/pll.c.obj
 *fill*         0x100083b5        0x3 
 .rodata.__assert_func.str1.4
                0x100083b8       0x3f HW6/CMakeFiles/HW6.dir/C_/Program_Files/Raspberry_Pi/Pico_SDK_v1.5.1/pico-sdk/src/rp2_common/pico_runtime/runtime.c.obj
                                 0x43 (size before relaxing)
 *fill*         0x100083f7        0x1 
 .rodata.runtime_init.str1.4
                0x100083f8       0x7d HW6/CMakeFiles/HW6.dir/C_/Program_Files/Raspberry_Pi/Pico_SDK_v1.5.1/pico-sdk/src/rp2_common/pico_runtime/runtime.c.obj
 *fill*         0x10008475        0x3 
 .rodata.panic.str1.4
                0x10008478       0x12 HW6/CMakeFiles/HW6.dir/C_/Program_Files/Raspberry_Pi/Pico_SDK_v1.5.1/pico-sdk/src/rp2_common/pico_runtime/runtime.c.obj
 *fill*         0x1000848a        0x2 
 .rodata.__func__.2
                0x1000848c        0xd HW6/CMakeFiles/HW6.dir/C_/Program_Files/Raspberry_Pi/Pico_SDK_v1.5.1/pico-sdk/src/rp2_common/pico_runtime/runtime.c.obj
 *fill*         0x10008499        0x3 
 .rodata._ftoa.str1.4
                0x1000849c       0x15 HW6/CMakeFiles/HW6.dir/C_/Program_Files/Raspberry_Pi/Pico_SDK_v1.5.1/pico-sdk/src/rp2_common/pico_printf/printf.c.obj
 *fill*         0x100084b1        0x3 
 .rodata._vsnprintf
                0x100084b4      0x1e0 HW6/CMakeFiles/HW6.dir/C_/Program_Files/Raspberry_Pi/Pico_SDK_v1.5.1/pico-sdk/src/rp2_common/pico_printf/printf.c.obj
 *fill*         0x10008694        0x4 
 .rodata.pow10.0
                0x10008698       0x50 HW6/CMakeFiles/HW6.dir/C_/Program_Files/Raspberry_Pi/Pico_SDK_v1.5.1/pico-sdk/src/rp2_common/pico_printf/printf.c.obj
 .rodata.__aeabi_double_init.str1.4
                0x100086e8       0xb8 HW6/CMakeFiles/HW6.dir/C_/Program_Files/Raspberry_Pi/Pico_SDK_v1.5.1/pico-sdk/src/rp2_common/pico_double/double_init_rom.c.obj
 .rodata.__func__.0
                0x100087a0       0x14 HW6/CMakeFiles/HW6.dir/C_/Program_Files/Raspberry_Pi/Pico_SDK_v1.5.1/pico-sdk/src/rp2_common/pico_double/double_init_rom.c.obj
 .rodata.__aeabi_float_init.str1.4
                0x100087b4       0x96 HW6/CMakeFiles/HW6.dir/C_/Program_Files/Raspberry_Pi/Pico_SDK_v1.5.1/pico-sdk/src/rp2_common/pico_float/float_init_rom.c.obj
                                 0x9a (size before relaxing)
 *fill*         0x1000884a        0x2 
 .rodata.__func__.0
                0x1000884c       0x13 HW6/CMakeFiles/HW6.dir/C_/Program_Files/Raspberry_Pi/Pico_SDK_v1.5.1/pico-sdk/src/rp2_common/pico_float/float_init_rom.c.obj
 *fill*         0x1000885f        0x1 
 .rodata.str1.4
                0x10008860       0x38 HW6/CMakeFiles/HW6.dir/C_/Program_Files/Raspberry_Pi/Pico_SDK_v1.5.1/pico-sdk/src/rp2_common/pico_standard_link/binary_info.c.obj
 .rodata.__bi_44
                0x10008898        0xc HW6/CMakeFiles/HW6.dir/C_/Program_Files/Raspberry_Pi/Pico_SDK_v1.5.1/pico-sdk/src/rp2_common/pico_standard_link/binary_info.c.obj
 .rodata.__bi_75
                0x100088a4        0xc HW6/CMakeFiles/HW6.dir/C_/Program_Files/Raspberry_Pi/Pico_SDK_v1.5.1/pico-sdk/src/rp2_common/pico_standard_link/binary_info.c.obj
 .rodata.__bi_81
                0x100088b0        0xc HW6/CMakeFiles/HW6.dir/C_/Program_Files/Raspberry_Pi/Pico_SDK_v1.5.1/pico-sdk/src/rp2_common/pico_standard_link/binary_info.c.obj
 .rodata.stdout_serialize_begin.str1.4
                0x100088bc       0x7d HW6/CMakeFiles/HW6.dir/C_/Program_Files/Raspberry_Pi/Pico_SDK_v1.5.1/pico-sdk/src/rp2_common/pico_stdio/stdio.c.obj
 .rodata.__func__.3
                0x100088bc       0x15 HW6/CMakeFiles/HW6.dir/C_/Program_Files/Raspberry_Pi/Pico_SDK_v1.5.1/pico-sdk/src/rp2_common/pico_stdio/stdio.c.obj
 *fill*         0x100088d1        0x3 
 .rodata.crlf_str.2
                0x100088d4        0x2 HW6/CMakeFiles/HW6.dir/C_/Program_Files/Raspberry_Pi/Pico_SDK_v1.5.1/pico-sdk/src/rp2_common/pico_stdio/stdio.c.obj
 *fill*         0x100088d6        0x2 
 .rodata._resetd_driver
                0x100088d8       0x18 HW6/CMakeFiles/HW6.dir/C_/Program_Files/Raspberry_Pi/Pico_SDK_v1.5.1/pico-sdk/src/rp2_common/pico_stdio_usb/reset_interface.c.obj
 .rodata.low_priority_worker_irq.str1.4
                0x100088f0       0x7d HW6/CMakeFiles/HW6.dir/C_/Program_Files/Raspberry_Pi/Pico_SDK_v1.5.1/pico-sdk/src/rp2_common/pico_stdio_usb/stdio_usb.c.obj
 .rodata.stdio_usb_init.str1.4
                0x100088f0       0x61 HW6/CMakeFiles/HW6.dir/C_/Program_Files/Raspberry_Pi/Pico_SDK_v1.5.1/pico-sdk/src/rp2_common/pico_stdio_usb/stdio_usb.c.obj
                                 0x69 (size before relaxing)
 *fill*         0x10008951        0x3 
 .rodata.str1.4
                0x10008954       0x13 HW6/CMakeFiles/HW6.dir/C_/Program_Files/Raspberry_Pi/Pico_SDK_v1.5.1/pico-sdk/src/rp2_common/pico_stdio_usb/stdio_usb.c.obj
 *fill*         0x10008967        0x1 
 .rodata.__bi_182.0
                0x10008968        0xc HW6/CMakeFiles/HW6.dir/C_/Program_Files/Raspberry_Pi/Pico_SDK_v1.5.1/pico-sdk/src/rp2_common/pico_stdio_usb/stdio_usb.c.obj
 .rodata.__func__.1
                0x10008974        0xf HW6/CMakeFiles/HW6.dir/C_/Program_Files/Raspberry_Pi/Pico_SDK_v1.5.1/pico-sdk/src/rp2_common/pico_stdio_usb/stdio_usb.c.obj
 *fill*         0x10008983        0x1 
 .rodata.__func__.3
                0x10008984       0x15 HW6/CMakeFiles/HW6.dir/C_/Program_Files/Raspberry_Pi/Pico_SDK_v1.5.1/pico-sdk/src/rp2_common/pico_stdio_usb/stdio_usb.c.obj
 *fill*         0x10008999        0x3 
 .rodata.str1.4
                0x1000899c       0x2a HW6/CMakeFiles/HW6.dir/C_/Program_Files/Raspberry_Pi/Pico_SDK_v1.5.1/pico-sdk/src/rp2_common/pico_stdio_usb/stdio_usb_descriptors.c.obj
 *fill*         0x100089c6        0x2 
 .rodata.usbd_desc_cfg
                0x100089c8       0x54 HW6/CMakeFiles/HW6.dir/C_/Program_Files/Raspberry_Pi/Pico_SDK_v1.5.1/pico-sdk/src/rp2_common/pico_stdio_usb/stdio_usb_descriptors.c.obj
 .rodata.usbd_desc_device
                0x10008a1c       0x12 HW6/CMakeFiles/HW6.dir/C_/Program_Files/Raspberry_Pi/Pico_SDK_v1.5.1/pico-sdk/src/rp2_common/pico_stdio_usb/stdio_usb_descriptors.c.obj
 *fill*         0x10008a2e        0x2 
 .rodata.usbd_desc_str
                0x10008a30       0x18 HW6/CMakeFiles/HW6.dir/C_/Program_Files/Raspberry_Pi/Pico_SDK_v1.5.1/pico-sdk/src/rp2_common/pico_stdio_usb/stdio_usb_descriptors.c.obj
 .rodata.pico_get_unique_board_id_string.str1.4
                0x10008a48       0x69 HW6/CMakeFiles/HW6.dir/C_/Program_Files/Raspberry_Pi/Pico_SDK_v1.5.1/pico-sdk/src/rp2_common/pico_unique_id/unique_id.c.obj
 *fill*         0x10008ab1        0x3 
 .rodata.__func__.0
                0x10008ab4       0x20 HW6/CMakeFiles/HW6.dir/C_/Program_Files/Raspberry_Pi/Pico_SDK_v1.5.1/pico-sdk/src/rp2_common/pico_unique_id/unique_id.c.obj
 .rodata.str1.4
                0x10008ad4      0x176 HW6/CMakeFiles/HW6.dir/C_/Program_Files/Raspberry_Pi/Pico_SDK_v1.5.1/pico-sdk/src/rp2_common/hardware_flash/flash.c.obj
 *fill*         0x10008c4a        0x2 
 .rodata.__func__.0
                0x10008c4c        0xd HW6/CMakeFiles/HW6.dir/C_/Program_Files/Raspberry_Pi/Pico_SDK_v1.5.1/pico-sdk/src/rp2_common/hardware_flash/flash.c.obj
 *fill*         0x10008c59        0x3 
 .rodata._hw_endpoint_alloc.str1.4
                0x10008c5c       0xd1 HW6/CMakeFiles/HW6.dir/C_/Program_Files/Raspberry_Pi/Pico_SDK_v1.5.1/pico-sdk/lib/tinyusb/src/portable/raspberrypi/rp2040/dcd_rp2040.c.obj
 *fill*         0x10008d2d        0x3 
 .rodata.str1.4
                0x10008d30       0x14 HW6/CMakeFiles/HW6.dir/C_/Program_Files/Raspberry_Pi/Pico_SDK_v1.5.1/pico-sdk/lib/tinyusb/src/portable/raspberrypi/rp2040/dcd_rp2040.c.obj
 .rodata.dcd_int_enable.str1.4
                0x10008d44        0xc HW6/CMakeFiles/HW6.dir/C_/Program_Files/Raspberry_Pi/Pico_SDK_v1.5.1/pico-sdk/lib/tinyusb/src/portable/raspberrypi/rp2040/dcd_rp2040.c.obj
 .rodata.__func__.0
                0x10008d50        0xe HW6/CMakeFiles/HW6.dir/C_/Program_Files/Raspberry_Pi/Pico_SDK_v1.5.1/pico-sdk/lib/tinyusb/src/portable/raspberrypi/rp2040/dcd_rp2040.c.obj
 *fill*         0x10008d5e        0x2 
 .rodata.__func__.1
                0x10008d60        0xe HW6/CMakeFiles/HW6.dir/C_/Program_Files/Raspberry_Pi/Pico_SDK_v1.5.1/pico-sdk/lib/tinyusb/src/portable/raspberrypi/rp2040/dcd_rp2040.c.obj
 *fill*         0x10008d6e        0x2 
 .rodata.__func__.3
                0x10008d70       0x10 HW6/CMakeFiles/HW6.dir/C_/Program_Files/Raspberry_Pi/Pico_SDK_v1.5.1/pico-sdk/lib/tinyusb/src/portable/raspberrypi/rp2040/dcd_rp2040.c.obj
 .rodata.__func__.5
                0x10008d80        0xf HW6/CMakeFiles/HW6.dir/C_/Program_Files/Raspberry_Pi/Pico_SDK_v1.5.1/pico-sdk/lib/tinyusb/src/portable/raspberrypi/rp2040/dcd_rp2040.c.obj
 *fill*         0x10008d8f        0x1 
 .rodata.__func__.6
                0x10008d90       0x13 HW6/CMakeFiles/HW6.dir/C_/Program_Files/Raspberry_Pi/Pico_SDK_v1.5.1/pico-sdk/lib/tinyusb/src/portable/raspberrypi/rp2040/dcd_rp2040.c.obj
 *fill*         0x10008da3        0x1 
 .rodata.__func__.7
                0x10008da4        0x9 HW6/CMakeFiles/HW6.dir/C_/Program_Files/Raspberry_Pi/Pico_SDK_v1.5.1/pico-sdk/lib/tinyusb/src/portable/raspberrypi/rp2040/dcd_rp2040.c.obj
 *fill*         0x10008dad        0x3 
 .rodata.str1.4
                0x10008db0      0x103 HW6/CMakeFiles/HW6.dir/C_/Program_Files/Raspberry_Pi/Pico_SDK_v1.5.1/pico-sdk/lib/tinyusb/src/portable/raspberrypi/rp2040/rp2040_usb.c.obj
 *fill*         0x10008eb3        0x1 
 .rodata.__func__.0
                0x10008eb4        0xf HW6/CMakeFiles/HW6.dir/C_/Program_Files/Raspberry_Pi/Pico_SDK_v1.5.1/pico-sdk/lib/tinyusb/src/portable/raspberrypi/rp2040/rp2040_usb.c.obj
 *fill*         0x10008ec3        0x1 
 .rodata.process_get_descriptor
                0x10008ec4       0x40 HW6/CMakeFiles/HW6.dir/C_/Program_Files/Raspberry_Pi/Pico_SDK_v1.5.1/pico-sdk/lib/tinyusb/src/device/usbd.c.obj
 .rodata.process_control_request
                0x10008f04       0x28 HW6/CMakeFiles/HW6.dir/C_/Program_Files/Raspberry_Pi/Pico_SDK_v1.5.1/pico-sdk/lib/tinyusb/src/device/usbd.c.obj
 .rodata.tud_task_ext
                0x10008f2c       0x24 HW6/CMakeFiles/HW6.dir/C_/Program_Files/Raspberry_Pi/Pico_SDK_v1.5.1/pico-sdk/lib/tinyusb/src/device/usbd.c.obj
 .rodata._usbd_driver
                0x10008f50       0x18 HW6/CMakeFiles/HW6.dir/C_/Program_Files/Raspberry_Pi/Pico_SDK_v1.5.1/pico-sdk/lib/tinyusb/src/device/usbd.c.obj
 .rodata.i2c_set_baudrate.str1.4
                0x10008f68       0x79 HW6/CMakeFiles/HW6.dir/C_/Program_Files/Raspberry_Pi/Pico_SDK_v1.5.1/pico-sdk/src/rp2_common/hardware_i2c/i2c.c.obj
 *fill*         0x10008fe1        0x3 
 .rodata.__func__.0
                0x10008fe4       0x11 HW6/CMakeFiles/HW6.dir/C_/Program_Files/Raspberry_Pi/Pico_SDK_v1.5.1/pico-sdk/src/rp2_common/hardware_i2c/i2c.c.obj
                0x10008ff8                . = ALIGN (0x4)
 *fill*         0x10008ff5        0x3 
 *(SORT_BY_ALIGNMENT(SORT_BY_NAME(.flashdata*)))
                0x10008ff8                . = ALIGN (0x4)

.ARM.extab
 *(.ARM.extab* .gnu.linkonce.armextab.*)
                0x10008ff8                __exidx_start = .

.ARM.exidx
 *(.ARM.exidx* .gnu.linkonce.armexidx.*)
                0x10008ff8                __exidx_end = .
                0x10008ff8                . = ALIGN (0x4)
                0x10008ff8                __binary_info_start = .

.binary_info    0x10008ff8       0x20
 *(.binary_info.keep.*)
 .binary_info.keep.__bi_ptr22
                0x10008ff8        0x4 HW6/CMakeFiles/HW6.dir/C_/Program_Files/Raspberry_Pi/Pico_SDK_v1.5.1/pico-sdk/src/rp2_common/pico_standard_link/binary_info.c.obj
 .binary_info.keep.__bi_ptr30
                0x10008ffc        0x4 HW6/CMakeFiles/HW6.dir/C_/Program_Files/Raspberry_Pi/Pico_SDK_v1.5.1/pico-sdk/src/rp2_common/pico_standard_link/binary_info.c.obj
 .binary_info.keep.__bi_ptr38
                0x10009000        0x4 HW6/CMakeFiles/HW6.dir/C_/Program_Files/Raspberry_Pi/Pico_SDK_v1.5.1/pico-sdk/src/rp2_common/pico_standard_link/binary_info.c.obj
 .binary_info.keep.__bi_ptr44
                0x10009004        0x4 HW6/CMakeFiles/HW6.dir/C_/Program_Files/Raspberry_Pi/Pico_SDK_v1.5.1/pico-sdk/src/rp2_common/pico_standard_link/binary_info.c.obj
 .binary_info.keep.__bi_ptr50
                0x10009008        0x4 HW6/CMakeFiles/HW6.dir/C_/Program_Files/Raspberry_Pi/Pico_SDK_v1.5.1/pico-sdk/src/rp2_common/pico_standard_link/binary_info.c.obj
 .binary_info.keep.__bi_ptr75
                0x1000900c        0x4 HW6/CMakeFiles/HW6.dir/C_/Program_Files/Raspberry_Pi/Pico_SDK_v1.5.1/pico-sdk/src/rp2_common/pico_standard_link/binary_info.c.obj
 .binary_info.keep.__bi_ptr81
                0x10009010        0x4 HW6/CMakeFiles/HW6.dir/C_/Program_Files/Raspberry_Pi/Pico_SDK_v1.5.1/pico-sdk/src/rp2_common/pico_standard_link/binary_info.c.obj
 *(.binary_info.*)
 .binary_info.__bi_ptr182
                0x10009014        0x4 HW6/CMakeFiles/HW6.dir/C_/Program_Files/Raspberry_Pi/Pico_SDK_v1.5.1/pico-sdk/src/rp2_common/pico_stdio_usb/stdio_usb.c.obj
                0x10009018                __binary_info_end = .

.rel.dyn        0x10009018        0x0
 .rel.iplt      0x10009018        0x0 c:/progra~1/raspbe~1/picosd~1.1/gcc-ar~1/bin/../lib/gcc/arm-none-eabi/10.3.1/thumb/v6-m/nofp/crtbegin.o
                0x10009018                . = ALIGN (0x4)

.ram_vector_table
                0x20000000       0xc0
 *(.ram_vector_table)
 .ram_vector_table
                0x20000000       0xc0 HW6/CMakeFiles/HW6.dir/C_/Program_Files/Raspberry_Pi/Pico_SDK_v1.5.1/pico-sdk/src/rp2_common/pico_runtime/runtime.c.obj
                0x20000000                ram_vector_table

.data           0x200000c0      0xbf8 load address 0x10009018
                0x200000c0                __data_start__ = .
 *(vtable)
 *(.time_critical*)
 .time_critical.mutex_try_enter
                0x200000c0       0x46 HW6/CMakeFiles/HW6.dir/C_/Program_Files/Raspberry_Pi/Pico_SDK_v1.5.1/pico-sdk/src/common/pico_sync/mutex.c.obj
                0x200000c0                mutex_try_enter
 *fill*         0x20000106        0x2 
 .time_critical.mutex_enter_block_until
                0x20000108       0x8c HW6/CMakeFiles/HW6.dir/C_/Program_Files/Raspberry_Pi/Pico_SDK_v1.5.1/pico-sdk/src/common/pico_sync/mutex.c.obj
                0x20000108                mutex_enter_block_until
 .time_critical.mutex_try_enter_block_until
                0x20000194       0x34 HW6/CMakeFiles/HW6.dir/C_/Program_Files/Raspberry_Pi/Pico_SDK_v1.5.1/pico-sdk/src/common/pico_sync/mutex.c.obj
                0x20000194                mutex_try_enter_block_until
 .time_critical.mutex_enter_timeout_ms
                0x200001c8       0x68 HW6/CMakeFiles/HW6.dir/C_/Program_Files/Raspberry_Pi/Pico_SDK_v1.5.1/pico-sdk/src/common/pico_sync/mutex.c.obj
                0x200001c8                mutex_enter_timeout_ms
 .time_critical.mutex_exit
                0x20000230       0x4c HW6/CMakeFiles/HW6.dir/C_/Program_Files/Raspberry_Pi/Pico_SDK_v1.5.1/pico-sdk/src/common/pico_sync/mutex.c.obj
                0x20000230                mutex_exit
 .time_critical.flash_init_boot2_copyout
                0x2000027c       0x30 HW6/CMakeFiles/HW6.dir/C_/Program_Files/Raspberry_Pi/Pico_SDK_v1.5.1/pico-sdk/src/rp2_common/hardware_flash/flash.c.obj
 .time_critical.flash_enable_xip_via_boot2
                0x200002ac       0x10 HW6/CMakeFiles/HW6.dir/C_/Program_Files/Raspberry_Pi/Pico_SDK_v1.5.1/pico-sdk/src/rp2_common/hardware_flash/flash.c.obj
 .time_critical.flash_cs_force
                0x200002bc       0x28 HW6/CMakeFiles/HW6.dir/C_/Program_Files/Raspberry_Pi/Pico_SDK_v1.5.1/pico-sdk/src/rp2_common/hardware_flash/flash.c.obj
 .time_critical.flash_do_cmd
                0x200002e4       0xd8 HW6/CMakeFiles/HW6.dir/C_/Program_Files/Raspberry_Pi/Pico_SDK_v1.5.1/pico-sdk/src/rp2_common/hardware_flash/flash.c.obj
                0x200002e4                flash_do_cmd